Archive member included to satisfy reference by file (symbol)

c:/program files (x86)/atmel/studio/7.0/toolchain/arm/arm-gnu-toolchain/bin/../lib/gcc/arm-none-eabi/6.3.1/thumb/v6-m\libgcc.a(_aeabi_uldivmod.o)
                              USART3.o (__aeabi_uldivmod)
c:/program files (x86)/atmel/studio/7.0/toolchain/arm/arm-gnu-toolchain/bin/../lib/gcc/arm-none-eabi/6.3.1/thumb/v6-m\libgcc.a(_udivmoddi4.o)
                              c:/program files (x86)/atmel/studio/7.0/toolchain/arm/arm-gnu-toolchain/bin/../lib/gcc/arm-none-eabi/6.3.1/thumb/v6-m\libgcc.a(_aeabi_uldivmod.o) (__udivmoddi4)
c:/program files (x86)/atmel/studio/7.0/toolchain/arm/arm-gnu-toolchain/bin/../lib/gcc/arm-none-eabi/6.3.1/thumb/v6-m\libgcc.a(_dvmd_tls.o)
                              c:/program files (x86)/atmel/studio/7.0/toolchain/arm/arm-gnu-toolchain/bin/../lib/gcc/arm-none-eabi/6.3.1/thumb/v6-m\libgcc.a(_aeabi_uldivmod.o) (__aeabi_ldiv0)
c:/program files (x86)/atmel/studio/7.0/toolchain/arm/arm-gnu-toolchain/bin/../lib/gcc/arm-none-eabi/6.3.1/thumb/v6-m\libgcc.a(_clzdi2.o)
                              c:/program files (x86)/atmel/studio/7.0/toolchain/arm/arm-gnu-toolchain/bin/../lib/gcc/arm-none-eabi/6.3.1/thumb/v6-m\libgcc.a(_udivmoddi4.o) (__clzdi2)
c:/program files (x86)/atmel/studio/7.0/toolchain/arm/arm-gnu-toolchain/bin/../lib/gcc/arm-none-eabi/6.3.1/thumb/v6-m\libgcc.a(_clzsi2.o)
                              c:/program files (x86)/atmel/studio/7.0/toolchain/arm/arm-gnu-toolchain/bin/../lib/gcc/arm-none-eabi/6.3.1/thumb/v6-m\libgcc.a(_clzdi2.o) (__clzsi2)
c:/program files (x86)/atmel/studio/7.0/toolchain/arm/arm-gnu-toolchain/bin/../lib/gcc/arm-none-eabi/6.3.1/../../../../arm-none-eabi/lib/thumb/v6-m\libc.a(lib_a-exit.o)
                              c:/program files (x86)/atmel/studio/7.0/toolchain/arm/arm-gnu-toolchain/bin/../lib/gcc/arm-none-eabi/6.3.1/../../../../arm-none-eabi/lib/thumb/v6-m/crt0.o (exit)
c:/program files (x86)/atmel/studio/7.0/toolchain/arm/arm-gnu-toolchain/bin/../lib/gcc/arm-none-eabi/6.3.1/../../../../arm-none-eabi/lib/thumb/v6-m\libc.a(lib_a-impure.o)
                              c:/program files (x86)/atmel/studio/7.0/toolchain/arm/arm-gnu-toolchain/bin/../lib/gcc/arm-none-eabi/6.3.1/../../../../arm-none-eabi/lib/thumb/v6-m\libc.a(lib_a-exit.o) (_global_impure_ptr)
c:/program files (x86)/atmel/studio/7.0/toolchain/arm/arm-gnu-toolchain/bin/../lib/gcc/arm-none-eabi/6.3.1/../../../../arm-none-eabi/lib/thumb/v6-m\libc.a(lib_a-init.o)
                              c:/program files (x86)/atmel/studio/7.0/toolchain/arm/arm-gnu-toolchain/bin/../lib/gcc/arm-none-eabi/6.3.1/../../../../arm-none-eabi/lib/thumb/v6-m/crt0.o (__libc_init_array)
c:/program files (x86)/atmel/studio/7.0/toolchain/arm/arm-gnu-toolchain/bin/../lib/gcc/arm-none-eabi/6.3.1/../../../../arm-none-eabi/lib/thumb/v6-m\libc.a(lib_a-memset.o)
                              c:/program files (x86)/atmel/studio/7.0/toolchain/arm/arm-gnu-toolchain/bin/../lib/gcc/arm-none-eabi/6.3.1/../../../../arm-none-eabi/lib/thumb/v6-m/crt0.o (memset)
c:/program files (x86)/atmel/studio/7.0/toolchain/arm/arm-gnu-toolchain/bin/../lib/gcc/arm-none-eabi/6.3.1/../../../../arm-none-eabi/lib/thumb/v6-m\libc.a(lib_a-__call_atexit.o)
                              c:/program files (x86)/atmel/studio/7.0/toolchain/arm/arm-gnu-toolchain/bin/../lib/gcc/arm-none-eabi/6.3.1/../../../../arm-none-eabi/lib/thumb/v6-m\libc.a(lib_a-exit.o) (__call_exitprocs)
c:/program files (x86)/atmel/studio/7.0/toolchain/arm/arm-gnu-toolchain/bin/../lib/gcc/arm-none-eabi/6.3.1/../../../../arm-none-eabi/lib/thumb/v6-m\libc.a(lib_a-atexit.o)
                              c:/program files (x86)/atmel/studio/7.0/toolchain/arm/arm-gnu-toolchain/bin/../lib/gcc/arm-none-eabi/6.3.1/../../../../arm-none-eabi/lib/thumb/v6-m\libc.a(lib_a-__call_atexit.o) (atexit)
c:/program files (x86)/atmel/studio/7.0/toolchain/arm/arm-gnu-toolchain/bin/../lib/gcc/arm-none-eabi/6.3.1/../../../../arm-none-eabi/lib/thumb/v6-m\libc.a(lib_a-fini.o)
                              c:/program files (x86)/atmel/studio/7.0/toolchain/arm/arm-gnu-toolchain/bin/../lib/gcc/arm-none-eabi/6.3.1/../../../../arm-none-eabi/lib/thumb/v6-m\libc.a(lib_a-__call_atexit.o) (__libc_fini_array)
c:/program files (x86)/atmel/studio/7.0/toolchain/arm/arm-gnu-toolchain/bin/../lib/gcc/arm-none-eabi/6.3.1/../../../../arm-none-eabi/lib/thumb/v6-m\libc.a(lib_a-lock.o)
                              c:/program files (x86)/atmel/studio/7.0/toolchain/arm/arm-gnu-toolchain/bin/../lib/gcc/arm-none-eabi/6.3.1/../../../../arm-none-eabi/lib/thumb/v6-m\libc.a(lib_a-__call_atexit.o) (__retarget_lock_acquire_recursive)
c:/program files (x86)/atmel/studio/7.0/toolchain/arm/arm-gnu-toolchain/bin/../lib/gcc/arm-none-eabi/6.3.1/../../../../arm-none-eabi/lib/thumb/v6-m\libc.a(lib_a-__atexit.o)
[...]
Memory Configuration

Name             Origin             Length             Attributes
rom              0x00000000         0x00040000         xr
ram              0x20000000         0x00008000         xrw
*default*        0x00000000         0xffffffff

Linker script and memory map

LOAD c:/program files (x86)/atmel/studio/7.0/toolchain/arm/arm-gnu-toolchain/bin/../lib/gcc/arm-none-eabi/6.3.1/thumb/v6-m/crti.o
LOAD c:/program files (x86)/atmel/studio/7.0/toolchain/arm/arm-gnu-toolchain/bin/../lib/gcc/arm-none-eabi/6.3.1/thumb/v6-m/crtbegin.o
LOAD c:/program files (x86)/atmel/studio/7.0/toolchain/arm/arm-gnu-toolchain/bin/../lib/gcc/arm-none-eabi/6.3.1/../../../../arm-none-eabi/lib/thumb/v6-m/crt0.o
LOAD app.o
LOAD clock.o
LOAD delay.o
LOAD Device_Startup/startup_samd21.o
LOAD Device_Startup/system_samd21.o
LOAD I2C1.o
LOAD main.o
LOAD USART3.o
START GROUP
LOAD c:/program files (x86)/atmel/studio/7.0/toolchain/arm/arm-gnu-toolchain/bin/../lib/gcc/arm-none-eabi/6.3.1/../../../../arm-none-eabi/lib/thumb/v6-m\libm.a
END GROUP
START GROUP
LOAD c:/program files (x86)/atmel/studio/7.0/toolchain/arm/arm-gnu-toolchain/bin/../lib/gcc/arm-none-eabi/6.3.1/thumb/v6-m\libgcc.a
LOAD c:/program files (x86)/atmel/studio/7.0/toolchain/arm/arm-gnu-toolchain/bin/../lib/gcc/arm-none-eabi/6.3.1/../../../../arm-none-eabi/lib/thumb/v6-m\libc.a
END GROUP
LOAD c:/program files (x86)/atmel/studio/7.0/toolchain/arm/arm-gnu-toolchain/bin/../lib/gcc/arm-none-eabi/6.3.1/thumb/v6-m/crtend.o
LOAD c:/program files (x86)/atmel/studio/7.0/toolchain/arm/arm-gnu-toolchain/bin/../lib/gcc/arm-none-eabi/6.3.1/thumb/v6-m/crtn.o
                0x00002000                STACK_SIZE = DEFINED (STACK_SIZE)?STACK_SIZE:DEFINED (__stack_size__)?__stack_size__:0x2000

.text           0x00000000      0xa8c
                0x00000000                . = ALIGN (0x4)
                0x00000000                _sfixed = .
 *(.vectors .vectors.*)
 .vectors       0x00000000       0xb4 Device_Startup/startup_samd21.o
                0x00000000                exception_table
 *(.text .text.* .gnu.linkonce.t.*)
 .text          0x000000b4       0x60 c:/program files (x86)/atmel/studio/7.0/toolchain/arm/arm-gnu-toolchain/bin/../lib/gcc/arm-none-eabi/6.3.1/thumb/v6-m/crtbegin.o
 .text.AppInit  0x00000114        0xc app.o
                0x00000114                AppInit
 .text.AppRun   0x00000120       0xc4 app.o
                0x00000120                AppRun
 .text.ClocksInit
                0x000001e4      0x10c clock.o
                0x000001e4                ClocksInit
 .text.delay_n_cycles
                0x000002f0        0xc delay.o
                0x000002f0                delay_n_cycles
 .text.Dummy_Handler
                0x000002fc        0x2 Device_Startup/startup_samd21.o
                0x000002fc                SVCall_Handler
                0x000002fc                DMAC_Handler
                0x000002fc                HardFault_Handler
                0x000002fc                AC_Handler
                0x000002fc                SysTick_Handler
                0x000002fc                PendSV_Handler
                0x000002fc                SERCOM1_Handler
                0x000002fc                ADC_Handler
                0x000002fc                NonMaskableInt_Handler
                0x000002fc                TCC1_Handler
                0x000002fc                SERCOM2_Handler
                0x000002fc                TCC0_Handler
                0x000002fc                RTC_Handler
                0x000002fc                EIC_Handler
                0x000002fc                WDT_Handler
                0x000002fc                TC4_Handler
                0x000002fc                USB_Handler
                0x000002fc                TC3_Handler
                0x000002fc                Dummy_Handler
                0x000002fc                PM_Handler
                0x000002fc                SERCOM5_Handler
                0x000002fc                TCC2_Handler
                0x000002fc                EVSYS_Handler
                0x000002fc                SERCOM3_Handler
                0x000002fc                SERCOM4_Handler
                0x000002fc                I2S_Handler
                0x000002fc                NVMCTRL_Handler
                0x000002fc                SERCOM0_Handler
                0x000002fc                DAC_Handler
                0x000002fc                PTC_Handler
                0x000002fc                TC5_Handler
                0x000002fc                SYSCTRL_Handler
 *fill*         0x000002fe        0x2 
 .text.Reset_Handler
                0x00000300       0xe4 Device_Startup/startup_samd21.o
                0x00000300                Reset_Handler
 .text.I2C1_init
                0x000003e4       0xa8 I2C1.o
                0x000003e4                I2C1_init
 .text.I2C1_write_byte
                0x0000048c       0x44 I2C1.o
                0x0000048c                I2C1_write_byte
 .text.I2C1_read_byte
                0x000004d0       0x68 I2C1.o
                0x000004d0                I2C1_read_byte
 .text.main     0x00000538       0x14 main.o
                0x00000538                main
 .text.UART3_Init
                0x0000054c       0xa8 USART3.o
                0x0000054c                UART3_Init
 .text.UART3_Write
                0x000005f4       0x18 USART3.o
                0x000005f4                UART3_Write
 .text.UART3_Write_Text
                0x0000060c       0x20 USART3.o
                0x0000060c                UART3_Write_Text
 .text          0x0000062c       0x40 c:/program files (x86)/atmel/studio/7.0/toolchain/arm/arm-gnu-toolchain/bin/../lib/gcc/arm-none-eabi/6.3.1/thumb/v6-m\libgcc.a(_aeabi_uldivmod.o)
                0x0000062c                __aeabi_uldivmod
 .text          0x0000066c      0x180 c:/program files (x86)/atmel/studio/7.0/toolchain/arm/arm-gnu-toolchain/bin/../lib/gcc/arm-none-eabi/6.3.1/thumb/v6-m\libgcc.a(_udivmoddi4.o)
                0x0000066c                __udivmoddi4
 .text          0x000007ec        0x4 c:/program files (x86)/atmel/studio/7.0/toolchain/arm/arm-gnu-toolchain/bin/../lib/gcc/arm-none-eabi/6.3.1/thumb/v6-m\libgcc.a(_dvmd_tls.o)
                0x000007ec                __aeabi_idiv0
                0x000007ec                __aeabi_ldiv0
 .text          0x000007f0       0x18 c:/program files (x86)/atmel/studio/7.0/toolchain/arm/arm-gnu-toolchain/bin/../lib/gcc/arm-none-eabi/6.3.1/thumb/v6-m\libgcc.a(_clzdi2.o)
                0x000007f0                __clzdi2
 .text          0x00000808       0x3c c:/program files (x86)/atmel/studio/7.0/toolchain/arm/arm-gnu-toolchain/bin/../lib/gcc/arm-none-eabi/6.3.1/thumb/v6-m\libgcc.a(_clzsi2.o)
                0x00000808                __clzsi2
 .text.__libc_init_array
                0x00000844       0x48 c:/program files (x86)/atmel/studio/7.0/toolchain/arm/arm-gnu-toolchain/bin/../lib/gcc/arm-none-eabi/6.3.1/../../../../arm-none-eabi/lib/thumb/v6-m\libc.a(lib_a-init.o)
                0x00000844                __libc_init_array
 .text.startup.register_fini
                0x0000088c       0x18 c:/program files (x86)/atmel/studio/7.0/toolchain/arm/arm-gnu-toolchain/bin/../lib/gcc/arm-none-eabi/6.3.1/../../../../arm-none-eabi/lib/thumb/v6-m\libc.a(lib_a-__call_atexit.o)
 .text.atexit   0x000008a4       0x10 c:/program files (x86)/atmel/studio/7.0/toolchain/arm/arm-gnu-toolchain/bin/../lib/gcc/arm-none-eabi/6.3.1/../../../../arm-none-eabi/lib/thumb/v6-m\libc.a(lib_a-atexit.o)
                0x000008a4                atexit
 .text.__libc_fini_array
                0x000008b4       0x34 c:/program files (x86)/atmel/studio/7.0/toolchain/arm/arm-gnu-toolchain/bin/../lib/gcc/arm-none-eabi/6.3.1/../../../../arm-none-eabi/lib/thumb/v6-m\libc.a(lib_a-fini.o)
                0x000008b4                __libc_fini_array
 .text.__retarget_lock_acquire_recursive
                0x000008e8        0x4 c:/program files (x86)/atmel/studio/7.0/toolchain/arm/arm-gnu-toolchain/bin/../lib/gcc/arm-none-eabi/6.3.1/../../../../arm-none-eabi/lib/thumb/v6-m\libc.a(lib_a-lock.o)
                0x000008e8                __retarget_lock_acquire_recursive
 .text.__retarget_lock_release_recursive
                0x000008ec        0x4 c:/program files (x86)/atmel/studio/7.0/toolchain/arm/arm-gnu-toolchain/bin/../lib/gcc/arm-none-eabi/6.3.1/../../../../arm-none-eabi/lib/thumb/v6-m\libc.a(lib_a-lock.o)
                0x000008ec                __retarget_lock_release_recursive
 .text.__register_exitproc
                0x000008f0       0xf4 c:/program files (x86)/atmel/studio/7.0/toolchain/arm/arm-gnu-toolchain/bin/../lib/gcc/arm-none-eabi/6.3.1/../../../../arm-none-eabi/lib/thumb/v6-m\libc.a(lib_a-__atexit.o)
                0x000008f0                __register_exitproc
 *(.glue_7t)
 .glue_7t       0x000009e4        0x0 linker stubs
 *(.glue_7)
 .glue_7        0x000009e4        0x0 linker stubs
 *(.rodata .rodata* .gnu.linkonce.r.*)
 .rodata.str1.4
                0x000009e4       0x80 app.o
                                 0x7e (size before relaxing)
 .rodata._global_impure_ptr
                0x00000a64        0x4 c:/program files (x86)/atmel/studio/7.0/toolchain/arm/arm-gnu-toolchain/bin/../lib/gcc/arm-none-eabi/6.3.1/../../../../arm-none-eabi/lib/thumb/v6-m\libc.a(lib_a-impure.o)
                0x00000a64                _global_impure_ptr
 *(.ARM.extab* .gnu.linkonce.armextab.*)
                0x00000a68                . = ALIGN (0x4)
 *(.init)
 .init          0x00000a68        0x4 c:/program files (x86)/atmel/studio/7.0/toolchain/arm/arm-gnu-toolchain/bin/../lib/gcc/arm-none-eabi/6.3.1/thumb/v6-m/crti.o
                0x00000a68                _init
 .init          0x00000a6c        0x8 c:/program files (x86)/atmel/studio/7.0/toolchain/arm/arm-gnu-toolchain/bin/../lib/gcc/arm-none-eabi/6.3.1/thumb/v6-m/crtn.o
                0x00000a74                . = ALIGN (0x4)
                0x00000a74                __preinit_array_start = .
 *(.preinit_array)
                0x00000a74                __preinit_array_end = .
                0x00000a74                . = ALIGN (0x4)
                0x00000a74                __init_array_start = .
 *(SORT(.init_array.*))
 .init_array.00000
                0x00000a74        0x4 c:/program files (x86)/atmel/studio/7.0/toolchain/arm/arm-gnu-toolchain/bin/../lib/gcc/arm-none-eabi/6.3.1/../../../../arm-none-eabi/lib/thumb/v6-m\libc.a(lib_a-__call_atexit.o)
 *(.init_array)
 .init_array    0x00000a78        0x4 c:/program files (x86)/atmel/studio/7.0/toolchain/arm/arm-gnu-toolchain/bin/../lib/gcc/arm-none-eabi/6.3.1/thumb/v6-m/crtbegin.o
                0x00000a7c                __init_array_end = .
                0x00000a7c                . = ALIGN (0x4)
 *crtbegin.o(.ctors)
 *(EXCLUDE_FILE(*crtend.o) .ctors)
 *(SORT(.ctors.*))
 *crtend.o(.ctors)
                0x00000a7c                . = ALIGN (0x4)
 *(.fini)
 .fini          0x00000a7c        0x4 c:/program files (x86)/atmel/studio/7.0/toolchain/arm/arm-gnu-toolchain/bin/../lib/gcc/arm-none-eabi/6.3.1/thumb/v6-m/crti.o
                0x00000a7c                _fini
 .fini          0x00000a80        0x8 c:/program files (x86)/atmel/studio/7.0/toolchain/arm/arm-gnu-toolchain/bin/../lib/gcc/arm-none-eabi/6.3.1/thumb/v6-m/crtn.o
                0x00000a88                . = ALIGN (0x4)
                0x00000a88                __fini_array_start = .
 *(.fini_array)
 .fini_array    0x00000a88        0x4 c:/program files (x86)/atmel/studio/7.0/toolchain/arm/arm-gnu-toolchain/bin/../lib/gcc/arm-none-eabi/6.3.1/thumb/v6-m/crtbegin.o
 *(SORT(.fini_array.*))
                0x00000a8c                __fini_array_end = .
 *crtbegin.o(.dtors)
 *(EXCLUDE_FILE(*crtend.o) .dtors)
 *(SORT(.dtors.*))
 *crtend.o(.dtors)
                0x00000a8c                . = ALIGN (0x4)
                0x00000a8c                _efixed = .
                [!provide]                PROVIDE (__exidx_start, .)

.vfp11_veneer   0x00000a8c        0x0
 .vfp11_veneer  0x00000a8c        0x0 linker stubs

.v4_bx          0x00000a8c        0x0
 .v4_bx         0x00000a8c        0x0 linker stubs

.iplt           0x00000a8c        0x0
 .iplt          0x00000a8c        0x0 c:/program files (x86)/atmel/studio/7.0/toolchain/arm/arm-gnu-toolchain/bin/../lib/gcc/arm-none-eabi/6.3.1/thumb/v6-m/crtbegin.o

.ARM.exidx      0x00000a8c        0x8
 *(.ARM.exidx* .gnu.linkonce.armexidx.*)
 .ARM.exidx     0x00000a8c        0x8 c:/program files (x86)/atmel/studio/7.0/toolchain/arm/arm-gnu-toolchain/bin/../lib/gcc/arm-none-eabi/6.3.1/thumb/v6-m\libgcc.a(_udivmoddi4.o)
                [!provide]                PROVIDE (__exidx_end, .)

.eh_frame       0x00000a94        0x0
 .eh_frame      0x00000a94        0x0 c:/program files (x86)/atmel/studio/7.0/toolchain/arm/arm-gnu-toolchain/bin/../lib/gcc/arm-none-eabi/6.3.1/thumb/v6-m/crtbegin.o

.rel.dyn        0x00000a94        0x0
 .rel.iplt      0x00000a94        0x0 c:/program files (x86)/atmel/studio/7.0/toolchain/arm/arm-gnu-toolchain/bin/../lib/gcc/arm-none-eabi/6.3.1/thumb/v6-m/crtbegin.o

.jcr            0x00000a94        0x0
 .jcr           0x00000a94        0x0 c:/program files (x86)/atmel/studio/7.0/toolchain/arm/arm-gnu-toolchain/bin/../lib/gcc/arm-none-eabi/6.3.1/thumb/v6-m/crtbegin.o

.igot.plt       0x00000a94        0x0
 .igot.plt      0x00000a94        0x0 c:/program files (x86)/atmel/studio/7.0/toolchain/arm/arm-gnu-toolchain/bin/../lib/gcc/arm-none-eabi/6.3.1/thumb/v6-m/crtbegin.o
                0x00000a94                . = ALIGN (0x4)
                0x00000a94                _etext = .

.relocate       0x20000000      0x42c load address 0x00000a94
                0x20000000                . = ALIGN (0x4)
                0x20000000                _srelocate = .
 *(.ramfunc .ramfunc.*)
 *(.data .data.*)
 .data.impure_data
                0x20000000      0x428 c:/program files (x86)/atmel/studio/7.0/toolchain/arm/arm-gnu-toolchain/bin/../lib/gcc/arm-none-eabi/6.3.1/../../../../arm-none-eabi/lib/thumb/v6-m\libc.a(lib_a-impure.o)
 .data.__atexit_recursive_mutex
                0x20000428        0x4 c:/program files (x86)/atmel/studio/7.0/toolchain/arm/arm-gnu-toolchain/bin/../lib/gcc/arm-none-eabi/6.3.1/../../../../arm-none-eabi/lib/thumb/v6-m\libc.a(lib_a-__call_atexit.o)
                0x20000428                __atexit_recursive_mutex
                0x2000042c                . = ALIGN (0x4)
                0x2000042c                _erelocate = .

.bss            0x2000042c       0x40 load address 0x00000ec0
                0x2000042c                . = ALIGN (0x4)
                0x2000042c                _sbss = .
                0x2000042c                _szero = .
 *(.bss .bss.*)
 .bss           0x2000042c       0x1c c:/program files (x86)/atmel/studio/7.0/toolchain/arm/arm-gnu-toolchain/bin/../lib/gcc/arm-none-eabi/6.3.1/thumb/v6-m/crtbegin.o
 *(COMMON)
 COMMON         0x20000448       0x21 c:/program files (x86)/atmel/studio/7.0/toolchain/arm/arm-gnu-toolchain/bin/../lib/gcc/arm-none-eabi/6.3.1/../../../../arm-none-eabi/lib/thumb/v6-m\libc.a(lib_a-lock.o)
                0x20000448                __lock___atexit_recursive_mutex
                0x2000044c                __lock___arc4random_mutex
                0x20000450                __lock___env_recursive_mutex
                0x20000454                __lock___sinit_recursive_mutex
                0x20000458                __lock___malloc_recursive_mutex
                0x2000045c                __lock___at_quick_exit_mutex
                0x20000460                __lock___dd_hash_mutex
                0x20000464                __lock___tz_mutex
                0x20000468                __lock___sfp_recursive_mutex
                0x2000046c                . = ALIGN (0x4)
 *fill*         0x20000469        0x3 
                0x2000046c                _ebss = .
                0x2000046c                _ezero = .

.stack          0x2000046c     0x2004 load address 0x00000f00
                0x20000470                . = ALIGN (0x8)
 *fill*         0x2000046c        0x4 
                0x20000470                _sstack = .
                0x20002470                . = (. + STACK_SIZE)
 *fill*         0x20000470     0x2000 
                0x20002470                . = ALIGN (0x8)
                0x20002470                _estack = .
                0x20002470                . = ALIGN (0x4)
                0x20002470                _end = .
OUTPUT(13_I2C.elf elf32-littlearm)

.ARM.attributes
                0x00000000       0x28
 .ARM.attributes
                0x00000000       0x1e c:/program files (x86)/atmel/studio/7.0/toolchain/arm/arm-gnu-toolchain/bin/../lib/gcc/arm-none-eabi/6.3.1/thumb/v6-m/crti.o
 .ARM.attributes
                0x0000001e       0x2c c:/program files (x86)/atmel/studio/7.0/toolchain/arm/arm-gnu-toolchain/bin/../lib/gcc/arm-none-eabi/6.3.1/thumb/v6-m/crtbegin.o
 .ARM.attributes
                0x0000004a       0x32 app.o
 .ARM.attributes
                0x0000007c       0x32 clock.o
 .ARM.attributes
                0x000000ae       0x32 delay.o
 .ARM.attributes
                0x000000e0       0x32 Device_Startup/startup_samd21.o
 .ARM.attributes
                0x00000112       0x32 I2C1.o
 .ARM.attributes
                0x00000144       0x32 main.o
 .ARM.attributes
                0x00000176       0x32 USART3.o
 .ARM.attributes
                0x000001a8       0x1e c:/program files (x86)/atmel/studio/7.0/toolchain/arm/arm-gnu-toolchain/bin/../lib/gcc/arm-none-eabi/6.3.1/thumb/v6-m\libgcc.a(_aeabi_uldivmod.o)
 .ARM.attributes
                0x000001c6       0x2c c:/program files (x86)/atmel/studio/7.0/toolchain/arm/arm-gnu-toolchain/bin/../lib/gcc/arm-none-eabi/6.3.1/thumb/v6-m\libgcc.a(_udivmoddi4.o)
 .ARM.attributes
                0x000001f2       0x1e c:/program files (x86)/atmel/studio/7.0/toolchain/arm/arm-gnu-toolchain/bin/../lib/gcc/arm-none-eabi/6.3.1/thumb/v6-m\libgcc.a(_dvmd_tls.o)
 .ARM.attributes
                0x00000210       0x1e c:/program files (x86)/atmel/studio/7.0/toolchain/arm/arm-gnu-toolchain/bin/../lib/gcc/arm-none-eabi/6.3.1/thumb/v6-m\libgcc.a(_clzdi2.o)
 .ARM.attributes
                0x0000022e       0x1e c:/program files (x86)/atmel/studio/7.0/toolchain/arm/arm-gnu-toolchain/bin/../lib/gcc/arm-none-eabi/6.3.1/thumb/v6-m\libgcc.a(_clzsi2.o)
 .ARM.attributes
                0x0000024c       0x2c c:/program files (x86)/atmel/studio/7.0/toolchain/arm/arm-gnu-toolchain/bin/../lib/gcc/arm-none-eabi/6.3.1/../../../../arm-none-eabi/lib/thumb/v6-m\libc.a(lib_a-impure.o)
 .ARM.attributes
                0x00000278       0x2c c:/program files (x86)/atmel/studio/7.0/toolchain/arm/arm-gnu-toolchain/bin/../lib/gcc/arm-none-eabi/6.3.1/../../../../arm-none-eabi/lib/thumb/v6-m\libc.a(lib_a-init.o)
 .ARM.attributes
                0x000002a4       0x2c c:/program files (x86)/atmel/studio/7.0/toolchain/arm/arm-gnu-toolchain/bin/../lib/gcc/arm-none-eabi/6.3.1/../../../../arm-none-eabi/lib/thumb/v6-m\libc.a(lib_a-__call_atexit.o)
 .ARM.attributes
                0x000002d0       0x2c c:/program files (x86)/atmel/studio/7.0/toolchain/arm/arm-gnu-toolchain/bin/../lib/gcc/arm-none-eabi/6.3.1/../../../../arm-none-eabi/lib/thumb/v6-m\libc.a(lib_a-atexit.o)
 .ARM.attributes
                0x000002fc       0x2c c:/program files (x86)/atmel/studio/7.0/toolchain/arm/arm-gnu-toolchain/bin/../lib/gcc/arm-none-eabi/6.3.1/../../../../arm-none-eabi/lib/thumb/v6-m\libc.a(lib_a-fini.o)
 .ARM.attributes
                0x00000328       0x2c c:/program files (x86)/atmel/studio/7.0/toolchain/arm/arm-gnu-toolchain/bin/../lib/gcc/arm-none-eabi/6.3.1/../../../../arm-none-eabi/lib/thumb/v6-m\libc.a(lib_a-lock.o)
 .ARM.attributes
                0x00000354       0x2c c:/program files (x86)/atmel/studio/7.0/toolchain/arm/arm-gnu-toolchain/bin/../lib/gcc/arm-none-eabi/6.3.1/../../../../arm-none-eabi/lib/thumb/v6-m\libc.a(lib_a-__atexit.o)
 .ARM.attributes
                0x00000380       0x1e c:/program files (x86)/atmel/studio/7.0/toolchain/arm/arm-gnu-toolchain/bin/../lib/gcc/arm-none-eabi/6.3.1/thumb/v6-m/crtn.o

.comment        0x00000000       0x59
 .comment       0x00000000       0x59 app.o
                                 0x5a (size before relaxing)
 .comment       0x00000059       0x5a clock.o
 .comment       0x00000059       0x5a delay.o
 .comment       0x00000059       0x5a Device_Startup/startup_samd21.o
 .comment       0x00000059       0x5a I2C1.o
 .comment       0x00000059       0x5a main.o
 .comment       0x00000059       0x5a USART3.o

.debug_info     0x00000000     0xbe1e
 .debug_info    0x00000000      0x326 app.o
 .debug_info    0x00000326     0x2799 clock.o
 .debug_info    0x00002abf       0x5a delay.o
 .debug_info    0x00002b19     0x3a28 Device_Startup/startup_samd21.o
 .debug_info    0x00006541     0x2fe8 I2C1.o
 .debug_info    0x00009529       0xe9 main.o
 .debug_info    0x00009612     0x280c USART3.o

.debug_abbrev   0x00000000      0x926
 .debug_abbrev  0x00000000       0xd1 app.o
 .debug_abbrev  0x000000d1      0x188 clock.o
 .debug_abbrev  0x00000259       0x4d delay.o
 .debug_abbrev  0x000002a6      0x234 Device_Startup/startup_samd21.o
 .debug_abbrev  0x000004da      0x1b8 I2C1.o
 .debug_abbrev  0x00000692       0x86 main.o
 .debug_abbrev  0x00000718      0x20e USART3.o

.debug_loc      0x00000000      0x3cf
 .debug_loc     0x00000000       0x6c app.o
 .debug_loc     0x0000006c       0x6b clock.o
 .debug_loc     0x000000d7       0x40 Device_Startup/startup_samd21.o
 .debug_loc     0x00000117      0x139 I2C1.o
 .debug_loc     0x00000250       0x20 main.o
 .debug_loc     0x00000270      0x15f USART3.o

.debug_aranges  0x00000000      0x120
 .debug_aranges
                0x00000000       0x28 app.o
 .debug_aranges
                0x00000028       0x20 clock.o
 .debug_aranges
                0x00000048       0x20 delay.o
 .debug_aranges
                0x00000068       0x28 Device_Startup/startup_samd21.o
 .debug_aranges
                0x00000090       0x30 I2C1.o
 .debug_aranges
                0x000000c0       0x20 main.o
 .debug_aranges
                0x000000e0       0x40 USART3.o

.debug_ranges   0x00000000       0xb0
 .debug_ranges  0x00000000       0x18 app.o
 .debug_ranges  0x00000018       0x10 clock.o
 .debug_ranges  0x00000028       0x10 delay.o
 .debug_ranges  0x00000038       0x18 Device_Startup/startup_samd21.o
 .debug_ranges  0x00000050       0x20 I2C1.o
 .debug_ranges  0x00000070       0x10 main.o
 .debug_ranges  0x00000080       0x30 USART3.o

.debug_macro    0x00000000    0x11a5d
 .debug_macro   0x00000000      0x345 app.o
 .debug_macro   0x00000345      0x8b0 app.o
 .debug_macro   0x00000bf5       0x22 app.o
 .debug_macro   0x00000c17       0x87 app.o
 .debug_macro   0x00000c9e       0x51 app.o
 .debug_macro   0x00000cef       0xef app.o
 .debug_macro   0x00000dde       0x6a app.o
 .debug_macro   0x00000e48      0x1df app.o
 .debug_macro   0x00001027       0x39 app.o
 .debug_macro   0x00001060       0x1c app.o
 .debug_macro   0x0000107c       0x22 app.o
 .debug_macro   0x0000109e       0xb5 app.o
 .debug_macro   0x00001153      0x3ad app.o
 .debug_macro   0x00001500      0x67e app.o
 .debug_macro   0x00001b7e      0x8b1 app.o
 .debug_macro   0x0000242f      0x22e app.o
 .debug_macro   0x0000265d      0xd5c app.o
 .debug_macro   0x000033b9      0x4dc app.o
 .debug_macro   0x00003895      0x9f6 app.o
 .debug_macro   0x0000428b      0x82b app.o
 .debug_macro   0x00004ab6      0x45f app.o
 .debug_macro   0x00004f15       0x5e app.o
 .debug_macro   0x00004f73      0x8f9 app.o
 .debug_macro   0x0000586c      0x21c app.o
 .debug_macro   0x00005a88      0x735 app.o
 .debug_macro   0x000061bd       0x5e app.o
 .debug_macro   0x0000621b      0x632 app.o
 .debug_macro   0x0000684d      0x3ac app.o
 .debug_macro   0x00006bf9      0xc76 app.o
 .debug_macro   0x0000786f     0x1092 app.o
 .debug_macro   0x00008901      0xc4a app.o
 .debug_macro   0x0000954b      0x6ba app.o
 .debug_macro   0x00009c05     0x1b3d app.o
 .debug_macro   0x0000b742     0x143c app.o
 .debug_macro   0x0000cb7e      0x340 app.o
 .debug_macro   0x0000cebe       0x7c app.o
 .debug_macro   0x0000cf3a       0xa0 app.o
 .debug_macro   0x0000cfda       0x4c app.o
 .debug_macro   0x0000d026       0xca app.o
 .debug_macro   0x0000d0f0       0x94 app.o
 .debug_macro   0x0000d184       0x58 app.o
 .debug_macro   0x0000d1dc      0x341 app.o
 .debug_macro   0x0000d51d       0x82 app.o
 .debug_macro   0x0000d59f      0x189 app.o
 .debug_macro   0x0000d728       0xb8 app.o
 .debug_macro   0x0000d7e0       0xa0 app.o
 .debug_macro   0x0000d880       0xb2 app.o
 .debug_macro   0x0000d932       0x1c app.o
 .debug_macro   0x0000d94e       0x1c app.o
 .debug_macro   0x0000d96a       0x1c app.o
 .debug_macro   0x0000d986       0x7c app.o
 .debug_macro   0x0000da02      0x15a app.o
 .debug_macro   0x0000db5c       0x10 app.o
 .debug_macro   0x0000db6c       0xdc app.o
 .debug_macro   0x0000dc48      0x124 app.o
 .debug_macro   0x0000dd6c      0x124 app.o
 .debug_macro   0x0000de90      0x124 app.o
 .debug_macro   0x0000dfb4      0x124 app.o
 .debug_macro   0x0000e0d8      0x124 app.o
 .debug_macro   0x0000e1fc      0x124 app.o
 .debug_macro   0x0000e320      0x124 app.o
 .debug_macro   0x0000e444       0xe2 app.o
 .debug_macro   0x0000e526       0xe2 app.o
 .debug_macro   0x0000e608       0xe2 app.o
 .debug_macro   0x0000e6ea      0x12a app.o
 .debug_macro   0x0000e814      0x100 app.o
 .debug_macro   0x0000e914       0xf4 app.o
 .debug_macro   0x0000ea08      0x40f app.o
 .debug_macro   0x0000ee17       0x40 app.o
 .debug_macro   0x0000ee57      0x376 app.o
 .debug_macro   0x0000f1cd     0x17df app.o
 .debug_macro   0x000109ac       0x6d app.o
 .debug_macro   0x00010a19       0x64 app.o
 .debug_macro   0x00010a7d       0x22 app.o
 .debug_macro   0x00010a9f       0x40 app.o
 .debug_macro   0x00010adf      0x30f clock.o
 .debug_macro   0x00010dee       0x1a delay.o
 .debug_macro   0x00010e08      0x2fc Device_Startup/startup_samd21.o
 .debug_macro   0x00011104      0x319 I2C1.o
 .debug_macro   0x0001141d      0x30f main.o
 .debug_macro   0x0001172c      0x331 USART3.o

.debug_line     0x00000000     0x2b79
 .debug_line    0x00000000      0x737 app.o
 .debug_line    0x00000737      0x740 clock.o
 .debug_line    0x00000e77       0x49 delay.o
 .debug_line    0x00000ec0      0x6f7 Device_Startup/startup_samd21.o
 .debug_line    0x000015b7      0x785 I2C1.o
 .debug_line    0x00001d3c      0x6d8 main.o
 .debug_line    0x00002414      0x765 USART3.o

.debug_str      0x00000000    0x6f202
 .debug_str     0x00000000    0x6d201 app.o
                              0x6d53b (size before relaxing)
 .debug_str     0x0006d201      0xa02 clock.o
                              0x6dc59 (size before relaxing)
 .debug_str     0x0006dc03        0xd delay.o
                               0x2718 (size before relaxing)
 .debug_str     0x0006dc10      0xf44 Device_Startup/startup_samd21.o
                              0x6e1e1 (size before relaxing)
 .debug_str     0x0006eb54      0x64b I2C1.o
                              0x6dd55 (size before relaxing)
 .debug_str     0x0006f19f        0xc main.o
                              0x6d1e2 (size before relaxing)
 .debug_str     0x0006f1ab       0x57 USART3.o
                              0x6dde4 (size before relaxing)

.debug_frame    0x00000000      0x3b8
 .debug_frame   0x00000000       0x48 app.o
 .debug_frame   0x00000048       0x20 clock.o
 .debug_frame   0x00000068       0x20 delay.o
 .debug_frame   0x00000088       0x40 Device_Startup/startup_samd21.o
 .debug_frame   0x000000c8       0x54 I2C1.o
 .debug_frame   0x0000011c       0x28 main.o
 .debug_frame   0x00000144       0x78 USART3.o
 .debug_frame   0x000001bc       0x3c c:/program files (x86)/atmel/studio/7.0/toolchain/arm/arm-gnu-toolchain/bin/../lib/gcc/arm-none-eabi/6.3.1/thumb/v6-m\libgcc.a(_udivmoddi4.o)
 .debug_frame   0x000001f8       0x2c c:/program files (x86)/atmel/studio/7.0/toolchain/arm/arm-gnu-toolchain/bin/../lib/gcc/arm-none-eabi/6.3.1/../../../../arm-none-eabi/lib/thumb/v6-m\libc.a(lib_a-init.o)
 .debug_frame   0x00000224       0x54 c:/program files (x86)/atmel/studio/7.0/toolchain/arm/arm-gnu-toolchain/bin/../lib/gcc/arm-none-eabi/6.3.1/../../../../arm-none-eabi/lib/thumb/v6-m\libc.a(lib_a-__call_atexit.o)
 .debug_frame   0x00000278       0x28 c:/program files (x86)/atmel/studio/7.0/toolchain/arm/arm-gnu-toolchain/bin/../lib/gcc/arm-none-eabi/6.3.1/../../../../arm-none-eabi/lib/thumb/v6-m\libc.a(lib_a-atexit.o)
 .debug_frame   0x000002a0       0x2c c:/program files (x86)/atmel/studio/7.0/toolchain/arm/arm-gnu-toolchain/bin/../lib/gcc/arm-none-eabi/6.3.1/../../../../arm-none-eabi/lib/thumb/v6-m\libc.a(lib_a-fini.o)
 .debug_frame   0x000002cc       0xb0 c:/program files (x86)/atmel/studio/7.0/toolchain/arm/arm-gnu-toolchain/bin/../lib/gcc/arm-none-eabi/6.3.1/../../../../arm-none-eabi/lib/thumb/v6-m\libc.a(lib_a-lock.o)
 .debug_frame   0x0000037c       0x3c c:/program files (x86)/atmel/studio/7.0/toolchain/arm/arm-gnu-toolchain/bin/../lib/gcc/arm-none-eabi/6.3.1/../../../../arm-none-eabi/lib/thumb/v6-m\libc.a(lib_a-__atexit.o)
