Archive member included to satisfy reference by file (symbol)

c:/program files (x86)/atmel/studio/7.0/toolchain/arm/arm-gnu-toolchain/bin/../lib/gcc/arm-none-eabi/6.3.1/thumb/v6-m\libgcc.a(_aeabi_uldivmod.o)
                              USART3.o (__aeabi_uldivmod)
c:/program files (x86)/atmel/studio/7.0/toolchain/arm/arm-gnu-toolchain/bin/../lib/gcc/arm-none-eabi/6.3.1/thumb/v6-m\libgcc.a(_udivmoddi4.o)
                              c:/program files (x86)/atmel/studio/7.0/toolchain/arm/arm-gnu-toolchain/bin/../lib/gcc/arm-none-eabi/6.3.1/thumb/v6-m\libgcc.a(_aeabi_uldivmod.o) (__udivmoddi4)
c:/program files (x86)/atmel/studio/7.0/toolchain/arm/arm-gnu-toolchain/bin/../lib/gcc/arm-none-eabi/6.3.1/thumb/v6-m\libgcc.a(_dvmd_tls.o)
                              c:/program files (x86)/atmel/studio/7.0/toolchain/arm/arm-gnu-toolchain/bin/../lib/gcc/arm-none-eabi/6.3.1/thumb/v6-m\libgcc.a(_aeabi_uldivmod.o) (__aeabi_ldiv0)
c:/program files (x86)/atmel/studio/7.0/toolchain/arm/arm-gnu-toolchain/bin/../lib/gcc/arm-none-eabi/6.3.1/thumb/v6-m\libgcc.a(_clzdi2.o)
                              c:/program files (x86)/atmel/studio/7.0/toolchain/arm/arm-gnu-toolchain/bin/../lib/gcc/arm-none-eabi/6.3.1/thumb/v6-m\libgcc.a(_udivmoddi4.o) (__clzdi2)
c:/program files (x86)/atmel/studio/7.0/toolchain/arm/arm-gnu-toolchain/bin/../lib/gcc/arm-none-eabi/6.3.1/thumb/v6-m\libgcc.a(_clzsi2.o)
                              c:/program files (x86)/atmel/studio/7.0/toolchain/arm/arm-gnu-toolchain/bin/../lib/gcc/arm-none-eabi/6.3.1/thumb/v6-m\libgcc.a(_clzdi2.o) (__clzsi2)
c:/program files (x86)/atmel/studio/7.0/toolchain/arm/arm-gnu-toolchain/bin/../lib/gcc/arm-none-eabi/6.3.1/../../../../arm-none-eabi/lib/thumb/v6-m\libc.a(lib_a-exit.o)
                              c:/program files (x86)/atmel/studio/7.0/toolchain/arm/arm-gnu-toolchain/bin/../lib/gcc/arm-none-eabi/6.3.1/../../../../arm-none-eabi/lib/thumb/v6-m/crt0.o (exit)
c:/program files (x86)/atmel/studio/7.0/toolchain/arm/arm-gnu-toolchain/bin/../lib/gcc/arm-none-eabi/6.3.1/../../../../arm-none-eabi/lib/thumb/v6-m\libc.a(lib_a-impure.o)
                              c:/program files (x86)/atmel/studio/7.0/toolchain/arm/arm-gnu-toolchain/bin/../lib/gcc/arm-none-eabi/6.3.1/../../../../arm-none-eabi/lib/thumb/v6-m\libc.a(lib_a-exit.o) (_global_impure_ptr)
c:/program files (x86)/atmel/studio/7.0/toolchain/arm/arm-gnu-toolchain/bin/../lib/gcc/arm-none-eabi/6.3.1/../../../../arm-none-eabi/lib/thumb/v6-m\libc.a(lib_a-init.o)
                              c:/program files (x86)/atmel/studio/7.0/toolchain/arm/arm-gnu-toolchain/bin/../lib/gcc/arm-none-eabi/6.3.1/../../../../arm-none-eabi/lib/thumb/v6-m/crt0.o (__libc_init_array)
c:/program files (x86)/atmel/studio/7.0/toolchain/arm/arm-gnu-toolchain/bin/../lib/gcc/arm-none-eabi/6.3.1/../../../../arm-none-eabi/lib/thumb/v6-m\libc.a(lib_a-memset.o)
                              c:/program files (x86)/atmel/studio/7.0/toolchain/arm/arm-gnu-toolchain/bin/../lib/gcc/arm-none-eabi/6.3.1/../../../../arm-none-eabi/lib/thumb/v6-m/crt0.o (memset)
c:/program files (x86)/atmel/studio/7.0/toolchain/arm/arm-gnu-toolchain/bin/../lib/gcc/arm-none-eabi/6.3.1/../../../../arm-none-eabi/lib/thumb/v6-m\libc.a(lib_a-__call_atexit.o)
                              c:/program files (x86)/atmel/studio/7.0/toolchain/arm/arm-gnu-toolchain/bin/../lib/gcc/arm-none-eabi/6.3.1/../../../../arm-none-eabi/lib/thumb/v6-m\libc.a(lib_a-exit.o) (__call_exitprocs)
c:/program files (x86)/atmel/studio/7.0/toolchain/arm/arm-gnu-toolchain/bin/../lib/gcc/arm-none-eabi/6.3.1/../../../../arm-none-eabi/lib/thumb/v6-m\libc.a(lib_a-atexit.o)
                              c:/program files (x86)/atmel/studio/7.0/toolchain/arm/arm-gnu-toolchain/bin/../lib/gcc/arm-none-eabi/6.3.1/../../../../arm-none-eabi/lib/thumb/v6-m\libc.a(lib_a-__call_atexit.o) (atexit)
c:/program files (x86)/atmel/studio/7.0/toolchain/arm/arm-gnu-toolchain/bin/../lib/gcc/arm-none-eabi/6.3.1/../../../../arm-none-eabi/lib/thumb/v6-m\libc.a(lib_a-fini.o)
                              c:/program files (x86)/atmel/studio/7.0/toolchain/arm/arm-gnu-toolchain/bin/../lib/gcc/arm-none-eabi/6.3.1/../../../../arm-none-eabi/lib/thumb/v6-m\libc.a(lib_a-__call_atexit.o) (__libc_fini_array)
c:/program files (x86)/atmel/studio/7.0/toolchain/arm/arm-gnu-toolchain/bin/../lib/gcc/arm-none-eabi/6.3.1/../../../../arm-none-eabi/lib/thumb/v6-m\libc.a(lib_a-lock.o)
                              c:/program files (x86)/atmel/studio/7.0/toolchain/arm/arm-gnu-toolchain/bin/../lib/gcc/arm-none-eabi/6.3.1/../../../../arm-none-eabi/lib/thumb/v6-m\libc.a(lib_a-__call_atexit.o) (__retarget_lock_acquire_recursive)
c:/program files (x86)/atmel/studio/7.0/toolchain/arm/arm-gnu-toolchain/bin/../lib/gcc/arm-none-eabi/6.3.1/../../../../arm-none-eabi/lib/thumb/v6-m\libc.a(lib_a-__atexit.o)
                              c:/program files (x86)/atmel/studio/7.0/toolchain/arm/arm-gnu-toolchain/bin/../lib/gcc/arm-none-eabi/6.3.1/../../../../arm-none-eabi/lib/thumb/v6-m\libc.a(lib_a-atexit.o) (__register_exitproc)

Allocating common symbols
Common symbol       size              file

__lock___atexit_recursive_mutex
                    0x1               c:/program files (x86)/atmel/studio/7.0/toolchain/arm/arm-gnu-toolchain/bin/../lib/gcc/arm-none-eabi/6.3.1/../../../../arm-none-eabi/lib/thumb/v6-m\libc.a(lib_a-lock.o)
__lock___arc4random_mutex
                    0x1               c:/program files (x86)/atmel/studio/7.0/toolchain/arm/arm-gnu-toolchain/bin/../lib/gcc/arm-none-eabi/6.3.1/../../../../arm-none-eabi/lib/thumb/v6-m\libc.a(lib_a-lock.o)
__lock___env_recursive_mutex
                    0x1               c:/program files (x86)/atmel/studio/7.0/toolchain/arm/arm-gnu-toolchain/bin/../lib/gcc/arm-none-eabi/6.3.1/../../../../arm-none-eabi/lib/thumb/v6-m\libc.a(lib_a-lock.o)
__lock___sinit_recursive_mutex
                    0x1               c:/program files (x86)/atmel/studio/7.0/toolchain/arm/arm-gnu-toolchain/bin/../lib/gcc/arm-none-eabi/6.3.1/../../../../arm-none-eabi/lib/thumb/v6-m\libc.a(lib_a-lock.o)
__lock___malloc_recursive_mutex
                    0x1               c:/program files (x86)/atmel/studio/7.0/toolchain/arm/arm-gnu-toolchain/bin/../lib/gcc/arm-none-eabi/6.3.1/../../../../arm-none-eabi/lib/thumb/v6-m\libc.a(lib_a-lock.o)
__lock___at_quick_exit_mutex
                    0x1               c:/program files (x86)/atmel/studio/7.0/toolchain/arm/arm-gnu-toolchain/bin/../lib/gcc/arm-none-eabi/6.3.1/../../../../arm-none-eabi/lib/thumb/v6-m\libc.a(lib_a-lock.o)
__lock___dd_hash_mutex
                    0x1               c:/program files (x86)/atmel/studio/7.0/toolchain/arm/arm-gnu-toolchain/bin/../lib/gcc/arm-none-eabi/6.3.1/../../../../arm-none-eabi/lib/thumb/v6-m\libc.a(lib_a-lock.o)
__lock___tz_mutex   0x1               c:/program files (x86)/atmel/studio/7.0/toolchain/arm/arm-gnu-toolchain/bin/../lib/gcc/arm-none-eabi/6.3.1/../../../../arm-none-eabi/lib/thumb/v6-m\libc.a(lib_a-lock.o)
__lock___sfp_recursive_mutex
                    0x1               c:/program files (x86)/atmel/studio/7.0/toolchain/arm/arm-gnu-toolchain/bin/../lib/gcc/arm-none-eabi/6.3.1/../../../../arm-none-eabi/lib/thumb/v6-m\libc.a(lib_a-lock.o)

Discarded input sections

 .text          0x00000000        0x0 c:/program files (x86)/atmel/studio/7.0/toolchain/arm/arm-gnu-toolchain/bin/../lib/gcc/arm-none-eabi/6.3.1/thumb/v6-m/crti.o
 .data          0x00000000        0x0 c:/program files (x86)/atmel/studio/7.0/toolchain/arm/arm-gnu-toolchain/bin/../lib/gcc/arm-none-eabi/6.3.1/thumb/v6-m/crti.o
 .bss           0x00000000        0x0 c:/program files (x86)/atmel/studio/7.0/toolchain/arm/arm-gnu-toolchain/bin/../lib/gcc/arm-none-eabi/6.3.1/thumb/v6-m/crti.o
 .data          0x00000000        0x4 c:/program files (x86)/atmel/studio/7.0/toolchain/arm/arm-gnu-toolchain/bin/../lib/gcc/arm-none-eabi/6.3.1/thumb/v6-m/crtbegin.o
 .text          0x00000000       0x78 c:/program files (x86)/atmel/studio/7.0/toolchain/arm/arm-gnu-toolchain/bin/../lib/gcc/arm-none-eabi/6.3.1/../../../../arm-none-eabi/lib/thumb/v6-m/crt0.o
 .data          0x00000000        0x0 c:/program files (x86)/atmel/studio/7.0/toolchain/arm/arm-gnu-toolchain/bin/../lib/gcc/arm-none-eabi/6.3.1/../../../../arm-none-eabi/lib/thumb/v6-m/crt0.o
 .bss           0x00000000        0x0 c:/program files (x86)/atmel/studio/7.0/toolchain/arm/arm-gnu-toolchain/bin/../lib/gcc/arm-none-eabi/6.3.1/../../../../arm-none-eabi/lib/thumb/v6-m/crt0.o
 .ARM.extab     0x00000000        0x0 c:/program files (x86)/atmel/studio/7.0/toolchain/arm/arm-gnu-toolchain/bin/../lib/gcc/arm-none-eabi/6.3.1/../../../../arm-none-eabi/lib/thumb/v6-m/crt0.o
 .ARM.exidx     0x00000000        0x8 c:/program files (x86)/atmel/studio/7.0/toolchain/arm/arm-gnu-toolchain/bin/../lib/gcc/arm-none-eabi/6.3.1/../../../../arm-none-eabi/lib/thumb/v6-m/crt0.o
 .ARM.attributes
                0x00000000       0x1b c:/program files (x86)/atmel/studio/7.0/toolchain/arm/arm-gnu-toolchain/bin/../lib/gcc/arm-none-eabi/6.3.1/../../../../arm-none-eabi/lib/thumb/v6-m/crt0.o
 .group         0x00000000        0x8 app.o
 .group         0x00000000        0x8 app.o
 .group         0x00000000        0x8 app.o
 .group         0x00000000        0x8 app.o
 .group         0x00000000        0x8 app.o
 .group         0x00000000        0x8 app.o
 .group         0x00000000        0x8 app.o
 .group         0x00000000        0x8 app.o
 .group         0x00000000        0x8 app.o
 .group         0x00000000        0x8 app.o
 .group         0x00000000        0x8 app.o
 .group         0x00000000        0x8 app.o
 .group         0x00000000        0x8 app.o
 .group         0x00000000        0x8 app.o
 .group         0x00000000        0x8 app.o
 .group         0x00000000        0x8 app.o
 .group         0x00000000        0x8 app.o
 .group         0x00000000        0x8 app.o
 .group         0x00000000        0x8 app.o
 .group         0x00000000        0x8 app.o
 .group         0x00000000        0x8 app.o
 .group         0x00000000        0x8 app.o
 .group         0x00000000        0x8 app.o
 .group         0x00000000        0x8 app.o
 .group         0x00000000        0x8 app.o
 .group         0x00000000        0x8 app.o
 .group         0x00000000        0x8 app.o
 .group         0x00000000        0x8 app.o
 .group         0x00000000        0x8 app.o
 .group         0x00000000        0x8 app.o
 .group         0x00000000        0x8 app.o
 .group         0x00000000        0x8 app.o
 .group         0x00000000        0x8 app.o
 .group         0x00000000        0x8 app.o
 .group         0x00000000        0x8 app.o
 .group         0x00000000        0x8 app.o
 .group         0x00000000        0x8 app.o
 .group         0x00000000        0x8 app.o
 .group         0x00000000        0x8 app.o
 .group         0x00000000        0x8 app.o
 .group         0x00000000        0x8 app.o
 .group         0x00000000        0x8 app.o
 .group         0x00000000        0x8 app.o
 .group         0x00000000        0x8 app.o
 .group         0x00000000        0x8 app.o
 .group         0x00000000        0x8 app.o
 .group         0x00000000        0x8 app.o
 .group         0x00000000        0x8 app.o
 .group         0x00000000        0x8 app.o
 .group         0x00000000        0x8 app.o
 .group         0x00000000        0x8 app.o
 .group         0x00000000        0x8 app.o
 .group         0x00000000        0x8 app.o
 .group         0x00000000        0x8 app.o
 .group         0x00000000        0x8 app.o
 .group         0x00000000        0x8 app.o
 .group         0x00000000        0x8 app.o
 .group         0x00000000        0x8 app.o
 .group         0x00000000        0x8 app.o
 .group         0x00000000        0x8 app.o
 .group         0x00000000        0x8 app.o
 .group         0x00000000        0x8 app.o
 .group         0x00000000        0x8 app.o
 .group         0x00000000        0x8 app.o
 .group         0x00000000        0x8 app.o
 .group         0x00000000        0x8 app.o
 .group         0x00000000        0x8 app.o
 .group         0x00000000        0x8 app.o
 .group         0x00000000        0x8 app.o
 .group         0x00000000        0x8 app.o
 .group         0x00000000        0x8 app.o
 .group         0x00000000        0x8 app.o
 .group         0x00000000        0x8 app.o
 .group         0x00000000        0x8 app.o
 .text          0x00000000        0x0 app.o
 .data          0x00000000        0x0 app.o
 .bss           0x00000000        0x0 app.o
 .group         0x00000000        0x8 clock.o
 .group         0x00000000        0x8 clock.o
 .group         0x00000000        0x8 clock.o
 .group         0x00000000        0x8 clock.o
 .group         0x00000000        0x8 clock.o
 .group         0x00000000        0x8 clock.o
 .group         0x00000000        0x8 clock.o
 .group         0x00000000        0x8 clock.o
 .group         0x00000000        0x8 clock.o
 .group         0x00000000        0x8 clock.o
 .group         0x00000000        0x8 clock.o
 .group         0x00000000        0x8 clock.o
 .group         0x00000000        0x8 clock.o
 .group         0x00000000        0x8 clock.o
 .group         0x00000000        0x8 clock.o
 .group         0x00000000        0x8 clock.o
 .group         0x00000000        0x8 clock.o
 .group         0x00000000        0x8 clock.o
 .group         0x00000000        0x8 clock.o
 .group         0x00000000        0x8 clock.o
 .group         0x00000000        0x8 clock.o
 .group         0x00000000        0x8 clock.o
 .group         0x00000000        0x8 clock.o
 .group         0x00000000        0x8 clock.o
 .group         0x00000000        0x8 clock.o
 .group         0x00000000        0x8 clock.o
 .group         0x00000000        0x8 clock.o
 .group         0x00000000        0x8 clock.o
 .group         0x00000000        0x8 clock.o
 .group         0x00000000        0x8 clock.o
 .group         0x00000000        0x8 clock.o
 .group         0x00000000        0x8 clock.o
 .group         0x00000000        0x8 clock.o
 .group         0x00000000        0x8 clock.o
 .group         0x00000000        0x8 clock.o
 .group         0x00000000        0x8 clock.o
 .group         0x00000000        0x8 clock.o
 .group         0x00000000        0x8 clock.o
 .group         0x00000000        0x8 clock.o
 .group         0x00000000        0x8 clock.o
 .group         0x00000000        0x8 clock.o
 .group         0x00000000        0x8 clock.o
 .group         0x00000000        0x8 clock.o
 .group         0x00000000        0x8 clock.o
 .group         0x00000000        0x8 clock.o
 .group         0x00000000        0x8 clock.o
 .group         0x00000000        0x8 clock.o
 .group         0x00000000        0x8 clock.o
 .group         0x00000000        0x8 clock.o
 .group         0x00000000        0x8 clock.o
 .group         0x00000000        0x8 clock.o
 .group         0x00000000        0x8 clock.o
 .group         0x00000000        0x8 clock.o
 .group         0x00000000        0x8 clock.o
 .group         0x00000000        0x8 clock.o
 .group         0x00000000        0x8 clock.o
 .group         0x00000000        0x8 clock.o
 .group         0x00000000        0x8 clock.o
 .group         0x00000000        0x8 clock.o
 .group         0x00000000        0x8 clock.o
 .group         0x00000000        0x8 clock.o
 .group         0x00000000        0x8 clock.o
 .group         0x00000000        0x8 clock.o
 .group         0x00000000        0x8 clock.o
 .group         0x00000000        0x8 clock.o
 .group         0x00000000        0x8 clock.o
 .group         0x00000000        0x8 clock.o
 .group         0x00000000        0x8 clock.o
 .group         0x00000000        0x8 clock.o
 .group         0x00000000        0x8 clock.o
 .group         0x00000000        0x8 clock.o
 .group         0x00000000        0x8 clock.o
 .text          0x00000000        0x0 clock.o
 .data          0x00000000        0x0 clock.o
 .bss           0x00000000        0x0 clock.o
 .debug_macro   0x00000000      0x8b0 clock.o
 .debug_macro   0x00000000       0x22 clock.o
 .debug_macro   0x00000000       0x87 clock.o
 .debug_macro   0x00000000       0x51 clock.o
 .debug_macro   0x00000000       0xef clock.o
 .debug_macro   0x00000000       0x6a clock.o
 .debug_macro   0x00000000      0x1df clock.o
 .debug_macro   0x00000000       0x39 clock.o
 .debug_macro   0x00000000       0x1c clock.o
 .debug_macro   0x00000000       0x22 clock.o
 .debug_macro   0x00000000       0xb5 clock.o
 .debug_macro   0x00000000      0x3ad clock.o
 .debug_macro   0x00000000      0x67e clock.o
 .debug_macro   0x00000000      0x8b1 clock.o
 .debug_macro   0x00000000      0x22e clock.o
 .debug_macro   0x00000000      0xd5c clock.o
 .debug_macro   0x00000000      0x4dc clock.o
 .debug_macro   0x00000000      0x9f6 clock.o
 .debug_macro   0x00000000      0x82b clock.o
 .debug_macro   0x00000000      0x45f clock.o
 .debug_macro   0x00000000       0x5e clock.o
 .debug_macro   0x00000000      0x8f9 clock.o
 .debug_macro   0x00000000      0x21c clock.o
 .debug_macro   0x00000000      0x735 clock.o
 .debug_macro   0x00000000       0x5e clock.o
 .debug_macro   0x00000000      0x632 clock.o
 .debug_macro   0x00000000      0x3ac clock.o
 .debug_macro   0x00000000      0xc76 clock.o
 .debug_macro   0x00000000     0x1092 clock.o
 .debug_macro   0x00000000      0xc4a clock.o
 .debug_macro   0x00000000      0x6ba clock.o
 .debug_macro   0x00000000     0x1b3d clock.o
 .debug_macro   0x00000000     0x143c clock.o
 .debug_macro   0x00000000      0x340 clock.o
 .debug_macro   0x00000000       0x7c clock.o
 .debug_macro   0x00000000       0xa0 clock.o
 .debug_macro   0x00000000       0x4c clock.o
 .debug_macro   0x00000000       0xca clock.o
 .debug_macro   0x00000000       0x94 clock.o
 .debug_macro   0x00000000       0x58 clock.o
 .debug_macro   0x00000000      0x341 clock.o
 .debug_macro   0x00000000       0x82 clock.o
 .debug_macro   0x00000000      0x189 clock.o
 .debug_macro   0x00000000       0xb8 clock.o
 .debug_macro   0x00000000       0xa0 clock.o
 .debug_macro   0x00000000       0xb2 clock.o
 .debug_macro   0x00000000       0x1c clock.o
 .debug_macro   0x00000000       0x1c clock.o
 .debug_macro   0x00000000       0x1c clock.o
 .debug_macro   0x00000000       0x7c clock.o
 .debug_macro   0x00000000      0x15a clock.o
 .debug_macro   0x00000000       0x10 clock.o
 .debug_macro   0x00000000       0xdc clock.o
 .debug_macro   0x00000000      0x124 clock.o
 .debug_macro   0x00000000      0x124 clock.o
 .debug_macro   0x00000000      0x124 clock.o
 .debug_macro   0x00000000      0x124 clock.o
 .debug_macro   0x00000000      0x124 clock.o
 .debug_macro   0x00000000      0x124 clock.o
 .debug_macro   0x00000000      0x124 clock.o
 .debug_macro   0x00000000       0xe2 clock.o
 .debug_macro   0x00000000       0xe2 clock.o
 .debug_macro   0x00000000       0xe2 clock.o
 .debug_macro   0x00000000      0x12a clock.o
 .debug_macro   0x00000000      0x100 clock.o
 .debug_macro   0x00000000       0xf4 clock.o
 .debug_macro   0x00000000      0x40f clock.o
 .debug_macro   0x00000000       0x40 clock.o
 .debug_macro   0x00000000      0x376 clock.o
 .debug_macro   0x00000000     0x17df clock.o
 .debug_macro   0x00000000       0x6d clock.o
 .debug_macro   0x00000000       0x64 clock.o
 .group         0x00000000        0x8 delay.o
 .group         0x00000000        0x8 delay.o
 .text          0x00000000        0x0 delay.o
 .data          0x00000000        0x0 delay.o
 .bss           0x00000000        0x0 delay.o
 .debug_macro   0x00000000      0x8b0 delay.o
 .debug_macro   0x00000000       0x40 delay.o
 .group         0x00000000        0x8 Device_Startup/startup_samd21.o
 .group         0x00000000        0x8 Device_Startup/startup_samd21.o
 .group         0x00000000        0x8 Device_Startup/startup_samd21.o
 .group         0x00000000        0x8 Device_Startup/startup_samd21.o
 .group         0x00000000        0x8 Device_Startup/startup_samd21.o
 .group         0x00000000        0x8 Device_Startup/startup_samd21.o
 .group         0x00000000        0x8 Device_Startup/startup_samd21.o
 .group         0x00000000        0x8 Device_Startup/startup_samd21.o
 .group         0x00000000        0x8 Device_Startup/startup_samd21.o
 .group         0x00000000        0x8 Device_Startup/startup_samd21.o
 .group         0x00000000        0x8 Device_Startup/startup_samd21.o
 .group         0x00000000        0x8 Device_Startup/startup_samd21.o
 .group         0x00000000        0x8 Device_Startup/startup_samd21.o
 .group         0x00000000        0x8 Device_Startup/startup_samd21.o
 .group         0x00000000        0x8 Device_Startup/startup_samd21.o
 .group         0x00000000        0x8 Device_Startup/startup_samd21.o
 .group         0x00000000        0x8 Device_Startup/startup_samd21.o
 .group         0x00000000        0x8 Device_Startup/startup_samd21.o
 .group         0x00000000        0x8 Device_Startup/startup_samd21.o
 .group         0x00000000        0x8 Device_Startup/startup_samd21.o
 .group         0x00000000        0x8 Device_Startup/startup_samd21.o
 .group         0x00000000        0x8 Device_Startup/startup_samd21.o
 .group         0x00000000        0x8 Device_Startup/startup_samd21.o
 .group         0x00000000        0x8 Device_Startup/startup_samd21.o
 .group         0x00000000        0x8 Device_Startup/startup_samd21.o
 .group         0x00000000        0x8 Device_Startup/startup_samd21.o
 .group         0x00000000        0x8 Device_Startup/startup_samd21.o
 .group         0x00000000        0x8 Device_Startup/startup_samd21.o
 .group         0x00000000        0x8 Device_Startup/startup_samd21.o
 .group         0x00000000        0x8 Device_Startup/startup_samd21.o
 .group         0x00000000        0x8 Device_Startup/startup_samd21.o
 .group         0x00000000        0x8 Device_Startup/startup_samd21.o
 .group         0x00000000        0x8 Device_Startup/startup_samd21.o
 .group         0x00000000        0x8 Device_Startup/startup_samd21.o
 .group         0x00000000        0x8 Device_Startup/startup_samd21.o
 .group         0x00000000        0x8 Device_Startup/startup_samd21.o
 .group         0x00000000        0x8 Device_Startup/startup_samd21.o
 .group         0x00000000        0x8 Device_Startup/startup_samd21.o
 .group         0x00000000        0x8 Device_Startup/startup_samd21.o
 .group         0x00000000        0x8 Device_Startup/startup_samd21.o
 .group         0x00000000        0x8 Device_Startup/startup_samd21.o
 .group         0x00000000        0x8 Device_Startup/startup_samd21.o
 .group         0x00000000        0x8 Device_Startup/startup_samd21.o
 .group         0x00000000        0x8 Device_Startup/startup_samd21.o
 .group         0x00000000        0x8 Device_Startup/startup_samd21.o
 .group         0x00000000        0x8 Device_Startup/startup_samd21.o
 .group         0x00000000        0x8 Device_Startup/startup_samd21.o
 .group         0x00000000        0x8 Device_Startup/startup_samd21.o
 .group         0x00000000        0x8 Device_Startup/startup_samd21.o
 .group         0x00000000        0x8 Device_Startup/startup_samd21.o
 .group         0x00000000        0x8 Device_Startup/startup_samd21.o
 .group         0x00000000        0x8 Device_Startup/startup_samd21.o
 .group         0x00000000        0x8 Device_Startup/startup_samd21.o
 .group         0x00000000        0x8 Device_Startup/startup_samd21.o
 .group         0x00000000        0x8 Device_Startup/startup_samd21.o
 .group         0x00000000        0x8 Device_Startup/startup_samd21.o
 .group         0x00000000        0x8 Device_Startup/startup_samd21.o
 .group         0x00000000        0x8 Device_Startup/startup_samd21.o
 .group         0x00000000        0x8 Device_Startup/startup_samd21.o
 .group         0x00000000        0x8 Device_Startup/startup_samd21.o
 .group         0x00000000        0x8 Device_Startup/startup_samd21.o
 .group         0x00000000        0x8 Device_Startup/startup_samd21.o
 .group         0x00000000        0x8 Device_Startup/startup_samd21.o
 .group         0x00000000        0x8 Device_Startup/startup_samd21.o
 .group         0x00000000        0x8 Device_Startup/startup_samd21.o
 .group         0x00000000        0x8 Device_Startup/startup_samd21.o
 .group         0x00000000        0x8 Device_Startup/startup_samd21.o
 .group         0x00000000        0x8 Device_Startup/startup_samd21.o
 .group         0x00000000        0x8 Device_Startup/startup_samd21.o
 .group         0x00000000        0x8 Device_Startup/startup_samd21.o
 .group         0x00000000        0x8 Device_Startup/startup_samd21.o
 .text          0x00000000        0x0 Device_Startup/startup_samd21.o
 .data          0x00000000        0x0 Device_Startup/startup_samd21.o
 .bss           0x00000000        0x0 Device_Startup/startup_samd21.o
 .debug_macro   0x00000000      0x8b0 Device_Startup/startup_samd21.o
 .debug_macro   0x00000000       0x22 Device_Startup/startup_samd21.o
 .debug_macro   0x00000000       0x87 Device_Startup/startup_samd21.o
 .debug_macro   0x00000000       0x51 Device_Startup/startup_samd21.o
 .debug_macro   0x00000000       0xef Device_Startup/startup_samd21.o
 .debug_macro   0x00000000       0x6a Device_Startup/startup_samd21.o
 .debug_macro   0x00000000      0x1df Device_Startup/startup_samd21.o
 .debug_macro   0x00000000       0x39 Device_Startup/startup_samd21.o
 .debug_macro   0x00000000       0x1c Device_Startup/startup_samd21.o
 .debug_macro   0x00000000       0x22 Device_Startup/startup_samd21.o
 .debug_macro   0x00000000       0xb5 Device_Startup/startup_samd21.o
 .debug_macro   0x00000000      0x3ad Device_Startup/startup_samd21.o
 .debug_macro   0x00000000      0x67e Device_Startup/startup_samd21.o
 .debug_macro   0x00000000      0x8b1 Device_Startup/startup_samd21.o
 .debug_macro   0x00000000      0x22e Device_Startup/startup_samd21.o
 .debug_macro   0x00000000      0xd5c Device_Startup/startup_samd21.o
 .debug_macro   0x00000000      0x4dc Device_Startup/startup_samd21.o
 .debug_macro   0x00000000      0x9f6 Device_Startup/startup_samd21.o
 .debug_macro   0x00000000      0x82b Device_Startup/startup_samd21.o
 .debug_macro   0x00000000      0x45f Device_Startup/startup_samd21.o
 .debug_macro   0x00000000       0x5e Device_Startup/startup_samd21.o
 .debug_macro   0x00000000      0x8f9 Device_Startup/startup_samd21.o
 .debug_macro   0x00000000      0x21c Device_Startup/startup_samd21.o
 .debug_macro   0x00000000      0x735 Device_Startup/startup_samd21.o
 .debug_macro   0x00000000       0x5e Device_Startup/startup_samd21.o
 .debug_macro   0x00000000      0x632 Device_Startup/startup_samd21.o
 .debug_macro   0x00000000      0x3ac Device_Startup/startup_samd21.o
 .debug_macro   0x00000000      0xc76 Device_Startup/startup_samd21.o
 .debug_macro   0x00000000     0x1092 Device_Startup/startup_samd21.o
 .debug_macro   0x00000000      0xc4a Device_Startup/startup_samd21.o
 .debug_macro   0x00000000      0x6ba Device_Startup/startup_samd21.o
 .debug_macro   0x00000000     0x1b3d Device_Startup/startup_samd21.o
 .debug_macro   0x00000000     0x143c Device_Startup/startup_samd21.o
 .debug_macro   0x00000000      0x340 Device_Startup/startup_samd21.o
 .debug_macro   0x00000000       0x7c Device_Startup/startup_samd21.o
 .debug_macro   0x00000000       0xa0 Device_Startup/startup_samd21.o
 .debug_macro   0x00000000       0x4c Device_Startup/startup_samd21.o
 .debug_macro   0x00000000       0xca Device_Startup/startup_samd21.o
 .debug_macro   0x00000000       0x94 Device_Startup/startup_samd21.o
 .debug_macro   0x00000000       0x58 Device_Startup/startup_samd21.o
 .debug_macro   0x00000000      0x341 Device_Startup/startup_samd21.o
 .debug_macro   0x00000000       0x82 Device_Startup/startup_samd21.o
 .debug_macro   0x00000000      0x189 Device_Startup/startup_samd21.o
 .debug_macro   0x00000000       0xb8 Device_Startup/startup_samd21.o
 .debug_macro   0x00000000       0xa0 Device_Startup/startup_samd21.o
 .debug_macro   0x00000000       0xb2 Device_Startup/startup_samd21.o
 .debug_macro   0x00000000       0x1c Device_Startup/startup_samd21.o
 .debug_macro   0x00000000       0x1c Device_Startup/startup_samd21.o
 .debug_macro   0x00000000       0x1c Device_Startup/startup_samd21.o
 .debug_macro   0x00000000       0x7c Device_Startup/startup_samd21.o
 .debug_macro   0x00000000      0x15a Device_Startup/startup_samd21.o
 .debug_macro   0x00000000       0x10 Device_Startup/startup_samd21.o
 .debug_macro   0x00000000       0xdc Device_Startup/startup_samd21.o
 .debug_macro   0x00000000      0x124 Device_Startup/startup_samd21.o
 .debug_macro   0x00000000      0x124 Device_Startup/startup_samd21.o
 .debug_macro   0x00000000      0x124 Device_Startup/startup_samd21.o
 .debug_macro   0x00000000      0x124 Device_Startup/startup_samd21.o
 .debug_macro   0x00000000      0x124 Device_Startup/startup_samd21.o
 .debug_macro   0x00000000      0x124 Device_Startup/startup_samd21.o
 .debug_macro   0x00000000      0x124 Device_Startup/startup_samd21.o
 .debug_macro   0x00000000       0xe2 Device_Startup/startup_samd21.o
 .debug_macro   0x00000000       0xe2 Device_Startup/startup_samd21.o
 .debug_macro   0x00000000       0xe2 Device_Startup/startup_samd21.o
 .debug_macro   0x00000000      0x12a Device_Startup/startup_samd21.o
 .debug_macro   0x00000000      0x100 Device_Startup/startup_samd21.o
 .debug_macro   0x00000000       0xf4 Device_Startup/startup_samd21.o
 .debug_macro   0x00000000      0x40f Device_Startup/startup_samd21.o
 .debug_macro   0x00000000       0x40 Device_Startup/startup_samd21.o
 .debug_macro   0x00000000      0x376 Device_Startup/startup_samd21.o
 .debug_macro   0x00000000     0x17df Device_Startup/startup_samd21.o
 .debug_macro   0x00000000       0x6d Device_Startup/startup_samd21.o
 .group         0x00000000        0x8 Device_Startup/system_samd21.o
 .group         0x00000000        0x8 Device_Startup/system_samd21.o
 .group         0x00000000        0x8 Device_Startup/system_samd21.o
 .group         0x00000000        0x8 Device_Startup/system_samd21.o
 .group         0x00000000        0x8 Device_Startup/system_samd21.o
 .group         0x00000000        0x8 Device_Startup/system_samd21.o
 .group         0x00000000        0x8 Device_Startup/system_samd21.o
 .group         0x00000000        0x8 Device_Startup/system_samd21.o
 .group         0x00000000        0x8 Device_Startup/system_samd21.o
 .group         0x00000000        0x8 Device_Startup/system_samd21.o
 .group         0x00000000        0x8 Device_Startup/system_samd21.o
 .group         0x00000000        0x8 Device_Startup/system_samd21.o
 .group         0x00000000        0x8 Device_Startup/system_samd21.o
 .group         0x00000000        0x8 Device_Startup/system_samd21.o
 .group         0x00000000        0x8 Device_Startup/system_samd21.o
 .group         0x00000000        0x8 Device_Startup/system_samd21.o
 .group         0x00000000        0x8 Device_Startup/system_samd21.o
 .group         0x00000000        0x8 Device_Startup/system_samd21.o
 .group         0x00000000        0x8 Device_Startup/system_samd21.o
 .group         0x00000000        0x8 Device_Startup/system_samd21.o
 .group         0x00000000        0x8 Device_Startup/system_samd21.o
 .group         0x00000000        0x8 Device_Startup/system_samd21.o
 .group         0x00000000        0x8 Device_Startup/system_samd21.o
 .group         0x00000000        0x8 Device_Startup/system_samd21.o
 .group         0x00000000        0x8 Device_Startup/system_samd21.o
 .group         0x00000000        0x8 Device_Startup/system_samd21.o
 .group         0x00000000        0x8 Device_Startup/system_samd21.o
 .group         0x00000000        0x8 Device_Startup/system_samd21.o
 .group         0x00000000        0x8 Device_Startup/system_samd21.o
 .group         0x00000000        0x8 Device_Startup/system_samd21.o
 .group         0x00000000        0x8 Device_Startup/system_samd21.o
 .group         0x00000000        0x8 Device_Startup/system_samd21.o
 .group         0x00000000        0x8 Device_Startup/system_samd21.o
 .group         0x00000000        0x8 Device_Startup/system_samd21.o
 .group         0x00000000        0x8 Device_Startup/system_samd21.o
 .group         0x00000000        0x8 Device_Startup/system_samd21.o
 .group         0x00000000        0x8 Device_Startup/system_samd21.o
 .group         0x00000000        0x8 Device_Startup/system_samd21.o
 .group         0x00000000        0x8 Device_Startup/system_samd21.o
 .group         0x00000000        0x8 Device_Startup/system_samd21.o
 .group         0x00000000        0x8 Device_Startup/system_samd21.o
 .group         0x00000000        0x8 Device_Startup/system_samd21.o
 .group         0x00000000        0x8 Device_Startup/system_samd21.o
 .group         0x00000000        0x8 Device_Startup/system_samd21.o
 .group         0x00000000        0x8 Device_Startup/system_samd21.o
 .group         0x00000000        0x8 Device_Startup/system_samd21.o
 .group         0x00000000        0x8 Device_Startup/system_samd21.o
 .group         0x00000000        0x8 Device_Startup/system_samd21.o
 .group         0x00000000        0x8 Device_Startup/system_samd21.o
 .group         0x00000000        0x8 Device_Startup/system_samd21.o
 .group         0x00000000        0x8 Device_Startup/system_samd21.o
 .group         0x00000000        0x8 Device_Startup/system_samd21.o
 .group         0x00000000        0x8 Device_Startup/system_samd21.o
 .group         0x00000000        0x8 Device_Startup/system_samd21.o
 .group         0x00000000        0x8 Device_Startup/system_samd21.o
 .group         0x00000000        0x8 Device_Startup/system_samd21.o
 .group         0x00000000        0x8 Device_Startup/system_samd21.o
 .group         0x00000000        0x8 Device_Startup/system_samd21.o
 .group         0x00000000        0x8 Device_Startup/system_samd21.o
 .group         0x00000000        0x8 Device_Startup/system_samd21.o
 .group         0x00000000        0x8 Device_Startup/system_samd21.o
 .group         0x00000000        0x8 Device_Startup/system_samd21.o
 .group         0x00000000        0x8 Device_Startup/system_samd21.o
 .group         0x00000000        0x8 Device_Startup/system_samd21.o
 .group         0x00000000        0x8 Device_Startup/system_samd21.o
 .group         0x00000000        0x8 Device_Startup/system_samd21.o
 .group         0x00000000        0x8 Device_Startup/system_samd21.o
 .group         0x00000000        0x8 Device_Startup/system_samd21.o
 .group         0x00000000        0x8 Device_Startup/system_samd21.o
 .group         0x00000000        0x8 Device_Startup/system_samd21.o
 .group         0x00000000        0x8 Device_Startup/system_samd21.o
 .text          0x00000000        0x0 Device_Startup/system_samd21.o
 .data          0x00000000        0x4 Device_Startup/system_samd21.o
 .bss           0x00000000        0x0 Device_Startup/system_samd21.o
 .text.SystemInit
                0x00000000       0x10 Device_Startup/system_samd21.o
 .text.SystemCoreClockUpdate
                0x00000000       0x10 Device_Startup/system_samd21.o
 .debug_info    0x00000000       0xd5 Device_Startup/system_samd21.o
 .debug_abbrev  0x00000000       0x72 Device_Startup/system_samd21.o
 .debug_aranges
                0x00000000       0x28 Device_Startup/system_samd21.o
 .debug_ranges  0x00000000       0x18 Device_Startup/system_samd21.o
 .debug_macro   0x00000000      0x302 Device_Startup/system_samd21.o
 .debug_macro   0x00000000      0x8b0 Device_Startup/system_samd21.o
 .debug_macro   0x00000000       0x22 Device_Startup/system_samd21.o
 .debug_macro   0x00000000       0x87 Device_Startup/system_samd21.o
 .debug_macro   0x00000000       0x51 Device_Startup/system_samd21.o
 .debug_macro   0x00000000       0xef Device_Startup/system_samd21.o
 .debug_macro   0x00000000       0x6a Device_Startup/system_samd21.o
 .debug_macro   0x00000000      0x1df Device_Startup/system_samd21.o
 .debug_macro   0x00000000       0x39 Device_Startup/system_samd21.o
 .debug_macro   0x00000000       0x1c Device_Startup/system_samd21.o
 .debug_macro   0x00000000       0x22 Device_Startup/system_samd21.o
 .debug_macro   0x00000000       0xb5 Device_Startup/system_samd21.o
 .debug_macro   0x00000000      0x3ad Device_Startup/system_samd21.o
 .debug_macro   0x00000000      0x67e Device_Startup/system_samd21.o
 .debug_macro   0x00000000      0x8b1 Device_Startup/system_samd21.o
 .debug_macro   0x00000000      0x22e Device_Startup/system_samd21.o
 .debug_macro   0x00000000      0xd5c Device_Startup/system_samd21.o
 .debug_macro   0x00000000      0x4dc Device_Startup/system_samd21.o
 .debug_macro   0x00000000      0x9f6 Device_Startup/system_samd21.o
 .debug_macro   0x00000000      0x82b Device_Startup/system_samd21.o
 .debug_macro   0x00000000      0x45f Device_Startup/system_samd21.o
 .debug_macro   0x00000000       0x5e Device_Startup/system_samd21.o
 .debug_macro   0x00000000      0x8f9 Device_Startup/system_samd21.o
 .debug_macro   0x00000000      0x21c Device_Startup/system_samd21.o
 .debug_macro   0x00000000      0x735 Device_Startup/system_samd21.o
 .debug_macro   0x00000000       0x5e Device_Startup/system_samd21.o
 .debug_macro   0x00000000      0x632 Device_Startup/system_samd21.o
 .debug_macro   0x00000000      0x3ac Device_Startup/system_samd21.o
 .debug_macro   0x00000000      0xc76 Device_Startup/system_samd21.o
 .debug_macro   0x00000000     0x1092 Device_Startup/system_samd21.o
 .debug_macro   0x00000000      0xc4a Device_Startup/system_samd21.o
 .debug_macro   0x00000000      0x6ba Device_Startup/system_samd21.o
 .debug_macro   0x00000000     0x1b3d Device_Startup/system_samd21.o
 .debug_macro   0x00000000     0x143c Device_Startup/system_samd21.o
 .debug_macro   0x00000000      0x340 Device_Startup/system_samd21.o
 .debug_macro   0x00000000       0x7c Device_Startup/system_samd21.o
 .debug_macro   0x00000000       0xa0 Device_Startup/system_samd21.o
 .debug_macro   0x00000000       0x4c Device_Startup/system_samd21.o
 .debug_macro   0x00000000       0xca Device_Startup/system_samd21.o
 .debug_macro   0x00000000       0x94 Device_Startup/system_samd21.o
 .debug_macro   0x00000000       0x58 Device_Startup/system_samd21.o
 .debug_macro   0x00000000      0x341 Device_Startup/system_samd21.o
 .debug_macro   0x00000000       0x82 Device_Startup/system_samd21.o
 .debug_macro   0x00000000      0x189 Device_Startup/system_samd21.o
 .debug_macro   0x00000000       0xb8 Device_Startup/system_samd21.o
 .debug_macro   0x00000000       0xa0 Device_Startup/system_samd21.o
 .debug_macro   0x00000000       0xb2 Device_Startup/system_samd21.o
 .debug_macro   0x00000000       0x1c Device_Startup/system_samd21.o
 .debug_macro   0x00000000       0x1c Device_Startup/system_samd21.o
 .debug_macro   0x00000000       0x1c Device_Startup/system_samd21.o
 .debug_macro   0x00000000       0x7c Device_Startup/system_samd21.o
 .debug_macro   0x00000000      0x15a Device_Startup/system_samd21.o
 .debug_macro   0x00000000       0x10 Device_Startup/system_samd21.o
 .debug_macro   0x00000000       0xdc Device_Startup/system_samd21.o
 .debug_macro   0x00000000      0x124 Device_Startup/system_samd21.o
 .debug_macro   0x00000000      0x124 Device_Startup/system_samd21.o
 .debug_macro   0x00000000      0x124 Device_Startup/system_samd21.o
 .debug_macro   0x00000000      0x124 Device_Startup/system_samd21.o
 .debug_macro   0x00000000      0x124 Device_Startup/system_samd21.o
 .debug_macro   0x00000000      0x124 Device_Startup/system_samd21.o
 .debug_macro   0x00000000      0x124 Device_Startup/system_samd21.o
 .debug_macro   0x00000000       0xe2 Device_Startup/system_samd21.o
 .debug_macro   0x00000000       0xe2 Device_Startup/system_samd21.o
 .debug_macro   0x00000000       0xe2 Device_Startup/system_samd21.o
 .debug_macro   0x00000000      0x12a Device_Startup/system_samd21.o
 .debug_macro   0x00000000      0x100 Device_Startup/system_samd21.o
 .debug_macro   0x00000000       0xf4 Device_Startup/system_samd21.o
 .debug_macro   0x00000000      0x40f Device_Startup/system_samd21.o
 .debug_macro   0x00000000       0x40 Device_Startup/system_samd21.o
 .debug_macro   0x00000000      0x376 Device_Startup/system_samd21.o
 .debug_macro   0x00000000     0x17df Device_Startup/system_samd21.o
 .debug_macro   0x00000000       0x6d Device_Startup/system_samd21.o
 .debug_line    0x00000000      0x6e2 Device_Startup/system_samd21.o
 .debug_str     0x00000000    0x6d063 Device_Startup/system_samd21.o
 .comment       0x00000000       0x5a Device_Startup/system_samd21.o
 .debug_frame   0x00000000       0x30 Device_Startup/system_samd21.o
 .ARM.attributes
                0x00000000       0x32 Device_Startup/system_samd21.o
 .group         0x00000000        0x8 main.o
 .group         0x00000000        0x8 main.o
 .group         0x00000000        0x8 main.o
 .group         0x00000000        0x8 main.o
 .group         0x00000000        0x8 main.o
 .group         0x00000000        0x8 main.o
 .group         0x00000000        0x8 main.o
 .group         0x00000000        0x8 main.o
 .group         0x00000000        0x8 main.o
 .group         0x00000000        0x8 main.o
 .group         0x00000000        0x8 main.o
 .group         0x00000000        0x8 main.o
 .group         0x00000000        0x8 main.o
 .group         0x00000000        0x8 main.o
 .group         0x00000000        0x8 main.o
 .group         0x00000000        0x8 main.o
 .group         0x00000000        0x8 main.o
 .group         0x00000000        0x8 main.o
 .group         0x00000000        0x8 main.o
 .group         0x00000000        0x8 main.o
 .group         0x00000000        0x8 main.o
 .group         0x00000000        0x8 main.o
 .group         0x00000000        0x8 main.o
 .group         0x00000000        0x8 main.o
 .group         0x00000000        0x8 main.o
 .group         0x00000000        0x8 main.o
 .group         0x00000000        0x8 main.o
 .group         0x00000000        0x8 main.o
 .group         0x00000000        0x8 main.o
 .group         0x00000000        0x8 main.o
 .group         0x00000000        0x8 main.o
 .group         0x00000000        0x8 main.o
 .group         0x00000000        0x8 main.o
 .group         0x00000000        0x8 main.o
 .group         0x00000000        0x8 main.o
 .group         0x00000000        0x8 main.o
 .group         0x00000000        0x8 main.o
 .group         0x00000000        0x8 main.o
 .group         0x00000000        0x8 main.o
 .group         0x00000000        0x8 main.o
 .group         0x00000000        0x8 main.o
 .group         0x00000000        0x8 main.o
 .group         0x00000000        0x8 main.o
 .group         0x00000000        0x8 main.o
 .group         0x00000000        0x8 main.o
 .group         0x00000000        0x8 main.o
 .group         0x00000000        0x8 main.o
 .group         0x00000000        0x8 main.o
 .group         0x00000000        0x8 main.o
 .group         0x00000000        0x8 main.o
 .group         0x00000000        0x8 main.o
 .group         0x00000000        0x8 main.o
 .group         0x00000000        0x8 main.o
 .group         0x00000000        0x8 main.o
 .group         0x00000000        0x8 main.o
 .group         0x00000000        0x8 main.o
 .group         0x00000000        0x8 main.o
 .group         0x00000000        0x8 main.o
 .group         0x00000000        0x8 main.o
 .group         0x00000000        0x8 main.o
 .group         0x00000000        0x8 main.o
 .group         0x00000000        0x8 main.o
 .group         0x00000000        0x8 main.o
 .group         0x00000000        0x8 main.o
 .group         0x00000000        0x8 main.o
 .group         0x00000000        0x8 main.o
 .group         0x00000000        0x8 main.o
 .group         0x00000000        0x8 main.o
 .group         0x00000000        0x8 main.o
 .group         0x00000000        0x8 main.o
 .group         0x00000000        0x8 main.o
 .group         0x00000000        0x8 main.o
 .text          0x00000000        0x0 main.o
 .data          0x00000000        0x0 main.o
 .bss           0x00000000        0x0 main.o
 .debug_macro   0x00000000      0x8b0 main.o
 .debug_macro   0x00000000       0x22 main.o
 .debug_macro   0x00000000       0x87 main.o
 .debug_macro   0x00000000       0x51 main.o
 .debug_macro   0x00000000       0xef main.o
 .debug_macro   0x00000000       0x6a main.o
 .debug_macro   0x00000000      0x1df main.o
 .debug_macro   0x00000000       0x39 main.o
 .debug_macro   0x00000000       0x1c main.o
 .debug_macro   0x00000000       0x22 main.o
 .debug_macro   0x00000000       0xb5 main.o
 .debug_macro   0x00000000      0x3ad main.o
 .debug_macro   0x00000000      0x67e main.o
 .debug_macro   0x00000000      0x8b1 main.o
 .debug_macro   0x00000000      0x22e main.o
 .debug_macro   0x00000000      0xd5c main.o
 .debug_macro   0x00000000      0x4dc main.o
 .debug_macro   0x00000000      0x9f6 main.o
 .debug_macro   0x00000000      0x82b main.o
 .debug_macro   0x00000000      0x45f main.o
 .debug_macro   0x00000000       0x5e main.o
 .debug_macro   0x00000000      0x8f9 main.o
 .debug_macro   0x00000000      0x21c main.o
 .debug_macro   0x00000000      0x735 main.o
 .debug_macro   0x00000000       0x5e main.o
 .debug_macro   0x00000000      0x632 main.o
 .debug_macro   0x00000000      0x3ac main.o
 .debug_macro   0x00000000      0xc76 main.o
 .debug_macro   0x00000000     0x1092 main.o
 .debug_macro   0x00000000      0xc4a main.o
 .debug_macro   0x00000000      0x6ba main.o
 .debug_macro   0x00000000     0x1b3d main.o
 .debug_macro   0x00000000     0x143c main.o
 .debug_macro   0x00000000      0x340 main.o
 .debug_macro   0x00000000       0x7c main.o
 .debug_macro   0x00000000       0xa0 main.o
 .debug_macro   0x00000000       0x4c main.o
 .debug_macro   0x00000000       0xca main.o
 .debug_macro   0x00000000       0x94 main.o
 .debug_macro   0x00000000       0x58 main.o
 .debug_macro   0x00000000      0x341 main.o
 .debug_macro   0x00000000       0x82 main.o
 .debug_macro   0x00000000      0x189 main.o
 .debug_macro   0x00000000       0xb8 main.o
 .debug_macro   0x00000000       0xa0 main.o
 .debug_macro   0x00000000       0xb2 main.o
 .debug_macro   0x00000000       0x1c main.o
 .debug_macro   0x00000000       0x1c main.o
 .debug_macro   0x00000000       0x1c main.o
 .debug_macro   0x00000000       0x7c main.o
 .debug_macro   0x00000000      0x15a main.o
 .debug_macro   0x00000000       0x10 main.o
 .debug_macro   0x00000000       0xdc main.o
 .debug_macro   0x00000000      0x124 main.o
 .debug_macro   0x00000000      0x124 main.o
 .debug_macro   0x00000000      0x124 main.o
 .debug_macro   0x00000000      0x124 main.o
 .debug_macro   0x00000000      0x124 main.o
 .debug_macro   0x00000000      0x124 main.o
 .debug_macro   0x00000000      0x124 main.o
 .debug_macro   0x00000000       0xe2 main.o
 .debug_macro   0x00000000       0xe2 main.o
 .debug_macro   0x00000000       0xe2 main.o
 .debug_macro   0x00000000      0x12a main.o
 .debug_macro   0x00000000      0x100 main.o
 .debug_macro   0x00000000       0xf4 main.o
 .debug_macro   0x00000000      0x40f main.o
 .debug_macro   0x00000000       0x40 main.o
 .debug_macro   0x00000000      0x376 main.o
 .debug_macro   0x00000000     0x17df main.o
 .debug_macro   0x00000000       0x6d main.o
 .debug_macro   0x00000000       0x64 main.o
 .group         0x00000000        0x8 USART3.o
 .group         0x00000000        0x8 USART3.o
 .group         0x00000000        0x8 USART3.o
 .group         0x00000000        0x8 USART3.o
 .group         0x00000000        0x8 USART3.o
 .group         0x00000000        0x8 USART3.o
 .group         0x00000000        0x8 USART3.o
 .group         0x00000000        0x8 USART3.o
 .group         0x00000000        0x8 USART3.o
 .group         0x00000000        0x8 USART3.o
 .group         0x00000000        0x8 USART3.o
 .group         0x00000000        0x8 USART3.o
 .group         0x00000000        0x8 USART3.o
 .group         0x00000000        0x8 USART3.o
 .group         0x00000000        0x8 USART3.o
 .group         0x00000000        0x8 USART3.o
 .group         0x00000000        0x8 USART3.o
 .group         0x00000000        0x8 USART3.o
 .group         0x00000000        0x8 USART3.o
 .group         0x00000000        0x8 USART3.o
 .group         0x00000000        0x8 USART3.o
 .group         0x00000000        0x8 USART3.o
 .group         0x00000000        0x8 USART3.o
 .group         0x00000000        0x8 USART3.o
 .group         0x00000000        0x8 USART3.o
 .group         0x00000000        0x8 USART3.o
 .group         0x00000000        0x8 USART3.o
 .group         0x00000000        0x8 USART3.o
 .group         0x00000000        0x8 USART3.o
 .group         0x00000000        0x8 USART3.o
 .group         0x00000000        0x8 USART3.o
 .group         0x00000000        0x8 USART3.o
 .group         0x00000000        0x8 USART3.o
 .group         0x00000000        0x8 USART3.o
 .group         0x00000000        0x8 USART3.o
 .group         0x00000000        0x8 USART3.o
 .group         0x00000000        0x8 USART3.o
 .group         0x00000000        0x8 USART3.o
 .group         0x00000000        0x8 USART3.o
 .group         0x00000000        0x8 USART3.o
 .group         0x00000000        0x8 USART3.o
 .group         0x00000000        0x8 USART3.o
 .group         0x00000000        0x8 USART3.o
 .group         0x00000000        0x8 USART3.o
 .group         0x00000000        0x8 USART3.o
 .group         0x00000000        0x8 USART3.o
 .group         0x00000000        0x8 USART3.o
 .group         0x00000000        0x8 USART3.o
 .group         0x00000000        0x8 USART3.o
 .group         0x00000000        0x8 USART3.o
 .group         0x00000000        0x8 USART3.o
 .group         0x00000000        0x8 USART3.o
 .group         0x00000000        0x8 USART3.o
 .group         0x00000000        0x8 USART3.o
 .group         0x00000000        0x8 USART3.o
 .group         0x00000000        0x8 USART3.o
 .group         0x00000000        0x8 USART3.o
 .group         0x00000000        0x8 USART3.o
 .group         0x00000000        0x8 USART3.o
 .group         0x00000000        0x8 USART3.o
 .group         0x00000000        0x8 USART3.o
 .group         0x00000000        0x8 USART3.o
 .group         0x00000000        0x8 USART3.o
 .group         0x00000000        0x8 USART3.o
 .group         0x00000000        0x8 USART3.o
 .group         0x00000000        0x8 USART3.o
 .group         0x00000000        0x8 USART3.o
 .group         0x00000000        0x8 USART3.o
 .group         0x00000000        0x8 USART3.o
 .group         0x00000000        0x8 USART3.o
 .group         0x00000000        0x8 USART3.o
 .group         0x00000000        0x8 USART3.o
 .group         0x00000000        0x8 USART3.o
 .group         0x00000000        0x8 USART3.o
 .text          0x00000000        0x0 USART3.o
 .data          0x00000000        0x0 USART3.o
 .bss           0x00000000        0x0 USART3.o
 .text.UART3_Has_Data
                0x00000000       0x10 USART3.o
 .text.UART3_Read
                0x00000000        0xc USART3.o
 .debug_macro   0x00000000      0x8b0 USART3.o
 .debug_macro   0x00000000       0x22 USART3.o
 .debug_macro   0x00000000       0x87 USART3.o
 .debug_macro   0x00000000       0x51 USART3.o
 .debug_macro   0x00000000       0xef USART3.o
 .debug_macro   0x00000000       0x6a USART3.o
 .debug_macro   0x00000000      0x1df USART3.o
 .debug_macro   0x00000000       0x39 USART3.o
 .debug_macro   0x00000000       0x1c USART3.o
 .debug_macro   0x00000000       0x22 USART3.o
 .debug_macro   0x00000000       0xb5 USART3.o
 .debug_macro   0x00000000      0x3ad USART3.o
 .debug_macro   0x00000000      0x67e USART3.o
 .debug_macro   0x00000000      0x8b1 USART3.o
 .debug_macro   0x00000000      0x22e USART3.o
 .debug_macro   0x00000000      0xd5c USART3.o
 .debug_macro   0x00000000      0x4dc USART3.o
 .debug_macro   0x00000000      0x9f6 USART3.o
 .debug_macro   0x00000000      0x82b USART3.o
 .debug_macro   0x00000000      0x45f USART3.o
 .debug_macro   0x00000000       0x5e USART3.o
 .debug_macro   0x00000000      0x8f9 USART3.o
 .debug_macro   0x00000000      0x21c USART3.o
 .debug_macro   0x00000000      0x735 USART3.o
 .debug_macro   0x00000000       0x5e USART3.o
 .debug_macro   0x00000000      0x632 USART3.o
 .debug_macro   0x00000000      0x3ac USART3.o
 .debug_macro   0x00000000      0xc76 USART3.o
 .debug_macro   0x00000000     0x1092 USART3.o
 .debug_macro   0x00000000      0xc4a USART3.o
 .debug_macro   0x00000000      0x6ba USART3.o
 .debug_macro   0x00000000     0x1b3d USART3.o
 .debug_macro   0x00000000     0x143c USART3.o
 .debug_macro   0x00000000      0x340 USART3.o
 .debug_macro   0x00000000       0x7c USART3.o
 .debug_macro   0x00000000       0xa0 USART3.o
 .debug_macro   0x00000000       0x4c USART3.o
 .debug_macro   0x00000000       0xca USART3.o
 .debug_macro   0x00000000       0x94 USART3.o
 .debug_macro   0x00000000       0x58 USART3.o
 .debug_macro   0x00000000      0x341 USART3.o
 .debug_macro   0x00000000       0x82 USART3.o
 .debug_macro   0x00000000      0x189 USART3.o
 .debug_macro   0x00000000       0xb8 USART3.o
 .debug_macro   0x00000000       0xa0 USART3.o
 .debug_macro   0x00000000       0xb2 USART3.o
 .debug_macro   0x00000000       0x1c USART3.o
 .debug_macro   0x00000000       0x1c USART3.o
 .debug_macro   0x00000000       0x1c USART3.o
 .debug_macro   0x00000000       0x7c USART3.o
 .debug_macro   0x00000000      0x15a USART3.o
 .debug_macro   0x00000000       0x10 USART3.o
 .debug_macro   0x00000000       0xdc USART3.o
 .debug_macro   0x00000000      0x124 USART3.o
 .debug_macro   0x00000000      0x124 USART3.o
 .debug_macro   0x00000000      0x124 USART3.o
 .debug_macro   0x00000000      0x124 USART3.o
 .debug_macro   0x00000000      0x124 USART3.o
 .debug_macro   0x00000000      0x124 USART3.o
 .debug_macro   0x00000000      0x124 USART3.o
 .debug_macro   0x00000000       0xe2 USART3.o
 .debug_macro   0x00000000       0xe2 USART3.o
 .debug_macro   0x00000000       0xe2 USART3.o
 .debug_macro   0x00000000      0x12a USART3.o
 .debug_macro   0x00000000      0x100 USART3.o
 .debug_macro   0x00000000       0xf4 USART3.o
 .debug_macro   0x00000000      0x40f USART3.o
 .debug_macro   0x00000000       0x40 USART3.o
 .debug_macro   0x00000000      0x376 USART3.o
 .debug_macro   0x00000000     0x17df USART3.o
 .debug_macro   0x00000000       0x6d USART3.o
 .debug_macro   0x00000000       0x64 USART3.o
 .debug_macro   0x00000000       0x22 USART3.o
 .debug_macro   0x00000000       0x40 USART3.o
 .data          0x00000000        0x0 c:/program files (x86)/atmel/studio/7.0/toolchain/arm/arm-gnu-toolchain/bin/../lib/gcc/arm-none-eabi/6.3.1/thumb/v6-m\libgcc.a(_aeabi_uldivmod.o)
 .bss           0x00000000        0x0 c:/program files (x86)/atmel/studio/7.0/toolchain/arm/arm-gnu-toolchain/bin/../lib/gcc/arm-none-eabi/6.3.1/thumb/v6-m\libgcc.a(_aeabi_uldivmod.o)
 .data          0x00000000        0x0 c:/program files (x86)/atmel/studio/7.0/toolchain/arm/arm-gnu-toolchain/bin/../lib/gcc/arm-none-eabi/6.3.1/thumb/v6-m\libgcc.a(_udivmoddi4.o)
 .bss           0x00000000        0x0 c:/program files (x86)/atmel/studio/7.0/toolchain/arm/arm-gnu-toolchain/bin/../lib/gcc/arm-none-eabi/6.3.1/thumb/v6-m\libgcc.a(_udivmoddi4.o)
 .ARM.extab     0x00000000        0x0 c:/program files (x86)/atmel/studio/7.0/toolchain/arm/arm-gnu-toolchain/bin/../lib/gcc/arm-none-eabi/6.3.1/thumb/v6-m\libgcc.a(_udivmoddi4.o)
 .data          0x00000000        0x0 c:/program files (x86)/atmel/studio/7.0/toolchain/arm/arm-gnu-toolchain/bin/../lib/gcc/arm-none-eabi/6.3.1/thumb/v6-m\libgcc.a(_dvmd_tls.o)
 .bss           0x00000000        0x0 c:/program files (x86)/atmel/studio/7.0/toolchain/arm/arm-gnu-toolchain/bin/../lib/gcc/arm-none-eabi/6.3.1/thumb/v6-m\libgcc.a(_dvmd_tls.o)
 .data          0x00000000        0x0 c:/program files (x86)/atmel/studio/7.0/toolchain/arm/arm-gnu-toolchain/bin/../lib/gcc/arm-none-eabi/6.3.1/thumb/v6-m\libgcc.a(_clzdi2.o)
 .bss           0x00000000        0x0 c:/program files (x86)/atmel/studio/7.0/toolchain/arm/arm-gnu-toolchain/bin/../lib/gcc/arm-none-eabi/6.3.1/thumb/v6-m\libgcc.a(_clzdi2.o)
 .data          0x00000000        0x0 c:/program files (x86)/atmel/studio/7.0/toolchain/arm/arm-gnu-toolchain/bin/../lib/gcc/arm-none-eabi/6.3.1/thumb/v6-m\libgcc.a(_clzsi2.o)
 .bss           0x00000000        0x0 c:/program files (x86)/atmel/studio/7.0/toolchain/arm/arm-gnu-toolchain/bin/../lib/gcc/arm-none-eabi/6.3.1/thumb/v6-m\libgcc.a(_clzsi2.o)
 .text          0x00000000        0x0 c:/program files (x86)/atmel/studio/7.0/toolchain/arm/arm-gnu-toolchain/bin/../lib/gcc/arm-none-eabi/6.3.1/../../../../arm-none-eabi/lib/thumb/v6-m\libc.a(lib_a-exit.o)
 .data          0x00000000        0x0 c:/program files (x86)/atmel/studio/7.0/toolchain/arm/arm-gnu-toolchain/bin/../lib/gcc/arm-none-eabi/6.3.1/../../../../arm-none-eabi/lib/thumb/v6-m\libc.a(lib_a-exit.o)
 .bss           0x00000000        0x0 c:/program files (x86)/atmel/studio/7.0/toolchain/arm/arm-gnu-toolchain/bin/../lib/gcc/arm-none-eabi/6.3.1/../../../../arm-none-eabi/lib/thumb/v6-m\libc.a(lib_a-exit.o)
 .text.exit     0x00000000       0x20 c:/program files (x86)/atmel/studio/7.0/toolchain/arm/arm-gnu-toolchain/bin/../lib/gcc/arm-none-eabi/6.3.1/../../../../arm-none-eabi/lib/thumb/v6-m\libc.a(lib_a-exit.o)
 .debug_frame   0x00000000       0x28 c:/program files (x86)/atmel/studio/7.0/toolchain/arm/arm-gnu-toolchain/bin/../lib/gcc/arm-none-eabi/6.3.1/../../../../arm-none-eabi/lib/thumb/v6-m\libc.a(lib_a-exit.o)
 .ARM.attributes
                0x00000000       0x2c c:/program files (x86)/atmel/studio/7.0/toolchain/arm/arm-gnu-toolchain/bin/../lib/gcc/arm-none-eabi/6.3.1/../../../../arm-none-eabi/lib/thumb/v6-m\libc.a(lib_a-exit.o)
 .text          0x00000000        0x0 c:/program files (x86)/atmel/studio/7.0/toolchain/arm/arm-gnu-toolchain/bin/../lib/gcc/arm-none-eabi/6.3.1/../../../../arm-none-eabi/lib/thumb/v6-m\libc.a(lib_a-impure.o)
 .data          0x00000000        0x0 c:/program files (x86)/atmel/studio/7.0/toolchain/arm/arm-gnu-toolchain/bin/../lib/gcc/arm-none-eabi/6.3.1/../../../../arm-none-eabi/lib/thumb/v6-m\libc.a(lib_a-impure.o)
 .bss           0x00000000        0x0 c:/program files (x86)/atmel/studio/7.0/toolchain/arm/arm-gnu-toolchain/bin/../lib/gcc/arm-none-eabi/6.3.1/../../../../arm-none-eabi/lib/thumb/v6-m\libc.a(lib_a-impure.o)
 .data._impure_ptr
                0x00000000        0x4 c:/program files (x86)/atmel/studio/7.0/toolchain/arm/arm-gnu-toolchain/bin/../lib/gcc/arm-none-eabi/6.3.1/../../../../arm-none-eabi/lib/thumb/v6-m\libc.a(lib_a-impure.o)
 .text          0x00000000        0x0 c:/program files (x86)/atmel/studio/7.0/toolchain/arm/arm-gnu-toolchain/bin/../lib/gcc/arm-none-eabi/6.3.1/../../../../arm-none-eabi/lib/thumb/v6-m\libc.a(lib_a-init.o)
 .data          0x00000000        0x0 c:/program files (x86)/atmel/studio/7.0/toolchain/arm/arm-gnu-toolchain/bin/../lib/gcc/arm-none-eabi/6.3.1/../../../../arm-none-eabi/lib/thumb/v6-m\libc.a(lib_a-init.o)
 .bss           0x00000000        0x0 c:/program files (x86)/atmel/studio/7.0/toolchain/arm/arm-gnu-toolchain/bin/../lib/gcc/arm-none-eabi/6.3.1/../../../../arm-none-eabi/lib/thumb/v6-m\libc.a(lib_a-init.o)
 .text          0x00000000        0x0 c:/program files (x86)/atmel/studio/7.0/toolchain/arm/arm-gnu-toolchain/bin/../lib/gcc/arm-none-eabi/6.3.1/../../../../arm-none-eabi/lib/thumb/v6-m\libc.a(lib_a-memset.o)
 .data          0x00000000        0x0 c:/program files (x86)/atmel/studio/7.0/toolchain/arm/arm-gnu-toolchain/bin/../lib/gcc/arm-none-eabi/6.3.1/../../../../arm-none-eabi/lib/thumb/v6-m\libc.a(lib_a-memset.o)
 .bss           0x00000000        0x0 c:/program files (x86)/atmel/studio/7.0/toolchain/arm/arm-gnu-toolchain/bin/../lib/gcc/arm-none-eabi/6.3.1/../../../../arm-none-eabi/lib/thumb/v6-m\libc.a(lib_a-memset.o)
 .text.memset   0x00000000       0x94 c:/program files (x86)/atmel/studio/7.0/toolchain/arm/arm-gnu-toolchain/bin/../lib/gcc/arm-none-eabi/6.3.1/../../../../arm-none-eabi/lib/thumb/v6-m\libc.a(lib_a-memset.o)
 .debug_frame   0x00000000       0x30 c:/program files (x86)/atmel/studio/7.0/toolchain/arm/arm-gnu-toolchain/bin/../lib/gcc/arm-none-eabi/6.3.1/../../../../arm-none-eabi/lib/thumb/v6-m\libc.a(lib_a-memset.o)
 .ARM.attributes
                0x00000000       0x2c c:/program files (x86)/atmel/studio/7.0/toolchain/arm/arm-gnu-toolchain/bin/../lib/gcc/arm-none-eabi/6.3.1/../../../../arm-none-eabi/lib/thumb/v6-m\libc.a(lib_a-memset.o)
 .text          0x00000000        0x0 c:/program files (x86)/atmel/studio/7.0/toolchain/arm/arm-gnu-toolchain/bin/../lib/gcc/arm-none-eabi/6.3.1/../../../../arm-none-eabi/lib/thumb/v6-m\libc.a(lib_a-__call_atexit.o)
 .data          0x00000000        0x0 c:/program files (x86)/atmel/studio/7.0/toolchain/arm/arm-gnu-toolchain/bin/../lib/gcc/arm-none-eabi/6.3.1/../../../../arm-none-eabi/lib/thumb/v6-m\libc.a(lib_a-__call_atexit.o)
 .bss           0x00000000        0x0 c:/program files (x86)/atmel/studio/7.0/toolchain/arm/arm-gnu-toolchain/bin/../lib/gcc/arm-none-eabi/6.3.1/../../../../arm-none-eabi/lib/thumb/v6-m\libc.a(lib_a-__call_atexit.o)
 .text.__call_exitprocs
                0x00000000      0x110 c:/program files (x86)/atmel/studio/7.0/toolchain/arm/arm-gnu-toolchain/bin/../lib/gcc/arm-none-eabi/6.3.1/../../../../arm-none-eabi/lib/thumb/v6-m\libc.a(lib_a-__call_atexit.o)
 .text          0x00000000        0x0 c:/program files (x86)/atmel/studio/7.0/toolchain/arm/arm-gnu-toolchain/bin/../lib/gcc/arm-none-eabi/6.3.1/../../../../arm-none-eabi/lib/thumb/v6-m\libc.a(lib_a-atexit.o)
 .data          0x00000000        0x0 c:/program files (x86)/atmel/studio/7.0/toolchain/arm/arm-gnu-toolchain/bin/../lib/gcc/arm-none-eabi/6.3.1/../../../../arm-none-eabi/lib/thumb/v6-m\libc.a(lib_a-atexit.o)
 .bss           0x00000000        0x0 c:/program files (x86)/atmel/studio/7.0/toolchain/arm/arm-gnu-toolchain/bin/../lib/gcc/arm-none-eabi/6.3.1/../../../../arm-none-eabi/lib/thumb/v6-m\libc.a(lib_a-atexit.o)
 .text          0x00000000        0x0 c:/program files (x86)/atmel/studio/7.0/toolchain/arm/arm-gnu-toolchain/bin/../lib/gcc/arm-none-eabi/6.3.1/../../../../arm-none-eabi/lib/thumb/v6-m\libc.a(lib_a-fini.o)
 .data          0x00000000        0x0 c:/program files (x86)/atmel/studio/7.0/toolchain/arm/arm-gnu-toolchain/bin/../lib/gcc/arm-none-eabi/6.3.1/../../../../arm-none-eabi/lib/thumb/v6-m\libc.a(lib_a-fini.o)
 .bss           0x00000000        0x0 c:/program files (x86)/atmel/studio/7.0/toolchain/arm/arm-gnu-toolchain/bin/../lib/gcc/arm-none-eabi/6.3.1/../../../../arm-none-eabi/lib/thumb/v6-m\libc.a(lib_a-fini.o)
 .text          0x00000000        0x0 c:/program files (x86)/atmel/studio/7.0/toolchain/arm/arm-gnu-toolchain/bin/../lib/gcc/arm-none-eabi/6.3.1/../../../../arm-none-eabi/lib/thumb/v6-m\libc.a(lib_a-lock.o)
 .data          0x00000000        0x0 c:/program files (x86)/atmel/studio/7.0/toolchain/arm/arm-gnu-toolchain/bin/../lib/gcc/arm-none-eabi/6.3.1/../../../../arm-none-eabi/lib/thumb/v6-m\libc.a(lib_a-lock.o)
 .bss           0x00000000        0x0 c:/program files (x86)/atmel/studio/7.0/toolchain/arm/arm-gnu-toolchain/bin/../lib/gcc/arm-none-eabi/6.3.1/../../../../arm-none-eabi/lib/thumb/v6-m\libc.a(lib_a-lock.o)
 .text.__retarget_lock_init
                0x00000000        0x4 c:/program files (x86)/atmel/studio/7.0/toolchain/arm/arm-gnu-toolchain/bin/../lib/gcc/arm-none-eabi/6.3.1/../../../../arm-none-eabi/lib/thumb/v6-m\libc.a(lib_a-lock.o)
 .text.__retarget_lock_init_recursive
                0x00000000        0x4 c:/program files (x86)/atmel/studio/7.0/toolchain/arm/arm-gnu-toolchain/bin/../lib/gcc/arm-none-eabi/6.3.1/../../../../arm-none-eabi/lib/thumb/v6-m\libc.a(lib_a-lock.o)
 .text.__retarget_lock_close
                0x00000000        0x4 c:/program files (x86)/atmel/studio/7.0/toolchain/arm/arm-gnu-toolchain/bin/../lib/gcc/arm-none-eabi/6.3.1/../../../../arm-none-eabi/lib/thumb/v6-m\libc.a(lib_a-lock.o)
 .text.__retarget_lock_close_recursive
                0x00000000        0x4 c:/program files (x86)/atmel/studio/7.0/toolchain/arm/arm-gnu-toolchain/bin/../lib/gcc/arm-none-eabi/6.3.1/../../../../arm-none-eabi/lib/thumb/v6-m\libc.a(lib_a-lock.o)
 .text.__retarget_lock_acquire
                0x00000000        0x4 c:/program files (x86)/atmel/studio/7.0/toolchain/arm/arm-gnu-toolchain/bin/../lib/gcc/arm-none-eabi/6.3.1/../../../../arm-none-eabi/lib/thumb/v6-m\libc.a(lib_a-lock.o)
 .text.__retarget_lock_try_acquire
                0x00000000        0x4 c:/program files (x86)/atmel/studio/7.0/toolchain/arm/arm-gnu-toolchain/bin/../lib/gcc/arm-none-eabi/6.3.1/../../../../arm-none-eabi/lib/thumb/v6-m\libc.a(lib_a-lock.o)
 .text.__retarget_lock_try_acquire_recursive
                0x00000000        0x4 c:/program files (x86)/atmel/studio/7.0/toolchain/arm/arm-gnu-toolchain/bin/../lib/gcc/arm-none-eabi/6.3.1/../../../../arm-none-eabi/lib/thumb/v6-m\libc.a(lib_a-lock.o)
 .text.__retarget_lock_release
                0x00000000        0x4 c:/program files (x86)/atmel/studio/7.0/toolchain/arm/arm-gnu-toolchain/bin/../lib/gcc/arm-none-eabi/6.3.1/../../../../arm-none-eabi/lib/thumb/v6-m\libc.a(lib_a-lock.o)
 .text          0x00000000        0x0 c:/program files (x86)/atmel/studio/7.0/toolchain/arm/arm-gnu-toolchain/bin/../lib/gcc/arm-none-eabi/6.3.1/../../../../arm-none-eabi/lib/thumb/v6-m\libc.a(lib_a-__atexit.o)
 .data          0x00000000        0x0 c:/program files (x86)/atmel/studio/7.0/toolchain/arm/arm-gnu-toolchain/bin/../lib/gcc/arm-none-eabi/6.3.1/../../../../arm-none-eabi/lib/thumb/v6-m\libc.a(lib_a-__atexit.o)
 .bss           0x00000000        0x0 c:/program files (x86)/atmel/studio/7.0/toolchain/arm/arm-gnu-toolchain/bin/../lib/gcc/arm-none-eabi/6.3.1/../../../../arm-none-eabi/lib/thumb/v6-m\libc.a(lib_a-__atexit.o)
 .text          0x00000000        0x0 c:/program files (x86)/atmel/studio/7.0/toolchain/arm/arm-gnu-toolchain/bin/../lib/gcc/arm-none-eabi/6.3.1/thumb/v6-m/crtend.o
 .data          0x00000000        0x0 c:/program files (x86)/atmel/studio/7.0/toolchain/arm/arm-gnu-toolchain/bin/../lib/gcc/arm-none-eabi/6.3.1/thumb/v6-m/crtend.o
 .bss           0x00000000        0x0 c:/program files (x86)/atmel/studio/7.0/toolchain/arm/arm-gnu-toolchain/bin/../lib/gcc/arm-none-eabi/6.3.1/thumb/v6-m/crtend.o
 .eh_frame      0x00000000        0x4 c:/program files (x86)/atmel/studio/7.0/toolchain/arm/arm-gnu-toolchain/bin/../lib/gcc/arm-none-eabi/6.3.1/thumb/v6-m/crtend.o
 .jcr           0x00000000        0x4 c:/program files (x86)/atmel/studio/7.0/toolchain/arm/arm-gnu-toolchain/bin/../lib/gcc/arm-none-eabi/6.3.1/thumb/v6-m/crtend.o
 .ARM.attributes
                0x00000000       0x2c c:/program files (x86)/atmel/studio/7.0/toolchain/arm/arm-gnu-toolchain/bin/../lib/gcc/arm-none-eabi/6.3.1/thumb/v6-m/crtend.o
 .text          0x00000000        0x0 c:/program files (x86)/atmel/studio/7.0/toolchain/arm/arm-gnu-toolchain/bin/../lib/gcc/arm-none-eabi/6.3.1/thumb/v6-m/crtn.o
 .data          0x00000000        0x0 c:/program files (x86)/atmel/studio/7.0/toolchain/arm/arm-gnu-toolchain/bin/../lib/gcc/arm-none-eabi/6.3.1/thumb/v6-m/crtn.o
 .bss           0x00000000        0x0 c:/program files (x86)/atmel/studio/7.0/toolchain/arm/arm-gnu-toolchain/bin/../lib/gcc/arm-none-eabi/6.3.1/thumb/v6-m/crtn.o

Memory Configuration

Name             Origin             Length             Attributes
rom              0x00000000         0x00040000         xr
ram              0x20000000         0x00008000         xrw
*default*        0x00000000         0xffffffff

Linker script and memory map

LOAD c:/program files (x86)/atmel/studio/7.0/toolchain/arm/arm-gnu-toolchain/bin/../lib/gcc/arm-none-eabi/6.3.1/thumb/v6-m/crti.o
LOAD c:/program files (x86)/atmel/studio/7.0/toolchain/arm/arm-gnu-toolchain/bin/../lib/gcc/arm-none-eabi/6.3.1/thumb/v6-m/crtbegin.o
LOAD c:/program files (x86)/atmel/studio/7.0/toolchain/arm/arm-gnu-toolchain/bin/../lib/gcc/arm-none-eabi/6.3.1/../../../../arm-none-eabi/lib/thumb/v6-m/crt0.o
LOAD app.o
LOAD clock.o
LOAD delay.o
LOAD Device_Startup/startup_samd21.o
LOAD Device_Startup/system_samd21.o
LOAD main.o
LOAD USART3.o
START GROUP
LOAD c:/program files (x86)/atmel/studio/7.0/toolchain/arm/arm-gnu-toolchain/bin/../lib/gcc/arm-none-eabi/6.3.1/../../../../arm-none-eabi/lib/thumb/v6-m\libm.a
END GROUP
START GROUP
LOAD c:/program files (x86)/atmel/studio/7.0/toolchain/arm/arm-gnu-toolchain/bin/../lib/gcc/arm-none-eabi/6.3.1/thumb/v6-m\libgcc.a
LOAD c:/program files (x86)/atmel/studio/7.0/toolchain/arm/arm-gnu-toolchain/bin/../lib/gcc/arm-none-eabi/6.3.1/../../../../arm-none-eabi/lib/thumb/v6-m\libc.a
END GROUP
LOAD c:/program files (x86)/atmel/studio/7.0/toolchain/arm/arm-gnu-toolchain/bin/../lib/gcc/arm-none-eabi/6.3.1/thumb/v6-m/crtend.o
LOAD c:/program files (x86)/atmel/studio/7.0/toolchain/arm/arm-gnu-toolchain/bin/../lib/gcc/arm-none-eabi/6.3.1/thumb/v6-m/crtn.o
                0x00002000                STACK_SIZE = DEFINED (STACK_SIZE)?STACK_SIZE:DEFINED (__stack_size__)?__stack_size__:0x2000

.text           0x00000000      0x938
                0x00000000                . = ALIGN (0x4)
                0x00000000                _sfixed = .
 *(.vectors .vectors.*)
 .vectors       0x00000000       0xb4 Device_Startup/startup_samd21.o
                0x00000000                exception_table
 *(.text .text.* .gnu.linkonce.t.*)
 .text          0x000000b4       0x60 c:/program files (x86)/atmel/studio/7.0/toolchain/arm/arm-gnu-toolchain/bin/../lib/gcc/arm-none-eabi/6.3.1/thumb/v6-m/crtbegin.o
 .text.AppInit  0x00000114       0x20 app.o
                0x00000114                AppInit
 .text.spiSend  0x00000134       0x20 app.o
                0x00000134                spiSend
 .text.AppRun   0x00000154       0xfc app.o
                0x00000154                AppRun
 .text.ClocksInit
                0x00000250      0x10c clock.o
                0x00000250                ClocksInit
 .text.delay_n_cycles
                0x0000035c        0xc delay.o
                0x0000035c                delay_n_cycles
 .text.Dummy_Handler
                0x00000368        0x2 Device_Startup/startup_samd21.o
                0x00000368                SVCall_Handler
                0x00000368                DMAC_Handler
                0x00000368                HardFault_Handler
                0x00000368                AC_Handler
                0x00000368                SysTick_Handler
                0x00000368                PendSV_Handler
                0x00000368                SERCOM1_Handler
                0x00000368                ADC_Handler
                0x00000368                NonMaskableInt_Handler
                0x00000368                TCC1_Handler
                0x00000368                SERCOM2_Handler
                0x00000368                TCC0_Handler
                0x00000368                RTC_Handler
                0x00000368                EIC_Handler
                0x00000368                WDT_Handler
                0x00000368                TC4_Handler
                0x00000368                USB_Handler
                0x00000368                TC3_Handler
                0x00000368                Dummy_Handler
                0x00000368                PM_Handler
                0x00000368                SERCOM5_Handler
                0x00000368                TCC2_Handler
                0x00000368                EVSYS_Handler
                0x00000368                SERCOM3_Handler
                0x00000368                SERCOM4_Handler
                0x00000368                I2S_Handler
                0x00000368                NVMCTRL_Handler
                0x00000368                SERCOM0_Handler
                0x00000368                DAC_Handler
                0x00000368                PTC_Handler
                0x00000368                TC5_Handler
                0x00000368                SYSCTRL_Handler
 *fill*         0x0000036a        0x2 
 .text.Reset_Handler
                0x0000036c       0xe4 Device_Startup/startup_samd21.o
                0x0000036c                Reset_Handler
 .text.main     0x00000450       0x14 main.o
                0x00000450                main
 .text.UART3_Init
                0x00000464       0xa8 USART3.o
                0x00000464                UART3_Init
 .text.UART3_Write
                0x0000050c       0x18 USART3.o
                0x0000050c                UART3_Write
 .text.UART3_Write_Text
                0x00000524       0x20 USART3.o
                0x00000524                UART3_Write_Text
 .text          0x00000544       0x40 c:/program files (x86)/atmel/studio/7.0/toolchain/arm/arm-gnu-toolchain/bin/../lib/gcc/arm-none-eabi/6.3.1/thumb/v6-m\libgcc.a(_aeabi_uldivmod.o)
                0x00000544                __aeabi_uldivmod
 .text          0x00000584      0x180 c:/program files (x86)/atmel/studio/7.0/toolchain/arm/arm-gnu-toolchain/bin/../lib/gcc/arm-none-eabi/6.3.1/thumb/v6-m\libgcc.a(_udivmoddi4.o)
                0x00000584                __udivmoddi4
 .text          0x00000704        0x4 c:/program files (x86)/atmel/studio/7.0/toolchain/arm/arm-gnu-toolchain/bin/../lib/gcc/arm-none-eabi/6.3.1/thumb/v6-m\libgcc.a(_dvmd_tls.o)
                0x00000704                __aeabi_idiv0
                0x00000704                __aeabi_ldiv0
 .text          0x00000708       0x18 c:/program files (x86)/atmel/studio/7.0/toolchain/arm/arm-gnu-toolchain/bin/../lib/gcc/arm-none-eabi/6.3.1/thumb/v6-m\libgcc.a(_clzdi2.o)
                0x00000708                __clzdi2
 .text          0x00000720       0x3c c:/program files (x86)/atmel/studio/7.0/toolchain/arm/arm-gnu-toolchain/bin/../lib/gcc/arm-none-eabi/6.3.1/thumb/v6-m\libgcc.a(_clzsi2.o)
                0x00000720                __clzsi2
 .text.__libc_init_array
                0x0000075c       0x48 c:/program files (x86)/atmel/studio/7.0/toolchain/arm/arm-gnu-toolchain/bin/../lib/gcc/arm-none-eabi/6.3.1/../../../../arm-none-eabi/lib/thumb/v6-m\libc.a(lib_a-init.o)
                0x0000075c                __libc_init_array
 .text.startup.register_fini
                0x000007a4       0x18 c:/program files (x86)/atmel/studio/7.0/toolchain/arm/arm-gnu-toolchain/bin/../lib/gcc/arm-none-eabi/6.3.1/../../../../arm-none-eabi/lib/thumb/v6-m\libc.a(lib_a-__call_atexit.o)
 .text.atexit   0x000007bc       0x10 c:/program files (x86)/atmel/studio/7.0/toolchain/arm/arm-gnu-toolchain/bin/../lib/gcc/arm-none-eabi/6.3.1/../../../../arm-none-eabi/lib/thumb/v6-m\libc.a(lib_a-atexit.o)
                0x000007bc                atexit
 .text.__libc_fini_array
                0x000007cc       0x34 c:/program files (x86)/atmel/studio/7.0/toolchain/arm/arm-gnu-toolchain/bin/../lib/gcc/arm-none-eabi/6.3.1/../../../../arm-none-eabi/lib/thumb/v6-m\libc.a(lib_a-fini.o)
                0x000007cc                __libc_fini_array
 .text.__retarget_lock_acquire_recursive
                0x00000800        0x4 c:/program files (x86)/atmel/studio/7.0/toolchain/arm/arm-gnu-toolchain/bin/../lib/gcc/arm-none-eabi/6.3.1/../../../../arm-none-eabi/lib/thumb/v6-m\libc.a(lib_a-lock.o)
                0x00000800                __retarget_lock_acquire_recursive
 .text.__retarget_lock_release_recursive
                0x00000804        0x4 c:/program files (x86)/atmel/studio/7.0/toolchain/arm/arm-gnu-toolchain/bin/../lib/gcc/arm-none-eabi/6.3.1/../../../../arm-none-eabi/lib/thumb/v6-m\libc.a(lib_a-lock.o)
                0x00000804                __retarget_lock_release_recursive
 .text.__register_exitproc
                0x00000808       0xf4 c:/program files (x86)/atmel/studio/7.0/toolchain/arm/arm-gnu-toolchain/bin/../lib/gcc/arm-none-eabi/6.3.1/../../../../arm-none-eabi/lib/thumb/v6-m\libc.a(lib_a-__atexit.o)
                0x00000808                __register_exitproc
 *(.glue_7t)
 .glue_7t       0x000008fc        0x0 linker stubs
 *(.glue_7)
 .glue_7        0x000008fc        0x0 linker stubs
 *(.rodata .rodata* .gnu.linkonce.r.*)
 .rodata.str1.4
                0x000008fc       0x14 app.o
                                 0x12 (size before relaxing)
 .rodata._global_impure_ptr
                0x00000910        0x4 c:/program files (x86)/atmel/studio/7.0/toolchain/arm/arm-gnu-toolchain/bin/../lib/gcc/arm-none-eabi/6.3.1/../../../../arm-none-eabi/lib/thumb/v6-m\libc.a(lib_a-impure.o)
                0x00000910                _global_impure_ptr
 *(.ARM.extab* .gnu.linkonce.armextab.*)
                0x00000914                . = ALIGN (0x4)
 *(.init)
 .init          0x00000914        0x4 c:/program files (x86)/atmel/studio/7.0/toolchain/arm/arm-gnu-toolchain/bin/../lib/gcc/arm-none-eabi/6.3.1/thumb/v6-m/crti.o
                0x00000914                _init
 .init          0x00000918        0x8 c:/program files (x86)/atmel/studio/7.0/toolchain/arm/arm-gnu-toolchain/bin/../lib/gcc/arm-none-eabi/6.3.1/thumb/v6-m/crtn.o
                0x00000920                . = ALIGN (0x4)
                0x00000920                __preinit_array_start = .
 *(.preinit_array)
                0x00000920                __preinit_array_end = .
                0x00000920                . = ALIGN (0x4)
                0x00000920                __init_array_start = .
 *(SORT(.init_array.*))
 .init_array.00000
                0x00000920        0x4 c:/program files (x86)/atmel/studio/7.0/toolchain/arm/arm-gnu-toolchain/bin/../lib/gcc/arm-none-eabi/6.3.1/../../../../arm-none-eabi/lib/thumb/v6-m\libc.a(lib_a-__call_atexit.o)
 *(.init_array)
 .init_array    0x00000924        0x4 c:/program files (x86)/atmel/studio/7.0/toolchain/arm/arm-gnu-toolchain/bin/../lib/gcc/arm-none-eabi/6.3.1/thumb/v6-m/crtbegin.o
                0x00000928                __init_array_end = .
                0x00000928                . = ALIGN (0x4)
 *crtbegin.o(.ctors)
 *(EXCLUDE_FILE(*crtend.o) .ctors)
 *(SORT(.ctors.*))
 *crtend.o(.ctors)
                0x00000928                . = ALIGN (0x4)
 *(.fini)
 .fini          0x00000928        0x4 c:/program files (x86)/atmel/studio/7.0/toolchain/arm/arm-gnu-toolchain/bin/../lib/gcc/arm-none-eabi/6.3.1/thumb/v6-m/crti.o
                0x00000928                _fini
 .fini          0x0000092c        0x8 c:/program files (x86)/atmel/studio/7.0/toolchain/arm/arm-gnu-toolchain/bin/../lib/gcc/arm-none-eabi/6.3.1/thumb/v6-m/crtn.o
                0x00000934                . = ALIGN (0x4)
                0x00000934                __fini_array_start = .
 *(.fini_array)
 .fini_array    0x00000934        0x4 c:/program files (x86)/atmel/studio/7.0/toolchain/arm/arm-gnu-toolchain/bin/../lib/gcc/arm-none-eabi/6.3.1/thumb/v6-m/crtbegin.o
 *(SORT(.fini_array.*))
                0x00000938                __fini_array_end = .
 *crtbegin.o(.dtors)
 *(EXCLUDE_FILE(*crtend.o) .dtors)
 *(SORT(.dtors.*))
 *crtend.o(.dtors)
                0x00000938                . = ALIGN (0x4)
                0x00000938                _efixed = .
                [!provide]                PROVIDE (__exidx_start, .)

.vfp11_veneer   0x00000938        0x0
 .vfp11_veneer  0x00000938        0x0 linker stubs

.v4_bx          0x00000938        0x0
 .v4_bx         0x00000938        0x0 linker stubs

.iplt           0x00000938        0x0
 .iplt          0x00000938        0x0 c:/program files (x86)/atmel/studio/7.0/toolchain/arm/arm-gnu-toolchain/bin/../lib/gcc/arm-none-eabi/6.3.1/thumb/v6-m/crtbegin.o

.ARM.exidx      0x00000938        0x8
 *(.ARM.exidx* .gnu.linkonce.armexidx.*)
 .ARM.exidx     0x00000938        0x8 c:/program files (x86)/atmel/studio/7.0/toolchain/arm/arm-gnu-toolchain/bin/../lib/gcc/arm-none-eabi/6.3.1/thumb/v6-m\libgcc.a(_udivmoddi4.o)
                [!provide]                PROVIDE (__exidx_end, .)

.eh_frame       0x00000940        0x0
 .eh_frame      0x00000940        0x0 c:/program files (x86)/atmel/studio/7.0/toolchain/arm/arm-gnu-toolchain/bin/../lib/gcc/arm-none-eabi/6.3.1/thumb/v6-m/crtbegin.o

.rel.dyn        0x00000940        0x0
 .rel.iplt      0x00000940        0x0 c:/program files (x86)/atmel/studio/7.0/toolchain/arm/arm-gnu-toolchain/bin/../lib/gcc/arm-none-eabi/6.3.1/thumb/v6-m/crtbegin.o

.jcr            0x00000940        0x0
 .jcr           0x00000940        0x0 c:/program files (x86)/atmel/studio/7.0/toolchain/arm/arm-gnu-toolchain/bin/../lib/gcc/arm-none-eabi/6.3.1/thumb/v6-m/crtbegin.o

.igot.plt       0x00000940        0x0
 .igot.plt      0x00000940        0x0 c:/program files (x86)/atmel/studio/7.0/toolchain/arm/arm-gnu-toolchain/bin/../lib/gcc/arm-none-eabi/6.3.1/thumb/v6-m/crtbegin.o
                0x00000940                . = ALIGN (0x4)
                0x00000940                _etext = .

.relocate       0x20000000      0x42c load address 0x00000940
                0x20000000                . = ALIGN (0x4)
                0x20000000                _srelocate = .
 *(.ramfunc .ramfunc.*)
 *(.data .data.*)
 .data.impure_data
                0x20000000      0x428 c:/program files (x86)/atmel/studio/7.0/toolchain/arm/arm-gnu-toolchain/bin/../lib/gcc/arm-none-eabi/6.3.1/../../../../arm-none-eabi/lib/thumb/v6-m\libc.a(lib_a-impure.o)
 .data.__atexit_recursive_mutex
                0x20000428        0x4 c:/program files (x86)/atmel/studio/7.0/toolchain/arm/arm-gnu-toolchain/bin/../lib/gcc/arm-none-eabi/6.3.1/../../../../arm-none-eabi/lib/thumb/v6-m\libc.a(lib_a-__call_atexit.o)
                0x20000428                __atexit_recursive_mutex
                0x2000042c                . = ALIGN (0x4)
                0x2000042c                _erelocate = .

.bss            0x2000042c       0x40 load address 0x00000d6c
                0x2000042c                . = ALIGN (0x4)
                0x2000042c                _sbss = .
                0x2000042c                _szero = .
 *(.bss .bss.*)
 .bss           0x2000042c       0x1c c:/program files (x86)/atmel/studio/7.0/toolchain/arm/arm-gnu-toolchain/bin/../lib/gcc/arm-none-eabi/6.3.1/thumb/v6-m/crtbegin.o
 *(COMMON)
 COMMON         0x20000448       0x21 c:/program files (x86)/atmel/studio/7.0/toolchain/arm/arm-gnu-toolchain/bin/../lib/gcc/arm-none-eabi/6.3.1/../../../../arm-none-eabi/lib/thumb/v6-m\libc.a(lib_a-lock.o)
                0x20000448                __lock___atexit_recursive_mutex
                0x2000044c                __lock___arc4random_mutex
                0x20000450                __lock___env_recursive_mutex
                0x20000454                __lock___sinit_recursive_mutex
                0x20000458                __lock___malloc_recursive_mutex
                0x2000045c                __lock___at_quick_exit_mutex
                0x20000460                __lock___dd_hash_mutex
                0x20000464                __lock___tz_mutex
                0x20000468                __lock___sfp_recursive_mutex
                0x2000046c                . = ALIGN (0x4)
 *fill*         0x20000469        0x3 
                0x2000046c                _ebss = .
                0x2000046c                _ezero = .

.stack          0x2000046c     0x2004 load address 0x00000dac
                0x20000470                . = ALIGN (0x8)
 *fill*         0x2000046c        0x4 
                0x20000470                _sstack = .
                0x20002470                . = (. + STACK_SIZE)
 *fill*         0x20000470     0x2000 
                0x20002470                . = ALIGN (0x8)
                0x20002470                _estack = .
                0x20002470                . = ALIGN (0x4)
                0x20002470                _end = .
OUTPUT(12_SPI.elf elf32-littlearm)

.ARM.attributes
                0x00000000       0x28
 .ARM.attributes
                0x00000000       0x1e c:/program files (x86)/atmel/studio/7.0/toolchain/arm/arm-gnu-toolchain/bin/../lib/gcc/arm-none-eabi/6.3.1/thumb/v6-m/crti.o
 .ARM.attributes
                0x0000001e       0x2c c:/program files (x86)/atmel/studio/7.0/toolchain/arm/arm-gnu-toolchain/bin/../lib/gcc/arm-none-eabi/6.3.1/thumb/v6-m/crtbegin.o
 .ARM.attributes
                0x0000004a       0x32 app.o
 .ARM.attributes
                0x0000007c       0x32 clock.o
 .ARM.attributes
                0x000000ae       0x32 delay.o
 .ARM.attributes
                0x000000e0       0x32 Device_Startup/startup_samd21.o
 .ARM.attributes
                0x00000112       0x32 main.o
 .ARM.attributes
                0x00000144       0x32 USART3.o
 .ARM.attributes
                0x00000176       0x1e c:/program files (x86)/atmel/studio/7.0/toolchain/arm/arm-gnu-toolchain/bin/../lib/gcc/arm-none-eabi/6.3.1/thumb/v6-m\libgcc.a(_aeabi_uldivmod.o)
 .ARM.attributes
                0x00000194       0x2c c:/program files (x86)/atmel/studio/7.0/toolchain/arm/arm-gnu-toolchain/bin/../lib/gcc/arm-none-eabi/6.3.1/thumb/v6-m\libgcc.a(_udivmoddi4.o)
 .ARM.attributes
                0x000001c0       0x1e c:/program files (x86)/atmel/studio/7.0/toolchain/arm/arm-gnu-toolchain/bin/../lib/gcc/arm-none-eabi/6.3.1/thumb/v6-m\libgcc.a(_dvmd_tls.o)
 .ARM.attributes
                0x000001de       0x1e c:/program files (x86)/atmel/studio/7.0/toolchain/arm/arm-gnu-toolchain/bin/../lib/gcc/arm-none-eabi/6.3.1/thumb/v6-m\libgcc.a(_clzdi2.o)
 .ARM.attributes
                0x000001fc       0x1e c:/program files (x86)/atmel/studio/7.0/toolchain/arm/arm-gnu-toolchain/bin/../lib/gcc/arm-none-eabi/6.3.1/thumb/v6-m\libgcc.a(_clzsi2.o)
 .ARM.attributes
                0x0000021a       0x2c c:/program files (x86)/atmel/studio/7.0/toolchain/arm/arm-gnu-toolchain/bin/../lib/gcc/arm-none-eabi/6.3.1/../../../../arm-none-eabi/lib/thumb/v6-m\libc.a(lib_a-impure.o)
 .ARM.attributes
                0x00000246       0x2c c:/program files (x86)/atmel/studio/7.0/toolchain/arm/arm-gnu-toolchain/bin/../lib/gcc/arm-none-eabi/6.3.1/../../../../arm-none-eabi/lib/thumb/v6-m\libc.a(lib_a-init.o)
 .ARM.attributes
                0x00000272       0x2c c:/program files (x86)/atmel/studio/7.0/toolchain/arm/arm-gnu-toolchain/bin/../lib/gcc/arm-none-eabi/6.3.1/../../../../arm-none-eabi/lib/thumb/v6-m\libc.a(lib_a-__call_atexit.o)
 .ARM.attributes
                0x0000029e       0x2c c:/program files (x86)/atmel/studio/7.0/toolchain/arm/arm-gnu-toolchain/bin/../lib/gcc/arm-none-eabi/6.3.1/../../../../arm-none-eabi/lib/thumb/v6-m\libc.a(lib_a-atexit.o)
 .ARM.attributes
                0x000002ca       0x2c c:/program files (x86)/atmel/studio/7.0/toolchain/arm/arm-gnu-toolchain/bin/../lib/gcc/arm-none-eabi/6.3.1/../../../../arm-none-eabi/lib/thumb/v6-m\libc.a(lib_a-fini.o)
 .ARM.attributes
                0x000002f6       0x2c c:/program files (x86)/atmel/studio/7.0/toolchain/arm/arm-gnu-toolchain/bin/../lib/gcc/arm-none-eabi/6.3.1/../../../../arm-none-eabi/lib/thumb/v6-m\libc.a(lib_a-lock.o)
 .ARM.attributes
                0x00000322       0x2c c:/program files (x86)/atmel/studio/7.0/toolchain/arm/arm-gnu-toolchain/bin/../lib/gcc/arm-none-eabi/6.3.1/../../../../arm-none-eabi/lib/thumb/v6-m\libc.a(lib_a-__atexit.o)
 .ARM.attributes
                0x0000034e       0x1e c:/program files (x86)/atmel/studio/7.0/toolchain/arm/arm-gnu-toolchain/bin/../lib/gcc/arm-none-eabi/6.3.1/thumb/v6-m/crtn.o

.comment        0x00000000       0x59
 .comment       0x00000000       0x59 app.o
                                 0x5a (size before relaxing)
 .comment       0x00000059       0x5a clock.o
 .comment       0x00000059       0x5a delay.o
 .comment       0x00000059       0x5a Device_Startup/startup_samd21.o
 .comment       0x00000059       0x5a main.o
 .comment       0x00000059       0x5a USART3.o

.debug_info     0x00000000     0xbc19
 .debug_info    0x00000000     0x3109 app.o
 .debug_info    0x00003109     0x2799 clock.o
 .debug_info    0x000058a2       0x5a delay.o
 .debug_info    0x000058fc     0x3a28 Device_Startup/startup_samd21.o
 .debug_info    0x00009324       0xe9 main.o
 .debug_info    0x0000940d     0x280c USART3.o

.debug_abbrev   0x00000000      0x8bc
 .debug_abbrev  0x00000000      0x21f app.o
 .debug_abbrev  0x0000021f      0x188 clock.o
 .debug_abbrev  0x000003a7       0x4d delay.o
 .debug_abbrev  0x000003f4      0x234 Device_Startup/startup_samd21.o
 .debug_abbrev  0x00000628       0x86 main.o
 .debug_abbrev  0x000006ae      0x20e USART3.o

.debug_loc      0x00000000      0x2c9
 .debug_loc     0x00000000       0x9f app.o
 .debug_loc     0x0000009f       0x6b clock.o
 .debug_loc     0x0000010a       0x40 Device_Startup/startup_samd21.o
 .debug_loc     0x0000014a       0x20 main.o
 .debug_loc     0x0000016a      0x15f USART3.o

.debug_aranges  0x00000000       0xf8
 .debug_aranges
                0x00000000       0x30 app.o
 .debug_aranges
                0x00000030       0x20 clock.o
 .debug_aranges
                0x00000050       0x20 delay.o
 .debug_aranges
                0x00000070       0x28 Device_Startup/startup_samd21.o
 .debug_aranges
                0x00000098       0x20 main.o
 .debug_aranges
                0x000000b8       0x40 USART3.o

.debug_ranges   0x00000000       0x98
 .debug_ranges  0x00000000       0x20 app.o
 .debug_ranges  0x00000020       0x10 clock.o
 .debug_ranges  0x00000030       0x10 delay.o
 .debug_ranges  0x00000040       0x18 Device_Startup/startup_samd21.o
 .debug_ranges  0x00000058       0x10 main.o
 .debug_ranges  0x00000068       0x30 USART3.o

.debug_macro    0x00000000    0x1173a
 .debug_macro   0x00000000      0x33b app.o
 .debug_macro   0x0000033b      0x8b0 app.o
 .debug_macro   0x00000beb       0x22 app.o
 .debug_macro   0x00000c0d       0x87 app.o
 .debug_macro   0x00000c94       0x51 app.o
 .debug_macro   0x00000ce5       0xef app.o
 .debug_macro   0x00000dd4       0x6a app.o
 .debug_macro   0x00000e3e      0x1df app.o
 .debug_macro   0x0000101d       0x39 app.o
 .debug_macro   0x00001056       0x1c app.o
 .debug_macro   0x00001072       0x22 app.o
 .debug_macro   0x00001094       0xb5 app.o
 .debug_macro   0x00001149      0x3ad app.o
 .debug_macro   0x000014f6      0x67e app.o
 .debug_macro   0x00001b74      0x8b1 app.o
 .debug_macro   0x00002425      0x22e app.o
 .debug_macro   0x00002653      0xd5c app.o
 .debug_macro   0x000033af      0x4dc app.o
 .debug_macro   0x0000388b      0x9f6 app.o
 .debug_macro   0x00004281      0x82b app.o
 .debug_macro   0x00004aac      0x45f app.o
 .debug_macro   0x00004f0b       0x5e app.o
 .debug_macro   0x00004f69      0x8f9 app.o
 .debug_macro   0x00005862      0x21c app.o
 .debug_macro   0x00005a7e      0x735 app.o
 .debug_macro   0x000061b3       0x5e app.o
 .debug_macro   0x00006211      0x632 app.o
 .debug_macro   0x00006843      0x3ac app.o
 .debug_macro   0x00006bef      0xc76 app.o
 .debug_macro   0x00007865     0x1092 app.o
 .debug_macro   0x000088f7      0xc4a app.o
 .debug_macro   0x00009541      0x6ba app.o
 .debug_macro   0x00009bfb     0x1b3d app.o
 .debug_macro   0x0000b738     0x143c app.o
 .debug_macro   0x0000cb74      0x340 app.o
 .debug_macro   0x0000ceb4       0x7c app.o
 .debug_macro   0x0000cf30       0xa0 app.o
 .debug_macro   0x0000cfd0       0x4c app.o
 .debug_macro   0x0000d01c       0xca app.o
 .debug_macro   0x0000d0e6       0x94 app.o
 .debug_macro   0x0000d17a       0x58 app.o
 .debug_macro   0x0000d1d2      0x341 app.o
 .debug_macro   0x0000d513       0x82 app.o
 .debug_macro   0x0000d595      0x189 app.o
 .debug_macro   0x0000d71e       0xb8 app.o
 .debug_macro   0x0000d7d6       0xa0 app.o
 .debug_macro   0x0000d876       0xb2 app.o
 .debug_macro   0x0000d928       0x1c app.o
 .debug_macro   0x0000d944       0x1c app.o
 .debug_macro   0x0000d960       0x1c app.o
 .debug_macro   0x0000d97c       0x7c app.o
 .debug_macro   0x0000d9f8      0x15a app.o
 .debug_macro   0x0000db52       0x10 app.o
 .debug_macro   0x0000db62       0xdc app.o
 .debug_macro   0x0000dc3e      0x124 app.o
 .debug_macro   0x0000dd62      0x124 app.o
 .debug_macro   0x0000de86      0x124 app.o
 .debug_macro   0x0000dfaa      0x124 app.o
 .debug_macro   0x0000e0ce      0x124 app.o
 .debug_macro   0x0000e1f2      0x124 app.o
 .debug_macro   0x0000e316      0x124 app.o
 .debug_macro   0x0000e43a       0xe2 app.o
 .debug_macro   0x0000e51c       0xe2 app.o
 .debug_macro   0x0000e5fe       0xe2 app.o
 .debug_macro   0x0000e6e0      0x12a app.o
 .debug_macro   0x0000e80a      0x100 app.o
 .debug_macro   0x0000e90a       0xf4 app.o
 .debug_macro   0x0000e9fe      0x40f app.o
 .debug_macro   0x0000ee0d       0x40 app.o
 .debug_macro   0x0000ee4d      0x376 app.o
 .debug_macro   0x0000f1c3     0x17df app.o
 .debug_macro   0x000109a2       0x6d app.o
 .debug_macro   0x00010a0f       0x64 app.o
 .debug_macro   0x00010a73       0x22 app.o
 .debug_macro   0x00010a95       0x40 app.o
 .debug_macro   0x00010ad5      0x30f clock.o
 .debug_macro   0x00010de4       0x1a delay.o
 .debug_macro   0x00010dfe      0x2fc Device_Startup/startup_samd21.o
 .debug_macro   0x000110fa      0x30f main.o
 .debug_macro   0x00011409      0x331 USART3.o

.debug_line     0x00000000     0x244e
 .debug_line    0x00000000      0x791 app.o
 .debug_line    0x00000791      0x740 clock.o
 .debug_line    0x00000ed1       0x49 delay.o
 .debug_line    0x00000f1a      0x6f7 Device_Startup/startup_samd21.o
 .debug_line    0x00001611      0x6d8 main.o
 .debug_line    0x00001ce9      0x765 USART3.o

.debug_str      0x00000000    0x6f16b
 .debug_str     0x00000000    0x6dc8f app.o
                              0x6e039 (size before relaxing)
 .debug_str     0x0006dc8f      0x552 clock.o
                              0x6dc57 (size before relaxing)
 .debug_str     0x0006e1e1        0xd delay.o
                               0x2716 (size before relaxing)
 .debug_str     0x0006e1ee      0xf2c Device_Startup/startup_samd21.o
                              0x6e1df (size before relaxing)
 .debug_str     0x0006f11a        0xc main.o
                              0x6d1e2 (size before relaxing)
 .debug_str     0x0006f126       0x45 USART3.o
                              0x6dde2 (size before relaxing)

.debug_frame    0x00000000      0x374
 .debug_frame   0x00000000       0x58 app.o
 .debug_frame   0x00000058       0x20 clock.o
 .debug_frame   0x00000078       0x20 delay.o
 .debug_frame   0x00000098       0x40 Device_Startup/startup_samd21.o
 .debug_frame   0x000000d8       0x28 main.o
 .debug_frame   0x00000100       0x78 USART3.o
 .debug_frame   0x00000178       0x3c c:/program files (x86)/atmel/studio/7.0/toolchain/arm/arm-gnu-toolchain/bin/../lib/gcc/arm-none-eabi/6.3.1/thumb/v6-m\libgcc.a(_udivmoddi4.o)
 .debug_frame   0x000001b4       0x2c c:/program files (x86)/atmel/studio/7.0/toolchain/arm/arm-gnu-toolchain/bin/../lib/gcc/arm-none-eabi/6.3.1/../../../../arm-none-eabi/lib/thumb/v6-m\libc.a(lib_a-init.o)
 .debug_frame   0x000001e0       0x54 c:/program files (x86)/atmel/studio/7.0/toolchain/arm/arm-gnu-toolchain/bin/../lib/gcc/arm-none-eabi/6.3.1/../../../../arm-none-eabi/lib/thumb/v6-m\libc.a(lib_a-__call_atexit.o)
 .debug_frame   0x00000234       0x28 c:/program files (x86)/atmel/studio/7.0/toolchain/arm/arm-gnu-toolchain/bin/../lib/gcc/arm-none-eabi/6.3.1/../../../../arm-none-eabi/lib/thumb/v6-m\libc.a(lib_a-atexit.o)
 .debug_frame   0x0000025c       0x2c c:/program files (x86)/atmel/studio/7.0/toolchain/arm/arm-gnu-toolchain/bin/../lib/gcc/arm-none-eabi/6.3.1/../../../../arm-none-eabi/lib/thumb/v6-m\libc.a(lib_a-fini.o)
 .debug_frame   0x00000288       0xb0 c:/program files (x86)/atmel/studio/7.0/toolchain/arm/arm-gnu-toolchain/bin/../lib/gcc/arm-none-eabi/6.3.1/../../../../arm-none-eabi/lib/thumb/v6-m\libc.a(lib_a-lock.o)
 .debug_frame   0x00000338       0x3c c:/program files (x86)/atmel/studio/7.0/toolchain/arm/arm-gnu-toolchain/bin/../lib/gcc/arm-none-eabi/6.3.1/../../../../arm-none-eabi/lib/thumb/v6-m\libc.a(lib_a-__atexit.o)
