Archive member included to satisfy reference by file (symbol)

c:/program files (x86)/atmel/studio/7.0/toolchain/arm/arm-gnu-toolchain/bin/../lib/gcc/arm-none-eabi/6.3.1/thumb/v6-m\libgcc.a(_udivsi3.o)
                              ff.o (__aeabi_uidiv)
c:/program files (x86)/atmel/studio/7.0/toolchain/arm/arm-gnu-toolchain/bin/../lib/gcc/arm-none-eabi/6.3.1/thumb/v6-m\libgcc.a(_dvmd_tls.o)
                              c:/program files (x86)/atmel/studio/7.0/toolchain/arm/arm-gnu-toolchain/bin/../lib/gcc/arm-none-eabi/6.3.1/thumb/v6-m\libgcc.a(_udivsi3.o) (__aeabi_idiv0)
c:/program files (x86)/atmel/studio/7.0/toolchain/arm/arm-gnu-toolchain/bin/../lib/gcc/arm-none-eabi/6.3.1/thumb/v6-m\libgcc.a(_aeabi_uldivmod.o)
                              USART3.o (__aeabi_uldivmod)
c:/program files (x86)/atmel/studio/7.0/toolchain/arm/arm-gnu-toolchain/bin/../lib/gcc/arm-none-eabi/6.3.1/thumb/v6-m\libgcc.a(_udivmoddi4.o)
                              c:/program files (x86)/atmel/studio/7.0/toolchain/arm/arm-gnu-toolchain/bin/../lib/gcc/arm-none-eabi/6.3.1/thumb/v6-m\libgcc.a(_aeabi_uldivmod.o) (__udivmoddi4)
c:/program files (x86)/atmel/studio/7.0/toolchain/arm/arm-gnu-toolchain/bin/../lib/gcc/arm-none-eabi/6.3.1/thumb/v6-m\libgcc.a(_clzdi2.o)
                              c:/program files (x86)/atmel/studio/7.0/toolchain/arm/arm-gnu-toolchain/bin/../lib/gcc/arm-none-eabi/6.3.1/thumb/v6-m\libgcc.a(_udivmoddi4.o) (__clzdi2)
c:/program files (x86)/atmel/studio/7.0/toolchain/arm/arm-gnu-toolchain/bin/../lib/gcc/arm-none-eabi/6.3.1/thumb/v6-m\libgcc.a(_clzsi2.o)
                              c:/program files (x86)/atmel/studio/7.0/toolchain/arm/arm-gnu-toolchain/bin/../lib/gcc/arm-none-eabi/6.3.1/thumb/v6-m\libgcc.a(_clzdi2.o) (__clzsi2)
c:/program files (x86)/atmel/studio/7.0/toolchain/arm/arm-gnu-toolchain/bin/../lib/gcc/arm-none-eabi/6.3.1/../../../../arm-none-eabi/lib/thumb/v6-m\libc.a(lib_a-exit.o)
                              c:/program files (x86)/atmel/studio/7.0/toolchain/arm/arm-gnu-toolchain/bin/../lib/gcc/arm-none-eabi/6.3.1/../../../../arm-none-eabi/lib/thumb/v6-m/crt0.o (exit)
c:/program files (x86)/atmel/studio/7.0/toolchain/arm/arm-gnu-toolchain/bin/../lib/gcc/arm-none-eabi/6.3.1/../../../../arm-none-eabi/lib/thumb/v6-m\libc.a(lib_a-impure.o)
                              c:/program files (x86)/atmel/studio/7.0/toolchain/arm/arm-gnu-toolchain/bin/../lib/gcc/arm-none-eabi/6.3.1/../../../../arm-none-eabi/lib/thumb/v6-m\libc.a(lib_a-exit.o) (_global_impure_ptr)
c:/program files (x86)/atmel/studio/7.0/toolchain/arm/arm-gnu-toolchain/bin/../lib/gcc/arm-none-eabi/6.3.1/../../../../arm-none-eabi/lib/thumb/v6-m\libc.a(lib_a-init.o)
                              c:/program files (x86)/atmel/studio/7.0/toolchain/arm/arm-gnu-toolchain/bin/../lib/gcc/arm-none-eabi/6.3.1/../../../../arm-none-eabi/lib/thumb/v6-m/crt0.o (__libc_init_array)
c:/program files (x86)/atmel/studio/7.0/toolchain/arm/arm-gnu-toolchain/bin/../lib/gcc/arm-none-eabi/6.3.1/../../../../arm-none-eabi/lib/thumb/v6-m\libc.a(lib_a-memset.o)
                              c:/program files (x86)/atmel/studio/7.0/toolchain/arm/arm-gnu-toolchain/bin/../lib/gcc/arm-none-eabi/6.3.1/../../../../arm-none-eabi/lib/thumb/v6-m/crt0.o (memset)
c:/program files (x86)/atmel/studio/7.0/toolchain/arm/arm-gnu-toolchain/bin/../lib/gcc/arm-none-eabi/6.3.1/../../../../arm-none-eabi/lib/thumb/v6-m\libc.a(lib_a-__call_atexit.o)
                              c:/program files (x86)/atmel/studio/7.0/toolchain/arm/arm-gnu-toolchain/bin/../lib/gcc/arm-none-eabi/6.3.1/../../../../arm-none-eabi/lib/thumb/v6-m\libc.a(lib_a-exit.o) (__call_exitprocs)
c:/program files (x86)/atmel/studio/7.0/toolchain/arm/arm-gnu-toolchain/bin/../lib/gcc/arm-none-eabi/6.3.1/../../../../arm-none-eabi/lib/thumb/v6-m\libc.a(lib_a-atexit.o)
                              c:/program files (x86)/atmel/studio/7.0/toolchain/arm/arm-gnu-toolchain/bin/../lib/gcc/arm-none-eabi/6.3.1/../../../../arm-none-eabi/lib/thumb/v6-m\libc.a(lib_a-__call_atexit.o) (atexit)
c:/program files (x86)/atmel/studio/7.0/toolchain/arm/arm-gnu-toolchain/bin/../lib/gcc/arm-none-eabi/6.3.1/../../../../arm-none-eabi/lib/thumb/v6-m\libc.a(lib_a-fini.o)
                              c:/program files (x86)/atmel/studio/7.0/toolchain/arm/arm-gnu-toolchain/bin/../lib/gcc/arm-none-eabi/6.3.1/../../../../arm-none-eabi/lib/thumb/v6-m\libc.a(lib_a-__call_atexit.o) (__libc_fini_array)
c:/program files (x86)/atmel/studio/7.0/toolchain/arm/arm-gnu-toolchain/bin/../lib/gcc/arm-none-eabi/6.3.1/../../../../arm-none-eabi/lib/thumb/v6-m\libc.a(lib_a-lock.o)
                              c:/program files (x86)/atmel/studio/7.0/toolchain/arm/arm-gnu-toolchain/bin/../lib/gcc/arm-none-eabi/6.3.1/../../../../arm-none-eabi/lib/thumb/v6-m\libc.a(lib_a-__call_atexit.o) (__retarget_lock_acquire_recursive)
[...]
Memory Configuration

Name             Origin             Length             Attributes
rom              0x00000000         0x00040000         xr
ram              0x20000000         0x00008000         xrw
*default*        0x00000000         0xffffffff

Linker script and memory map

LOAD c:/program files (x86)/atmel/studio/7.0/toolchain/arm/arm-gnu-toolchain/bin/../lib/gcc/arm-none-eabi/6.3.1/thumb/v6-m/crti.o
LOAD c:/program files (x86)/atmel/studio/7.0/toolchain/arm/arm-gnu-toolchain/bin/../lib/gcc/arm-none-eabi/6.3.1/thumb/v6-m/crtbegin.o
LOAD c:/program files (x86)/atmel/studio/7.0/toolchain/arm/arm-gnu-toolchain/bin/../lib/gcc/arm-none-eabi/6.3.1/../../../../arm-none-eabi/lib/thumb/v6-m/crt0.o
LOAD app.o
LOAD clock.o
LOAD delay.o
LOAD Device_Startup/startup_samd21.o
LOAD Device_Startup/system_samd21.o
LOAD diskio.o
LOAD ff.o
LOAD main.o
LOAD SD.o
LOAD SPI.o
LOAD USART3.o
START GROUP
LOAD c:/program files (x86)/atmel/studio/7.0/toolchain/arm/arm-gnu-toolchain/bin/../lib/gcc/arm-none-eabi/6.3.1/../../../../arm-none-eabi/lib/thumb/v6-m\libm.a
END GROUP
START GROUP
LOAD c:/program files (x86)/atmel/studio/7.0/toolchain/arm/arm-gnu-toolchain/bin/../lib/gcc/arm-none-eabi/6.3.1/thumb/v6-m\libgcc.a
LOAD c:/program files (x86)/atmel/studio/7.0/toolchain/arm/arm-gnu-toolchain/bin/../lib/gcc/arm-none-eabi/6.3.1/../../../../arm-none-eabi/lib/thumb/v6-m\libc.a
END GROUP
LOAD c:/program files (x86)/atmel/studio/7.0/toolchain/arm/arm-gnu-toolchain/bin/../lib/gcc/arm-none-eabi/6.3.1/thumb/v6-m/crtend.o
LOAD c:/program files (x86)/atmel/studio/7.0/toolchain/arm/arm-gnu-toolchain/bin/../lib/gcc/arm-none-eabi/6.3.1/thumb/v6-m/crtn.o
                0x00002000                STACK_SIZE = DEFINED (STACK_SIZE)?STACK_SIZE:DEFINED (__stack_size__)?__stack_size__:0x2000

.text           0x00000000     0x2d10
                0x00000000                . = ALIGN (0x4)
                0x00000000                _sfixed = .
 *(.vectors .vectors.*)
 .vectors       0x00000000       0xb4 Device_Startup/startup_samd21.o
                0x00000000                exception_table
 *(.text .text.* .gnu.linkonce.t.*)
 .text          0x000000b4       0x60 c:/program files (x86)/atmel/studio/7.0/toolchain/arm/arm-gnu-toolchain/bin/../lib/gcc/arm-none-eabi/6.3.1/thumb/v6-m/crtbegin.o
 .text.AppInit  0x00000114       0x20 app.o
                0x00000114                AppInit
 .text.AppRun   0x00000134      0x1a4 app.o
                0x00000134                AppRun
 .text.ClocksInit
                0x000002d8      0x10c clock.o
                0x000002d8                ClocksInit
 .text.delay_n_cycles
                0x000003e4        0xc delay.o
                0x000003e4                delay_n_cycles
 .text.Dummy_Handler
                0x000003f0        0x2 Device_Startup/startup_samd21.o
                0x000003f0                SVCall_Handler
                0x000003f0                DMAC_Handler
                0x000003f0                HardFault_Handler
                0x000003f0                AC_Handler
                0x000003f0                SysTick_Handler
                0x000003f0                PendSV_Handler
                0x000003f0                SERCOM1_Handler
                0x000003f0                ADC_Handler
                0x000003f0                NonMaskableInt_Handler
                0x000003f0                TCC1_Handler
                0x000003f0                SERCOM2_Handler
                0x000003f0                TCC0_Handler
                0x000003f0                RTC_Handler
                0x000003f0                EIC_Handler
                0x000003f0                WDT_Handler
                0x000003f0                TC4_Handler
                0x000003f0                USB_Handler
                0x000003f0                TC3_Handler
                0x000003f0                Dummy_Handler
                0x000003f0                PM_Handler
                0x000003f0                SERCOM5_Handler
                0x000003f0                TCC2_Handler
                0x000003f0                EVSYS_Handler
                0x000003f0                SERCOM3_Handler
                0x000003f0                SERCOM4_Handler
                0x000003f0                I2S_Handler
                0x000003f0                NVMCTRL_Handler
                0x000003f0                SERCOM0_Handler
                0x000003f0                DAC_Handler
                0x000003f0                PTC_Handler
                0x000003f0                TC5_Handler
                0x000003f0                SYSCTRL_Handler
 *fill*         0x000003f2        0x2 
 .text.Reset_Handler
                0x000003f4       0xe4 Device_Startup/startup_samd21.o
                0x000003f4                Reset_Handler
 .text.disk_status
                0x000004d8        0x8 diskio.o
                0x000004d8                disk_status
 .text.disk_initialize
                0x000004e0       0x18 diskio.o
                0x000004e0                disk_initialize
 .text.disk_read
                0x000004f8       0x64 diskio.o
                0x000004f8                disk_read
 .text.disk_write
                0x0000055c       0x58 diskio.o
                0x0000055c                disk_write
 .text.disk_ioctl
                0x000005b4      0x100 diskio.o
                0x000005b4                disk_ioctl
 .text.get_fattime
                0x000006b4        0x4 diskio.o
                0x000006b4                get_fattime
 .text.mem_cpy  0x000006b8       0x14 ff.o
 .text.ld_clust
                0x000006cc       0x22 ff.o
 .text.get_ldnumber
                0x000006ee       0x56 ff.o
 .text.sync_window
                0x00000744       0x6c ff.o
 .text.move_window
                0x000007b0       0x40 ff.o
 .text.check_fs
                0x000007f0       0xa0 ff.o
 .text.validate
                0x00000890       0x3c ff.o
 .text.find_volume
                0x000008cc      0x3dc ff.o
 .text.sync_fs  0x00000ca8       0xf4 ff.o
 .text.clust2sect
                0x00000d9c       0x18 ff.o
                0x00000d9c                clust2sect
 .text.get_fat  0x00000db4       0xf8 ff.o
                0x00000db4                get_fat
 .text.dir_sdi  0x00000eac       0xb0 ff.o
 .text.put_fat  0x00000f5c      0x14c ff.o
                0x00000f5c                put_fat
 .text.create_chain
                0x000010a8       0xcc ff.o
 .text.dir_next
                0x00001174      0x124 ff.o
 .text.follow_path
                0x00001298      0x290 ff.o
 .text.dir_register
                0x00001528       0x84 ff.o
 .text.remove_chain
                0x000015ac       0x7c ff.o
 .text.f_mount  0x00001628       0x70 ff.o
                0x00001628                f_mount
 .text.f_open   0x00001698      0x1a0 ff.o
                0x00001698                f_open
 .text.f_read   0x00001838      0x1ac ff.o
                0x00001838                f_read
 .text.f_write  0x000019e4      0x1f4 ff.o
                0x000019e4                f_write
 .text.f_sync   0x00001bd8       0xb4 ff.o
                0x00001bd8                f_sync
 .text.f_close  0x00001c8c       0x28 ff.o
                0x00001c8c                f_close
 .text.f_gets   0x00001cb4       0x54 ff.o
                0x00001cb4                f_gets
 .text.main     0x00001d08       0x14 main.o
                0x00001d08                main
 .text.SDCard_WaitRead
                0x00001d1c       0x24 SD.o
                0x00001d1c                SDCard_WaitRead
 .text.SDCard_WriteCmd
                0x00001d40       0x80 SD.o
                0x00001d40                SDCard_WriteCmd
 .text.SDCard_Init
                0x00001dc0      0x178 SD.o
                0x00001dc0                SDCard_Init
 .text.SDCard_CardID
                0x00001f38       0x34 SD.o
                0x00001f38                SDCard_CardID
 .text.SDCard_ReadSingleBlock
                0x00001f6c       0xcc SD.o
                0x00001f6c                SDCard_ReadSingleBlock
 .text.SDCard_ReadMultipleBlock
                0x00002038       0xa4 SD.o
                0x00002038                SDCard_ReadMultipleBlock
 .text.SDCard_WriteSingleBlock
                0x000020dc       0xe4 SD.o
                0x000020dc                SDCard_WriteSingleBlock
 .text.SDCard_WriteMultipleBlock
                0x000021c0      0x100 SD.o
                0x000021c0                SDCard_WriteMultipleBlock
 .text.SPI_Initialize_Fast
                0x000022c0       0xa4 SPI.o
                0x000022c0                SPI_Initialize_Fast
 .text.SPI_Initialize_Slow
                0x00002364       0xa4 SPI.o
                0x00002364                SPI_Initialize_Slow
 .text.SPI_Exchange8bit
                0x00002408       0x20 SPI.o
                0x00002408                SPI_Exchange8bit
 .text.SPI_SD_Send_Byte
                0x00002428        0xc SPI.o
                0x00002428                SPI_SD_Send_Byte
 .text.SPI_SD_Read_Byte
                0x00002434       0x10 SPI.o
                0x00002434                SPI_SD_Read_Byte
 .text.UART3_Init
                0x00002444       0xa8 USART3.o
                0x00002444                UART3_Init
 .text.UART3_Write
                0x000024ec       0x18 USART3.o
                0x000024ec                UART3_Write
 .text.UART3_Write_Text
                0x00002504       0x20 USART3.o
                0x00002504                UART3_Write_Text
 .text          0x00002524      0x114 c:/program files (x86)/atmel/studio/7.0/toolchain/arm/arm-gnu-toolchain/bin/../lib/gcc/arm-none-eabi/6.3.1/thumb/v6-m\libgcc.a(_udivsi3.o)
                0x00002524                __aeabi_uidiv
                0x00002524                __udivsi3
                0x00002630                __aeabi_uidivmod
 .text          0x00002638        0x4 c:/program files (x86)/atmel/studio/7.0/toolchain/arm/arm-gnu-toolchain/bin/../lib/gcc/arm-none-eabi/6.3.1/thumb/v6-m\libgcc.a(_dvmd_tls.o)
                0x00002638                __aeabi_idiv0
                0x00002638                __aeabi_ldiv0
 .text          0x0000263c       0x40 c:/program files (x86)/atmel/studio/7.0/toolchain/arm/arm-gnu-toolchain/bin/../lib/gcc/arm-none-eabi/6.3.1/thumb/v6-m\libgcc.a(_aeabi_uldivmod.o)
                0x0000263c                __aeabi_uldivmod
 .text          0x0000267c      0x180 c:/program files (x86)/atmel/studio/7.0/toolchain/arm/arm-gnu-toolchain/bin/../lib/gcc/arm-none-eabi/6.3.1/thumb/v6-m\libgcc.a(_udivmoddi4.o)
                0x0000267c                __udivmoddi4
 .text          0x000027fc       0x18 c:/program files (x86)/atmel/studio/7.0/toolchain/arm/arm-gnu-toolchain/bin/../lib/gcc/arm-none-eabi/6.3.1/thumb/v6-m\libgcc.a(_clzdi2.o)
                0x000027fc                __clzdi2
 .text          0x00002814       0x3c c:/program files (x86)/atmel/studio/7.0/toolchain/arm/arm-gnu-toolchain/bin/../lib/gcc/arm-none-eabi/6.3.1/thumb/v6-m\libgcc.a(_clzsi2.o)
                0x00002814                __clzsi2
 .text.__libc_init_array
                0x00002850       0x48 c:/program files (x86)/atmel/studio/7.0/toolchain/arm/arm-gnu-toolchain/bin/../lib/gcc/arm-none-eabi/6.3.1/../../../../arm-none-eabi/lib/thumb/v6-m\libc.a(lib_a-init.o)
                0x00002850                __libc_init_array
 .text.startup.register_fini
                0x00002898       0x18 c:/program files (x86)/atmel/studio/7.0/toolchain/arm/arm-gnu-toolchain/bin/../lib/gcc/arm-none-eabi/6.3.1/../../../../arm-none-eabi/lib/thumb/v6-m\libc.a(lib_a-__call_atexit.o)
 .text.atexit   0x000028b0       0x10 c:/program files (x86)/atmel/studio/7.0/toolchain/arm/arm-gnu-toolchain/bin/../lib/gcc/arm-none-eabi/6.3.1/../../../../arm-none-eabi/lib/thumb/v6-m\libc.a(lib_a-atexit.o)
                0x000028b0                atexit
 .text.__libc_fini_array
                0x000028c0       0x34 c:/program files (x86)/atmel/studio/7.0/toolchain/arm/arm-gnu-toolchain/bin/../lib/gcc/arm-none-eabi/6.3.1/../../../../arm-none-eabi/lib/thumb/v6-m\libc.a(lib_a-fini.o)
                0x000028c0                __libc_fini_array
 .text.__retarget_lock_acquire_recursive
                0x000028f4        0x4 c:/program files (x86)/atmel/studio/7.0/toolchain/arm/arm-gnu-toolchain/bin/../lib/gcc/arm-none-eabi/6.3.1/../../../../arm-none-eabi/lib/thumb/v6-m\libc.a(lib_a-lock.o)
                0x000028f4                __retarget_lock_acquire_recursive
 .text.__retarget_lock_release_recursive
                0x000028f8        0x4 c:/program files (x86)/atmel/studio/7.0/toolchain/arm/arm-gnu-toolchain/bin/../lib/gcc/arm-none-eabi/6.3.1/../../../../arm-none-eabi/lib/thumb/v6-m\libc.a(lib_a-lock.o)
                0x000028f8                __retarget_lock_release_recursive
 .text.__register_exitproc
                0x000028fc       0xf4 c:/program files (x86)/atmel/studio/7.0/toolchain/arm/arm-gnu-toolchain/bin/../lib/gcc/arm-none-eabi/6.3.1/../../../../arm-none-eabi/lib/thumb/v6-m\libc.a(lib_a-__atexit.o)
                0x000028fc                __register_exitproc
 *(.glue_7t)
 .glue_7t       0x000029f0        0x0 linker stubs
 *(.glue_7)
 .glue_7        0x000029f0        0x0 linker stubs
 *(.rodata .rodata* .gnu.linkonce.r.*)
 .rodata.str1.4
                0x000029f0      0x17d app.o
 *fill*         0x00002b6d        0x3 
 .rodata.str1.4
                0x00002b70       0x2e diskio.o
                                 0x32 (size before relaxing)
 *fill*         0x00002b9e        0x2 
 .rodata.str1.4
                0x00002ba0        0xf ff.o
 *fill*         0x00002baf        0x1 
 .rodata.str1.4
                0x00002bb0      0x138 SD.o
                                0x135 (size before relaxing)
 .rodata._global_impure_ptr
                0x00002ce8        0x4 c:/program files (x86)/atmel/studio/7.0/toolchain/arm/arm-gnu-toolchain/bin/../lib/gcc/arm-none-eabi/6.3.1/../../../../arm-none-eabi/lib/thumb/v6-m\libc.a(lib_a-impure.o)
                0x00002ce8                _global_impure_ptr
 *(.ARM.extab* .gnu.linkonce.armextab.*)
                0x00002cec                . = ALIGN (0x4)
 *(.init)
 .init          0x00002cec        0x4 c:/program files (x86)/atmel/studio/7.0/toolchain/arm/arm-gnu-toolchain/bin/../lib/gcc/arm-none-eabi/6.3.1/thumb/v6-m/crti.o
                0x00002cec                _init
 .init          0x00002cf0        0x8 c:/program files (x86)/atmel/studio/7.0/toolchain/arm/arm-gnu-toolchain/bin/../lib/gcc/arm-none-eabi/6.3.1/thumb/v6-m/crtn.o
                0x00002cf8                . = ALIGN (0x4)
                0x00002cf8                __preinit_array_start = .
 *(.preinit_array)
                0x00002cf8                __preinit_array_end = .
                0x00002cf8                . = ALIGN (0x4)
                0x00002cf8                __init_array_start = .
 *(SORT(.init_array.*))
 .init_array.00000
                0x00002cf8        0x4 c:/program files (x86)/atmel/studio/7.0/toolchain/arm/arm-gnu-toolchain/bin/../lib/gcc/arm-none-eabi/6.3.1/../../../../arm-none-eabi/lib/thumb/v6-m\libc.a(lib_a-__call_atexit.o)
 *(.init_array)
 .init_array    0x00002cfc        0x4 c:/program files (x86)/atmel/studio/7.0/toolchain/arm/arm-gnu-toolchain/bin/../lib/gcc/arm-none-eabi/6.3.1/thumb/v6-m/crtbegin.o
                0x00002d00                __init_array_end = .
                0x00002d00                . = ALIGN (0x4)
 *crtbegin.o(.ctors)
 *(EXCLUDE_FILE(*crtend.o) .ctors)
 *(SORT(.ctors.*))
 *crtend.o(.ctors)
                0x00002d00                . = ALIGN (0x4)
 *(.fini)
 .fini          0x00002d00        0x4 c:/program files (x86)/atmel/studio/7.0/toolchain/arm/arm-gnu-toolchain/bin/../lib/gcc/arm-none-eabi/6.3.1/thumb/v6-m/crti.o
                0x00002d00                _fini
 .fini          0x00002d04        0x8 c:/program files (x86)/atmel/studio/7.0/toolchain/arm/arm-gnu-toolchain/bin/../lib/gcc/arm-none-eabi/6.3.1/thumb/v6-m/crtn.o
                0x00002d0c                . = ALIGN (0x4)
                0x00002d0c                __fini_array_start = .
 *(.fini_array)
 .fini_array    0x00002d0c        0x4 c:/program files (x86)/atmel/studio/7.0/toolchain/arm/arm-gnu-toolchain/bin/../lib/gcc/arm-none-eabi/6.3.1/thumb/v6-m/crtbegin.o
 *(SORT(.fini_array.*))
                0x00002d10                __fini_array_end = .
 *crtbegin.o(.dtors)
 *(EXCLUDE_FILE(*crtend.o) .dtors)
 *(SORT(.dtors.*))
 *crtend.o(.dtors)
                0x00002d10                . = ALIGN (0x4)
                0x00002d10                _efixed = .
                [!provide]                PROVIDE (__exidx_start, .)

.vfp11_veneer   0x00002d10        0x0
 .vfp11_veneer  0x00002d10        0x0 linker stubs

.v4_bx          0x00002d10        0x0
 .v4_bx         0x00002d10        0x0 linker stubs

.iplt           0x00002d10        0x0
 .iplt          0x00002d10        0x0 c:/program files (x86)/atmel/studio/7.0/toolchain/arm/arm-gnu-toolchain/bin/../lib/gcc/arm-none-eabi/6.3.1/thumb/v6-m/crtbegin.o

.ARM.exidx      0x00002d10        0x8
 *(.ARM.exidx* .gnu.linkonce.armexidx.*)
 .ARM.exidx     0x00002d10        0x8 c:/program files (x86)/atmel/studio/7.0/toolchain/arm/arm-gnu-toolchain/bin/../lib/gcc/arm-none-eabi/6.3.1/thumb/v6-m\libgcc.a(_udivmoddi4.o)
                [!provide]                PROVIDE (__exidx_end, .)

.eh_frame       0x00002d18        0x0
 .eh_frame      0x00002d18        0x0 c:/program files (x86)/atmel/studio/7.0/toolchain/arm/arm-gnu-toolchain/bin/../lib/gcc/arm-none-eabi/6.3.1/thumb/v6-m/crtbegin.o

.rel.dyn        0x00002d18        0x0
 .rel.iplt      0x00002d18        0x0 c:/program files (x86)/atmel/studio/7.0/toolchain/arm/arm-gnu-toolchain/bin/../lib/gcc/arm-none-eabi/6.3.1/thumb/v6-m/crtbegin.o

.jcr            0x00002d18        0x0
 .jcr           0x00002d18        0x0 c:/program files (x86)/atmel/studio/7.0/toolchain/arm/arm-gnu-toolchain/bin/../lib/gcc/arm-none-eabi/6.3.1/thumb/v6-m/crtbegin.o

.igot.plt       0x00002d18        0x0
 .igot.plt      0x00002d18        0x0 c:/program files (x86)/atmel/studio/7.0/toolchain/arm/arm-gnu-toolchain/bin/../lib/gcc/arm-none-eabi/6.3.1/thumb/v6-m/crtbegin.o
                0x00002d18                . = ALIGN (0x4)
                0x00002d18                _etext = .

.relocate       0x20000000      0x43c load address 0x00002d18
                0x20000000                . = ALIGN (0x4)
                0x20000000                _srelocate = .
 *(.ramfunc .ramfunc.*)
 *(.data .data.*)
 .data          0x20000000        0xc app.o
                0x20000000                data_file
 *fill*         0x2000000c        0x4 
 .data.impure_data
                0x20000010      0x428 c:/program files (x86)/atmel/studio/7.0/toolchain/arm/arm-gnu-toolchain/bin/../lib/gcc/arm-none-eabi/6.3.1/../../../../arm-none-eabi/lib/thumb/v6-m\libc.a(lib_a-impure.o)
 .data.__atexit_recursive_mutex
                0x20000438        0x4 c:/program files (x86)/atmel/studio/7.0/toolchain/arm/arm-gnu-toolchain/bin/../lib/gcc/arm-none-eabi/6.3.1/../../../../arm-none-eabi/lib/thumb/v6-m\libc.a(lib_a-__call_atexit.o)
                0x20000438                __atexit_recursive_mutex
                0x2000043c                . = ALIGN (0x4)
                0x2000043c                _erelocate = .

.bss            0x2000043c      0x6b0 load address 0x00003154
                0x2000043c                . = ALIGN (0x4)
                0x2000043c                _sbss = .
                0x2000043c                _szero = .
 *(.bss .bss.*)
 .bss           0x2000043c       0x1c c:/program files (x86)/atmel/studio/7.0/toolchain/arm/arm-gnu-toolchain/bin/../lib/gcc/arm-none-eabi/6.3.1/thumb/v6-m/crtbegin.o
 .bss           0x20000458        0x6 ff.o
 .bss           0x2000045e        0xe SD.o
                0x2000045e                tmp_0
                0x2000045f                lvar
                0x20000460                tmp_8
                0x20000461                tmp_55
                0x20000462                tmp_41
                0x20000463                tmp_1
                0x20000464                tmp_58
                0x20000465                SD_Type
                0x20000466                tmp_9
                0x20000467                tmp17
                0x20000468                tmp_24
                0x20000469                tmp17_2
                0x2000046a                tmpAMD
                0x2000046b                tmp_16
 *(COMMON)
 COMMON         0x2000046c      0x45c app.o
                0x2000046c                fs
                0x2000069c                FR
                0x200006a0                bw
                0x200006a4                fil
 COMMON         0x200008c8      0x200 SD.o
                0x200008c8                dataBuff
 COMMON         0x20000ac8       0x21 c:/program files (x86)/atmel/studio/7.0/toolchain/arm/arm-gnu-toolchain/bin/../lib/gcc/arm-none-eabi/6.3.1/../../../../arm-none-eabi/lib/thumb/v6-m\libc.a(lib_a-lock.o)
                0x20000ac8                __lock___atexit_recursive_mutex
                0x20000acc                __lock___arc4random_mutex
                0x20000ad0                __lock___env_recursive_mutex
                0x20000ad4                __lock___sinit_recursive_mutex
                0x20000ad8                __lock___malloc_recursive_mutex
                0x20000adc                __lock___at_quick_exit_mutex
                0x20000ae0                __lock___dd_hash_mutex
                0x20000ae4                __lock___tz_mutex
                0x20000ae8                __lock___sfp_recursive_mutex
                0x20000aec                . = ALIGN (0x4)
 *fill*         0x20000ae9        0x3 
                0x20000aec                _ebss = .
                0x20000aec                _ezero = .

.stack          0x20000aec     0x2004 load address 0x00003804
                0x20000af0                . = ALIGN (0x8)
 *fill*         0x20000aec        0x4 
                0x20000af0                _sstack = .
                0x20002af0                . = (. + STACK_SIZE)
 *fill*         0x20000af0     0x2000 
                0x20002af0                . = ALIGN (0x8)
                0x20002af0                _estack = .
                0x20002af0                . = ALIGN (0x4)
                0x20002af0                _end = .
OUTPUT(I01_SD_Card.elf elf32-littlearm)

.ARM.attributes
                0x00000000       0x28
 .ARM.attributes
                0x00000000       0x1e c:/program files (x86)/atmel/studio/7.0/toolchain/arm/arm-gnu-toolchain/bin/../lib/gcc/arm-none-eabi/6.3.1/thumb/v6-m/crti.o
 .ARM.attributes
                0x0000001e       0x2c c:/program files (x86)/atmel/studio/7.0/toolchain/arm/arm-gnu-toolchain/bin/../lib/gcc/arm-none-eabi/6.3.1/thumb/v6-m/crtbegin.o
 .ARM.attributes
                0x0000004a       0x32 app.o
 .ARM.attributes
                0x0000007c       0x32 clock.o
 .ARM.attributes
                0x000000ae       0x32 delay.o
 .ARM.attributes
                0x000000e0       0x32 Device_Startup/startup_samd21.o
 .ARM.attributes
                0x00000112       0x32 diskio.o
 .ARM.attributes
                0x00000144       0x32 ff.o
 .ARM.attributes
                0x00000176       0x32 main.o
 .ARM.attributes
                0x000001a8       0x32 SD.o
 .ARM.attributes
                0x000001da       0x32 SPI.o
 .ARM.attributes
                0x0000020c       0x32 USART3.o
 .ARM.attributes
                0x0000023e       0x1e c:/program files (x86)/atmel/studio/7.0/toolchain/arm/arm-gnu-toolchain/bin/../lib/gcc/arm-none-eabi/6.3.1/thumb/v6-m\libgcc.a(_udivsi3.o)
 .ARM.attributes
                0x0000025c       0x1e c:/program files (x86)/atmel/studio/7.0/toolchain/arm/arm-gnu-toolchain/bin/../lib/gcc/arm-none-eabi/6.3.1/thumb/v6-m\libgcc.a(_dvmd_tls.o)
 .ARM.attributes
                0x0000027a       0x1e c:/program files (x86)/atmel/studio/7.0/toolchain/arm/arm-gnu-toolchain/bin/../lib/gcc/arm-none-eabi/6.3.1/thumb/v6-m\libgcc.a(_aeabi_uldivmod.o)
 .ARM.attributes
                0x00000298       0x2c c:/program files (x86)/atmel/studio/7.0/toolchain/arm/arm-gnu-toolchain/bin/../lib/gcc/arm-none-eabi/6.3.1/thumb/v6-m\libgcc.a(_udivmoddi4.o)
 .ARM.attributes
                0x000002c4       0x1e c:/program files (x86)/atmel/studio/7.0/toolchain/arm/arm-gnu-toolchain/bin/../lib/gcc/arm-none-eabi/6.3.1/thumb/v6-m\libgcc.a(_clzdi2.o)
 .ARM.attributes
                0x000002e2       0x1e c:/program files (x86)/atmel/studio/7.0/toolchain/arm/arm-gnu-toolchain/bin/../lib/gcc/arm-none-eabi/6.3.1/thumb/v6-m\libgcc.a(_clzsi2.o)
 .ARM.attributes
                0x00000300       0x2c c:/program files (x86)/atmel/studio/7.0/toolchain/arm/arm-gnu-toolchain/bin/../lib/gcc/arm-none-eabi/6.3.1/../../../../arm-none-eabi/lib/thumb/v6-m\libc.a(lib_a-impure.o)
 .ARM.attributes
                0x0000032c       0x2c c:/program files (x86)/atmel/studio/7.0/toolchain/arm/arm-gnu-toolchain/bin/../lib/gcc/arm-none-eabi/6.3.1/../../../../arm-none-eabi/lib/thumb/v6-m\libc.a(lib_a-init.o)
 .ARM.attributes
                0x00000358       0x2c c:/program files (x86)/atmel/studio/7.0/toolchain/arm/arm-gnu-toolchain/bin/../lib/gcc/arm-none-eabi/6.3.1/../../../../arm-none-eabi/lib/thumb/v6-m\libc.a(lib_a-__call_atexit.o)
 .ARM.attributes
                0x00000384       0x2c c:/program files (x86)/atmel/studio/7.0/toolchain/arm/arm-gnu-toolchain/bin/../lib/gcc/arm-none-eabi/6.3.1/../../../../arm-none-eabi/lib/thumb/v6-m\libc.a(lib_a-atexit.o)
 .ARM.attributes
                0x000003b0       0x2c c:/program files (x86)/atmel/studio/7.0/toolchain/arm/arm-gnu-toolchain/bin/../lib/gcc/arm-none-eabi/6.3.1/../../../../arm-none-eabi/lib/thumb/v6-m\libc.a(lib_a-fini.o)
 .ARM.attributes
                0x000003dc       0x2c c:/program files (x86)/atmel/studio/7.0/toolchain/arm/arm-gnu-toolchain/bin/../lib/gcc/arm-none-eabi/6.3.1/../../../../arm-none-eabi/lib/thumb/v6-m\libc.a(lib_a-lock.o)
 .ARM.attributes
                0x00000408       0x2c c:/program files (x86)/atmel/studio/7.0/toolchain/arm/arm-gnu-toolchain/bin/../lib/gcc/arm-none-eabi/6.3.1/../../../../arm-none-eabi/lib/thumb/v6-m\libc.a(lib_a-__atexit.o)
 .ARM.attributes
                0x00000434       0x1e c:/program files (x86)/atmel/studio/7.0/toolchain/arm/arm-gnu-toolchain/bin/../lib/gcc/arm-none-eabi/6.3.1/thumb/v6-m/crtn.o

.comment        0x00000000       0x59
 .comment       0x00000000       0x59 app.o
                                 0x5a (size before relaxing)
 .comment       0x00000059       0x5a clock.o
 .comment       0x00000059       0x5a delay.o
 .comment       0x00000059       0x5a Device_Startup/startup_samd21.o
 .comment       0x00000059       0x5a diskio.o
 .comment       0x00000059       0x5a ff.o
 .comment       0x00000059       0x5a main.o
 .comment       0x00000059       0x5a SD.o
 .comment       0x00000059       0x5a SPI.o
 .comment       0x00000059       0x5a USART3.o

.debug_info     0x00000000    0x115a8
 .debug_info    0x00000000     0x10c9 app.o
 .debug_info    0x000010c9     0x2799 clock.o
 .debug_info    0x00003862       0x5a delay.o
 .debug_info    0x000038bc     0x3a28 Device_Startup/startup_samd21.o
 .debug_info    0x000072e4      0x562 diskio.o
 .debug_info    0x00007846     0x2eeb ff.o
 .debug_info    0x0000a731       0xe9 main.o
 .debug_info    0x0000a81a     0x1560 SD.o
 .debug_info    0x0000bd7a     0x3022 SPI.o
 .debug_info    0x0000ed9c     0x280c USART3.o

.debug_abbrev   0x00000000     0x12a0
 .debug_abbrev  0x00000000      0x244 app.o
 .debug_abbrev  0x00000244      0x188 clock.o
 .debug_abbrev  0x000003cc       0x4d delay.o
 .debug_abbrev  0x00000419      0x234 Device_Startup/startup_samd21.o
 .debug_abbrev  0x0000064d      0x186 diskio.o
 .debug_abbrev  0x000007d3      0x325 ff.o
 .debug_abbrev  0x00000af8       0x86 main.o
 .debug_abbrev  0x00000b7e      0x2fa SD.o
 .debug_abbrev  0x00000e78      0x21a SPI.o
 .debug_abbrev  0x00001092      0x20e USART3.o

.debug_loc      0x00000000     0x5c52
 .debug_loc     0x00000000       0x4d app.o
 .debug_loc     0x0000004d       0x6b clock.o
 .debug_loc     0x000000b8       0x40 Device_Startup/startup_samd21.o
 .debug_loc     0x000000f8      0x59a diskio.o
 .debug_loc     0x00000692     0x4acc ff.o
 .debug_loc     0x0000515e       0x20 main.o
 .debug_loc     0x0000517e      0x8f3 SD.o
 .debug_loc     0x00005a71       0x82 SPI.o
 .debug_loc     0x00005af3      0x15f USART3.o

.debug_aranges  0x00000000      0x368
 .debug_aranges
                0x00000000       0x28 app.o
 .debug_aranges
                0x00000028       0x20 clock.o
 .debug_aranges
                0x00000048       0x20 delay.o
 .debug_aranges
                0x00000068       0x28 Device_Startup/startup_samd21.o
 .debug_aranges
                0x00000090       0x48 diskio.o
 .debug_aranges
                0x000000d8      0x178 ff.o
 .debug_aranges
                0x00000250       0x20 main.o
 .debug_aranges
                0x00000270       0x78 SD.o
 .debug_aranges
                0x000002e8       0x40 SPI.o
 .debug_aranges
                0x00000328       0x40 USART3.o

.debug_ranges   0x00000000      0x360
 .debug_ranges  0x00000000       0x18 app.o
 .debug_ranges  0x00000018       0x10 clock.o
 .debug_ranges  0x00000028       0x10 delay.o
 .debug_ranges  0x00000038       0x18 Device_Startup/startup_samd21.o
 .debug_ranges  0x00000050       0x38 diskio.o
 .debug_ranges  0x00000088      0x1e8 ff.o
 .debug_ranges  0x00000270       0x10 main.o
 .debug_ranges  0x00000280       0x80 SD.o
 .debug_ranges  0x00000300       0x30 SPI.o
 .debug_ranges  0x00000330       0x30 USART3.o

.debug_macro    0x00000000    0x13984
 .debug_macro   0x00000000      0x523 app.o
 .debug_macro   0x00000523      0x8bc app.o
 .debug_macro   0x00000ddf       0x22 app.o
 .debug_macro   0x00000e01       0x52 app.o
 .debug_macro   0x00000e53       0x8d app.o
 .debug_macro   0x00000ee0       0x35 app.o
 .debug_macro   0x00000f15       0x9c app.o
 .debug_macro   0x00000fb1      0x16d app.o
 .debug_macro   0x0000111e       0x57 app.o
 .debug_macro   0x00001175       0x58 app.o
 .debug_macro   0x000011cd       0x1f app.o
 .debug_macro   0x000011ec       0x43 app.o
 .debug_macro   0x0000122f       0x20 app.o
 .debug_macro   0x0000124f      0x187 app.o
 .debug_macro   0x000013d6      0x353 app.o
 .debug_macro   0x00001729       0x10 app.o
 .debug_macro   0x00001739       0x35 app.o
 .debug_macro   0x0000176e       0x22 app.o
 .debug_macro   0x00001790       0x1c app.o
 .debug_macro   0x000017ac       0x10 app.o
 .debug_macro   0x000017bc       0x10 app.o
 .debug_macro   0x000017cc       0x6a app.o
 .debug_macro   0x00001836       0x1c app.o
 .debug_macro   0x00001852       0x52 app.o
 .debug_macro   0x000018a4       0x40 app.o
 .debug_macro   0x000018e4       0x10 app.o
 .debug_macro   0x000018f4       0x40 app.o
 .debug_macro   0x00001934       0xd7 app.o
 .debug_macro   0x00001a0b       0x16 app.o
 .debug_macro   0x00001a21      0x18b app.o
 .debug_macro   0x00001bac       0x16 app.o
 .debug_macro   0x00001bc2       0x16 app.o
 .debug_macro   0x00001bd8       0x29 app.o
 .debug_macro   0x00001c01       0xef app.o
 .debug_macro   0x00001cf0      0x1df app.o
 .debug_macro   0x00001ecf       0x39 app.o
 .debug_macro   0x00001f08       0x1c app.o
 .debug_macro   0x00001f24       0x22 app.o
 .debug_macro   0x00001f46       0xaf app.o
 .debug_macro   0x00001ff5      0x3ad app.o
 .debug_macro   0x000023a2      0x67e app.o
 .debug_macro   0x00002a20      0x8b1 app.o
 .debug_macro   0x000032d1      0x22e app.o
 .debug_macro   0x000034ff      0xd5c app.o
 .debug_macro   0x0000425b      0x4dc app.o
 .debug_macro   0x00004737      0x9f6 app.o
 .debug_macro   0x0000512d      0x82b app.o
 .debug_macro   0x00005958      0x45f app.o
 .debug_macro   0x00005db7       0x5e app.o
 .debug_macro   0x00005e15      0x8f9 app.o
 .debug_macro   0x0000670e      0x21c app.o
 .debug_macro   0x0000692a      0x735 app.o
 .debug_macro   0x0000705f       0x5e app.o
 .debug_macro   0x000070bd      0x632 app.o
 .debug_macro   0x000076ef      0x3ac app.o
 .debug_macro   0x00007a9b      0xc76 app.o
 .debug_macro   0x00008711     0x1092 app.o
 .debug_macro   0x000097a3      0xc4a app.o
 .debug_macro   0x0000a3ed      0x6ba app.o
 .debug_macro   0x0000aaa7     0x1b3d app.o
 .debug_macro   0x0000c5e4     0x143c app.o
 .debug_macro   0x0000da20      0x340 app.o
 .debug_macro   0x0000dd60       0x7c app.o
 .debug_macro   0x0000dddc       0xa0 app.o
 .debug_macro   0x0000de7c       0x4c app.o
 .debug_macro   0x0000dec8       0xca app.o
 .debug_macro   0x0000df92       0x94 app.o
 .debug_macro   0x0000e026       0x58 app.o
 .debug_macro   0x0000e07e      0x341 app.o
 .debug_macro   0x0000e3bf       0x82 app.o
 .debug_macro   0x0000e441      0x189 app.o
 .debug_macro   0x0000e5ca       0xb8 app.o
 .debug_macro   0x0000e682       0xa0 app.o
 .debug_macro   0x0000e722       0xb2 app.o
 .debug_macro   0x0000e7d4       0x1c app.o
 .debug_macro   0x0000e7f0       0x1c app.o
 .debug_macro   0x0000e80c       0x1c app.o
 .debug_macro   0x0000e828       0x7c app.o
 .debug_macro   0x0000e8a4      0x15a app.o
 .debug_macro   0x0000e9fe       0x10 app.o
 .debug_macro   0x0000ea0e       0xdc app.o
 .debug_macro   0x0000eaea      0x124 app.o
 .debug_macro   0x0000ec0e      0x124 app.o
 .debug_macro   0x0000ed32      0x124 app.o
 .debug_macro   0x0000ee56      0x124 app.o
 .debug_macro   0x0000ef7a      0x124 app.o
 .debug_macro   0x0000f09e      0x124 app.o
 .debug_macro   0x0000f1c2      0x124 app.o
 .debug_macro   0x0000f2e6       0xe2 app.o
 .debug_macro   0x0000f3c8       0xe2 app.o
 .debug_macro   0x0000f4aa       0xe2 app.o
 .debug_macro   0x0000f58c      0x12a app.o
 .debug_macro   0x0000f6b6      0x100 app.o
 .debug_macro   0x0000f7b6       0xf4 app.o
 .debug_macro   0x0000f8aa      0x40f app.o
 .debug_macro   0x0000fcb9       0x40 app.o
 .debug_macro   0x0000fcf9      0x376 app.o
 .debug_macro   0x0001006f     0x17df app.o
 .debug_macro   0x0001184e       0x6d app.o
 .debug_macro   0x000118bb       0x64 app.o
 .debug_macro   0x0001191f       0x10 app.o
 .debug_macro   0x0001192f       0x40 app.o
 .debug_macro   0x0001196f       0x82 app.o
 .debug_macro   0x000119f1       0x16 app.o
 .debug_macro   0x00011a07       0x7c app.o
 .debug_macro   0x00011a83       0xdc app.o
 .debug_macro   0x00011b5f       0xee app.o
 .debug_macro   0x00011c4d      0x30f clock.o
 .debug_macro   0x00011f5c       0x87 clock.o
 .debug_macro   0x00011fe3       0x51 clock.o
 .debug_macro   0x00012034       0xb5 clock.o
 .debug_macro   0x000120e9       0x1a delay.o
 .debug_macro   0x00012103      0x2fc Device_Startup/startup_samd21.o
 .debug_macro   0x000123ff      0x36e diskio.o
 .debug_macro   0x0001276d      0x2a1 ff.o
 .debug_macro   0x00012a0e       0xf5 ff.o
 .debug_macro   0x00012b03       0x8e ff.o
 .debug_macro   0x00012b91       0x58 ff.o
 .debug_macro   0x00012be9      0x30e main.o
 .debug_macro   0x00012ef7       0x10 main.o
 .debug_macro   0x00012f07      0x36c SD.o
 .debug_macro   0x00013273       0x7c SD.o
 .debug_macro   0x000132ef       0x3f SD.o
 .debug_macro   0x0001332e      0x31f SPI.o
 .debug_macro   0x0001364d      0x337 USART3.o

.debug_line     0x00000000     0x4c06
 .debug_line    0x00000000      0x8dc app.o
 .debug_line    0x000008dc      0x740 clock.o
 .debug_line    0x0000101c       0x49 delay.o
 .debug_line    0x00001065      0x6f7 Device_Startup/startup_samd21.o
 .debug_line    0x0000175c      0x7ec diskio.o
 .debug_line    0x00001f48      0xd37 ff.o
 .debug_line    0x00002c7f      0x6d8 main.o
 .debug_line    0x00003357      0x9a1 SD.o
 .debug_line    0x00003cf8      0x7a9 SPI.o
 .debug_line    0x000044a1      0x765 USART3.o

.debug_str      0x00000000    0x749ff
 .debug_str     0x00000000    0x71d55 app.o
                              0x72192 (size before relaxing)
 .debug_str     0x00071d55      0xa15 clock.o
                              0x6dc61 (size before relaxing)
 .debug_str     0x0007276a        0xd delay.o
                               0x2720 (size before relaxing)
 .debug_str     0x00072777      0xf3f Device_Startup/startup_samd21.o
                              0x6e1e9 (size before relaxing)
 .debug_str     0x000736b6      0x17f diskio.o
                              0x6d8af (size before relaxing)
 .debug_str     0x00073835      0x98b ff.o
                               0x394a (size before relaxing)
 .debug_str     0x000741c0        0xc main.o
                              0x6d1fd (size before relaxing)
 .debug_str     0x000741cc      0x1df SD.o
                              0x6d9f9 (size before relaxing)
 .debug_str     0x000743ab      0x603 SPI.o
                              0x6dd81 (size before relaxing)
 .debug_str     0x000749ae       0x51 USART3.o
                              0x6ddec (size before relaxing)

.debug_frame    0x00000000      0xba8
 .debug_frame   0x00000000       0x44 app.o
 .debug_frame   0x00000044       0x20 clock.o
 .debug_frame   0x00000064       0x20 delay.o
 .debug_frame   0x00000084       0x40 Device_Startup/startup_samd21.o
 .debug_frame   0x000000c4       0x9c diskio.o
 .debug_frame   0x00000160      0x5a8 ff.o
 .debug_frame   0x00000708       0x28 main.o
 .debug_frame   0x00000730      0x174 SD.o
 .debug_frame   0x000008a4       0x70 SPI.o
 .debug_frame   0x00000914       0x78 USART3.o
 .debug_frame   0x0000098c       0x20 c:/program files (x86)/atmel/studio/7.0/toolchain/arm/arm-gnu-toolchain/bin/../lib/gcc/arm-none-eabi/6.3.1/thumb/v6-m\libgcc.a(_udivsi3.o)
 .debug_frame   0x000009ac       0x3c c:/program files (x86)/atmel/studio/7.0/toolchain/arm/arm-gnu-toolchain/bin/../lib/gcc/arm-none-eabi/6.3.1/thumb/v6-m\libgcc.a(_udivmoddi4.o)
 .debug_frame   0x000009e8       0x2c c:/program files (x86)/atmel/studio/7.0/toolchain/arm/arm-gnu-toolchain/bin/../lib/gcc/arm-none-eabi/6.3.1/../../../../arm-none-eabi/lib/thumb/v6-m\libc.a(lib_a-init.o)
 .debug_frame   0x00000a14       0x54 c:/program files (x86)/atmel/studio/7.0/toolchain/arm/arm-gnu-toolchain/bin/../lib/gcc/arm-none-eabi/6.3.1/../../../../arm-none-eabi/lib/thumb/v6-m\libc.a(lib_a-__call_atexit.o)
 .debug_frame   0x00000a68       0x28 c:/program files (x86)/atmel/studio/7.0/toolchain/arm/arm-gnu-toolchain/bin/../lib/gcc/arm-none-eabi/6.3.1/../../../../arm-none-eabi/lib/thumb/v6-m\libc.a(lib_a-atexit.o)
 .debug_frame   0x00000a90       0x2c c:/program files (x86)/atmel/studio/7.0/toolchain/arm/arm-gnu-toolchain/bin/../lib/gcc/arm-none-eabi/6.3.1/../../../../arm-none-eabi/lib/thumb/v6-m\libc.a(lib_a-fini.o)
 .debug_frame   0x00000abc       0xb0 c:/program files (x86)/atmel/studio/7.0/toolchain/arm/arm-gnu-toolchain/bin/../lib/gcc/arm-none-eabi/6.3.1/../../../../arm-none-eabi/lib/thumb/v6-m\libc.a(lib_a-lock.o)
 .debug_frame   0x00000b6c       0x3c c:/program files (x86)/atmel/studio/7.0/toolchain/arm/arm-gnu-toolchain/bin/../lib/gcc/arm-none-eabi/6.3.1/../../../../arm-none-eabi/lib/thumb/v6-m\libc.a(lib_a-__atexit.o)
